Archive member included to satisfy reference by file (symbol)

/opt/devkitpro/libnds/lib/libfat.a(fat_wrappers.o)
                              main.o (fatInitDefault)
/opt/devkitpro/libnds/lib/libfat.a(dvm_calico.o)
                              /opt/devkitpro/libnds/lib/libfat.a(fat_wrappers.o) (dvmInit)
/opt/devkitpro/libnds/lib/libfat.a(dvm_disc.o)
                              /opt/devkitpro/libnds/lib/libfat.a(fat_wrappers.o) (dvmDiscCreate)
/opt/devkitpro/libnds/lib/libfat.a(dvm_cache.o)
                              /opt/devkitpro/libnds/lib/libfat.a(fat_wrappers.o) (dvmDiscCacheCreate)
/opt/devkitpro/libnds/lib/libfat.a(dvm_volume.o)
                              /opt/devkitpro/libnds/lib/libfat.a(fat_wrappers.o) (dvmMountVolume)
/opt/devkitpro/libnds/lib/libfat.a(dvm_prober.o)
                              /opt/devkitpro/libnds/lib/libfat.a(dvm_calico.o) (dvmProbeMountDisc)
/opt/devkitpro/libnds/lib/libfat.a(fat_driver.o)
                              /opt/devkitpro/libnds/lib/libfat.a(dvm_volume.o) (g_vfatFsDriver)
/opt/devkitpro/libnds/lib/libfat.a(ff.o)
                              /opt/devkitpro/libnds/lib/libfat.a(fat_driver.o) (f_mount)
/opt/devkitpro/libnds/lib/libfat.a(ffunicode.o)
                              /opt/devkitpro/libnds/lib/libfat.a(ff.o) (ff_uni2oem)
/opt/devkitpro/libnds/lib/libnds9.a(background.o)
                              main.o (bgState)
/opt/devkitpro/libnds/lib/libnds9.a(keys.o)
                              main.o (scanKeys)
/opt/devkitpro/libnds/lib/libnds9.a(trig.o)
                              /opt/devkitpro/libnds/lib/libnds9.a(background.o) (sinLerp)
/opt/devkitpro/calico/lib/libcalico_ds9.a(thread_cold.o)
                              main.o (threadIrqWait)
/opt/devkitpro/calico/lib/libcalico_ds9.a(thread_hot.32.o)
                              /opt/devkitpro/calico/lib/libcalico_ds9.a(thread_cold.o) (threadSwitchTo)
/opt/devkitpro/calico/lib/libcalico_ds9.a(mutex.o)
                              /opt/devkitpro/calico/lib/libcalico_ds9.a(thread_cold.o) (threadUpdateDynamicPrio)
/opt/devkitpro/calico/lib/libcalico_ds9.a(newlib_syscalls.o)
                              /opt/devkitpro/libnds/lib/libfat.a(fat_driver.o) (__errno)
/opt/devkitpro/calico/lib/libcalico_ds9.a(arm-copy-fill.32.o)
                              /opt/devkitpro/libnds/lib/libfat.a(dvm_calico.o) (armCopyMem32)
/opt/devkitpro/calico/lib/libcalico_ds9.a(arm-context.32.o)
                              /opt/devkitpro/calico/lib/libcalico_ds9.a(thread_hot.32.o) (armContextSave)
/opt/devkitpro/calico/lib/libcalico_ds9.a(arm-shims.32.o)
                              /opt/devkitpro/calico/lib/libcalico_ds9.a(thread_cold.o) (armWaitForIrq)
/opt/devkitpro/calico/lib/libcalico_ds9.a(startup.crt0.o)
                              /opt/devkitpro/libnds/lib/libfat.a(dvm_calico.o) (g_isTwlMode)
/opt/devkitpro/calico/lib/libcalico_ds9.a(utils.crt0.o)
                              /opt/devkitpro/calico/lib/libcalico_ds9.a(startup.crt0.o) (crt0CopyMem32)
/opt/devkitpro/calico/lib/libcalico_ds9.a(pxi.o)
                              /opt/devkitpro/calico/lib/libcalico_ds9.a(startup.crt0.o) (_pxiInit)
/opt/devkitpro/calico/lib/libcalico_ds9.a(keypad.o)
                              /opt/devkitpro/libnds/lib/libnds9.a(keys.o) (keypadGetState)
/opt/devkitpro/calico/lib/libcalico_ds9.a(bootstub_arm9.o)
                              (__ds9_bootstub)
/opt/devkitpro/calico/lib/libcalico_ds9.a(mpu_setup.crt0.o)
                              /opt/devkitpro/calico/lib/libcalico_ds9.a(startup.crt0.o) (crt0SetupMPU)
/opt/devkitpro/calico/lib/libcalico_ds9.a(sys_startup.o)
                              /opt/devkitpro/calico/lib/libcalico_ds9.a(startup.crt0.o) (systemStartup)
/opt/devkitpro/calico/lib/libcalico_ds9.a(excpt_handler.32.o)
                              /opt/devkitpro/calico/lib/libcalico_ds9.a(bootstub_arm9.o) (__arm_excpt_rst)
/opt/devkitpro/calico/lib/libcalico_ds9.a(touch.o)
                              /opt/devkitpro/libnds/lib/libnds9.a(keys.o) (touchRead)
/opt/devkitpro/calico/lib/libcalico_ds9.a(blk.o)
                              /opt/devkitpro/libnds/lib/libfat.a(dvm_calico.o) (blkInit)
/opt/devkitpro/calico/lib/libcalico_ds9.a(irq.o)
                              /opt/devkitpro/calico/lib/libcalico_ds9.a(pxi.o) (irqSet)
/opt/devkitpro/calico/lib/libcalico_ds9.a(tick.o)
                              /opt/devkitpro/calico/lib/libcalico_ds9.a(thread_cold.o) (tickTaskStart)
/opt/devkitpro/calico/lib/libcalico_ds9.a(mailbox.o)
                              /opt/devkitpro/calico/lib/libcalico_ds9.a(pxi.o) (mailboxTrySend)
/opt/devkitpro/calico/lib/libcalico_ds9.a(arm-cache.32.o)
                              /opt/devkitpro/calico/lib/libcalico_ds9.a(startup.crt0.o) (armDCacheFlushAll)
/opt/devkitpro/calico/lib/libcalico_ds9.a(irq_handler.32.o)
                              /opt/devkitpro/calico/lib/libcalico_ds9.a(bootstub_arm9.o) (__arm_excpt_irq)
/opt/devkitpro/calico/lib/libcalico_ds9.a(pm.o)
[...]
Memory Configuration

Name             Origin             Length             Attributes
lma9             0x02004000         0x0027c000
lma9i            0x02400000         0x00280000
vectors          0x00000000         0x00000020
itcm             0x01ff8020         0x00007fe0
main             0x02001000         0x00f7f000
dtcm             0x02ff0000         0x00003e80
dldi             0x0380b000         0x00004000
stub             0x0e000000         0x00004000
tls              0x00000000         0x00000400
*default*        0x00000000         0xffffffff

Linker script and memory map

                0x00000000                        __sync_synchronize = __sync_synchronize_none
LOAD /opt/devkitpro/devkitARM/lib/gcc/arm-none-eabi/16.1.0/thumb/crti.o
LOAD /opt/devkitpro/devkitARM/lib/gcc/arm-none-eabi/16.1.0/thumb/crtbegin.o
LOAD main.o
LOAD picojpeg.o
LOAD puff.o
LOAD /opt/devkitpro/libnds/lib/libfat.a
LOAD /opt/devkitpro/libnds/lib/libnds9.a
LOAD /opt/devkitpro/calico/lib/libcalico_ds9.a
START GROUP
LOAD /opt/devkitpro/devkitARM/lib/gcc/arm-none-eabi/16.1.0/thumb/libgcc.a
LOAD /opt/devkitpro/devkitARM/lib/gcc/arm-none-eabi/16.1.0/../../../../arm-none-eabi/lib/thumb/libg.a
LOAD /opt/devkitpro/devkitARM/lib/gcc/arm-none-eabi/16.1.0/../../../../arm-none-eabi/lib/thumb/libc.a
LOAD /opt/devkitpro/devkitARM/lib/gcc/arm-none-eabi/16.1.0/../../../../arm-none-eabi/lib/thumb/libsysbase.a
END GROUP
LOAD /opt/devkitpro/devkitARM/lib/gcc/arm-none-eabi/16.1.0/thumb/crtend.o
LOAD /opt/devkitpro/devkitARM/lib/gcc/arm-none-eabi/16.1.0/thumb/crtn.o
                0x02ff3e80                        PROVIDE (__sp_usr = (ORIGIN (dtcm) + LENGTH (dtcm)))
                0x02ff3f80                        PROVIDE (__sp_irq = (__sp_usr + 0x100))
                0x02ff3fc0                        PROVIDE (__sp_svc = (__sp_irq + 0x40))
                0x02ff3ff8                        PROVIDE (__irq_flags = (__sp_svc + 0x38))
                [!provide]                        PROVIDE (__irq_vector = (__sp_svc + 0x3c))
                [!provide]                        PROVIDE (__arm_excpt_rst = 0xffff0000)
                [!provide]                        PROVIDE (__arm_excpt_und = 0xffff0004)
                0xffff0008                        PROVIDE (__arm_excpt_svc = 0xffff0008)
                [!provide]                        PROVIDE (__arm_excpt_pabt = 0xffff000c)
                [!provide]                        PROVIDE (__arm_excpt_dabt = 0xffff0010)
                [!provide]                        PROVIDE (__arm_excpt_irq = 0xffff0018)
                [!provide]                        PROVIDE (__arm_excpt_fiq = 0xffff001c)
                0x00000000                        PROVIDE (__end__ = 0x0)

.secure         0x0e000000      0x800 load address 0x02004000
                0x0e0007fc                        . = (. + 0x7fc)
 *fill*         0x0e000000      0x7fc 00000000
                0x0e0007fc        0x4 LONG 0x0

.bootstub       0x0e000800      0x198 load address 0x02004800
 *(.bootstub .bootstub.*)
 .bootstub.__ds9_bootstub
                0x0e000800      0x198 /opt/devkitpro/calico/lib/libcalico_ds9.a(bootstub_arm9.o)
                0x0e000800                __ds9_bootstub
                0x0e000998                        . = ALIGN (0x4)

.crt0           0x02001000      0x3c0 load address 0x02004998
 *(.crt0 .crt0.*)
 .crt0.__ds9_bootstub_trampoline
                0x02001000       0x60 /opt/devkitpro/calico/lib/libcalico_ds9.a(bootstub_arm9.o)
 *.crt0.*(.text .stub .text.* .gnu.linkonce.t.*)
 .text.crt0ProcessLoadList
                0x02001060       0x74 /opt/devkitpro/calico/lib/libcalico_ds9.a(startup.crt0.o)
                0x02001060                crt0ProcessLoadList
 .text.crt0Startup
                0x020010d4      0x180 /opt/devkitpro/calico/lib/libcalico_ds9.a(startup.crt0.o)
                0x020010d4                crt0Startup
 .text.crt0CopyMem32
                0x02001254       0x4c /opt/devkitpro/calico/lib/libcalico_ds9.a(utils.crt0.o)
                0x02001254                crt0CopyMem32
 .text.crt0FillMem32
                0x020012a0       0x58 /opt/devkitpro/calico/lib/libcalico_ds9.a(utils.crt0.o)
                0x020012a0                crt0FillMem32
 .text.crt0SetupMPU
                0x020012f8       0xb4 /opt/devkitpro/calico/lib/libcalico_ds9.a(mpu_setup.crt0.o)
                0x020012f8                crt0SetupMPU
 *.crt0.*(.glue_7t .glue_7 .vfp11_veneer .v4_bx)
 *.crt0.*(.rodata .rodata.* .gnu.linkonce.r.*)
 *.crt0.*(.rodata1)
                0x020013c0                        . = ALIGN (0x20)
 *fill*         0x020013ac       0x14 ff
                0x02004998                        PROVIDE (__crt0_lma = LOADADDR (.crt0))
                0x02001000                        PROVIDE (__crt0_start = ADDR (.crt0))
                0x020013c0                        PROVIDE (__crt0_end = (ADDR (.crt0) + SIZEOF (.crt0)))
                0x00000001                        ASSERT (((__crt0_end <= LOADADDR (.bootstub)) || (__crt0_start >= (LOADADDR (.bootstub) + SIZEOF (.bootstub)))), Error: crt0 section overlaps initial bootstrap)

.dldi           0x0380b000     0x4000 load address 0x02004d58
 *(.dldi)
 .dldi          0x0380b000     0x4000 /opt/devkitpro/calico/lib/libcalico_ds9.a(dldi_stub.o)
                0x0380b000                __dldi_start
                0x02004d58                        PROVIDE (__dldi_lma = SIZEOF (.dldi)?LOADADDR (.dldi):0x0)

.vectors        0x00000000       0x20 load address 0x02008d58
 *(.vectors)
 .vectors       0x00000000       0x20 /opt/devkitpro/calico/lib/libcalico_ds9.a(bootstub_arm9.o)

.itcm           0x01ff8020      0x6c8 load address 0x02008d78
 *(.itcm .itcm.*)
 .itcm          0x01ff8020       0x30 /opt/devkitpro/calico/lib/libcalico_ds9.a(bootstub_arm9.o)
                0x01ff8038                __excpt_vectors
 *.itcm.*(.text .stub .text.* .gnu.linkonce.t.*)
 *.32.o(.text .stub .text.* .gnu.linkonce.t.*)
 .text.threadSwitchTo
                0x01ff8050       0x7c /opt/devkitpro/calico/lib/libcalico_ds9.a(thread_hot.32.o)
                0x01ff8050                threadSwitchTo
 .text.threadBlock
                0x01ff80cc       0xd4 /opt/devkitpro/calico/lib/libcalico_ds9.a(thread_hot.32.o)
                0x01ff80cc                threadBlock
 .text.threadUnblockOneByValue
                0x01ff81a0       0xd4 /opt/devkitpro/calico/lib/libcalico_ds9.a(thread_hot.32.o)
                0x01ff81a0                threadUnblockOneByValue
 .text.threadUnblockAllByValue
                0x01ff8274      0x138 /opt/devkitpro/calico/lib/libcalico_ds9.a(thread_hot.32.o)
                0x01ff8274                threadUnblockAllByValue
 .text.threadUnblockAllByMask
                0x01ff83ac       0xf0 /opt/devkitpro/calico/lib/libcalico_ds9.a(thread_hot.32.o)
                0x01ff83ac                threadUnblockAllByMask
 .text.armCopyMem32
                0x01ff849c       0x4c /opt/devkitpro/calico/lib/libcalico_ds9.a(arm-copy-fill.32.o)
                0x01ff849c                armCopyMem32
 .text.armContextSave
                0x01ff84e8       0x2c /opt/devkitpro/calico/lib/libcalico_ds9.a(arm-context.32.o)
                0x01ff84e8                armContextSave
 .text.armContextLoad
                0x01ff8514       0x20 /opt/devkitpro/calico/lib/libcalico_ds9.a(arm-context.32.o)
                0x01ff8514                armContextLoad
                0x01ff8518                armContextLoadFromSvc
 .text.armWaitForIrq
                0x01ff8534        0x8 /opt/devkitpro/calico/lib/libcalico_ds9.a(arm-shims.32.o)
                0x01ff8534                armWaitForIrq
 .text.__excpt_entry
                0x01ff853c       0x50 /opt/devkitpro/calico/lib/libcalico_ds9.a(excpt_handler.32.o)
                0x01ff853c                __arm_excpt_rst
                0x01ff8540                __arm_excpt_pabt
                0x01ff8544                __arm_excpt_und
                0x01ff8550                __arm_excpt_dabt
 .text.armDrainWriteBuffer
                0x01ff858c        0xc /opt/devkitpro/calico/lib/libcalico_ds9.a(arm-cache.32.o)
                0x01ff858c                armDrainWriteBuffer
 .text.armDCacheFlushAll
                0x01ff8598       0x28 /opt/devkitpro/calico/lib/libcalico_ds9.a(arm-cache.32.o)
                0x01ff8598                armDCacheFlushAll
 .text.armDCacheFlush
                0x01ff85c0       0x1c /opt/devkitpro/calico/lib/libcalico_ds9.a(arm-cache.32.o)
                0x01ff85c0                armDCacheFlush
 .text.armDCacheInvalidate
                0x01ff85dc       0x1c /opt/devkitpro/calico/lib/libcalico_ds9.a(arm-cache.32.o)
                0x01ff85dc                armDCacheInvalidate
 .text.armICacheInvalidateAll
                0x01ff85f8        0xc /opt/devkitpro/calico/lib/libcalico_ds9.a(arm-cache.32.o)
                0x01ff85f8                armICacheInvalidateAll
 .text.__arm_excpt_irq
                0x01ff8604       0xe4 /opt/devkitpro/calico/lib/libcalico_ds9.a(irq_handler.32.o)
                0x01ff8604                __arm_excpt_irq
 *.itcm.*(.glue_7t .glue_7 .vfp11_veneer .v4_bx)
 *.32.o(.glue_7t .glue_7 .vfp11_veneer .v4_bx)
 *.itcm.*(.rodata .rodata.* .gnu.linkonce.r.*)
 *.32.o(.rodata .rodata.* .gnu.linkonce.r.*)
 *.itcm.*(.rodata1)
 *.32.o(.rodata1)
                0x01ff86e8                        . = ALIGN (0x4)
                0x02008d58                        PROVIDE (__itcm_lma = LOADADDR (.vectors))
                0x01ff8000                        PROVIDE (__itcm_start = (ADDR (.itcm) - SIZEOF (.vectors)))
                0x01ff86e8                        PROVIDE (__itcm_end = (ADDR (.itcm) + SIZEOF (.itcm)))
                0x00000001                        ASSERT (((__itcm_lma + SIZEOF (.vectors)) == LOADADDR (.itcm)), Error: gap between vectors and itcm)

.dtcm           0x02ff0000        0x0 load address 0x02009440
 *(.dtcm .dtcm.*)
 *.32.o(.data .data.* .gnu.linkonce.d.*)
 *.32.o(.data1)
                0x02ff0000                        . = ALIGN (0x4)
                [!provide]                        PROVIDE (__dtcm_lma = LOADADDR (.dtcm))
                0x02ff0000                        PROVIDE (__dtcm_start = ADDR (.dtcm))
                0x02ff0000                        PROVIDE (__dtcm_end = (ADDR (.dtcm) + SIZEOF (.dtcm)))

.dtcm.bss       0x02ff0000       0x98 load address 0x02009440
 *(.sbss .sbss.*)
 *.32.o(.dynbss)
 *.32.o(.bss .bss.* .gnu.linkonce.b.*)
 .bss.__irq_table
                0x02ff0000       0x80 /opt/devkitpro/calico/lib/libcalico_ds9.a(thread_hot.32.o)
                0x02ff0000                __irq_table
 .bss.__sched_state
                0x02ff0080       0x18 /opt/devkitpro/calico/lib/libcalico_ds9.a(thread_hot.32.o)
                0x02ff0080                __sched_state
 *.32.o(COMMON)
                0x02ff0098                        . = ALIGN (0x4)
                [!provide]                        PROVIDE (__dtcm_bss_start = ADDR (.dtcm.bss))
                0x02ff0098                        PROVIDE (__dtcm_bss_end = (ADDR (.dtcm.bss) + SIZEOF (.dtcm.bss)))

.main           0x020013c0    0x30494 load address 0x02009440
 *(SORT_NONE(.init))
 .init          0x020013c0        0x4 /opt/devkitpro/devkitARM/lib/gcc/arm-none-eabi/16.1.0/thumb/crti.o
                0x020013c0                _init
 .init          0x020013c4        0x8 /opt/devkitpro/devkitARM/lib/gcc/arm-none-eabi/16.1.0/thumb/crtn.o
 EXCLUDE_FILE(*.twl.*) *(.text.unlikely .text.*_unlikely .text.unlikely.*)
 EXCLUDE_FILE(*.twl.*) *(.text.exit .text.exit.*)
 .text.exit     0x020013cc       0x24 /opt/devkitpro/devkitARM/lib/gcc/arm-none-eabi/16.1.0/../../../../arm-none-eabi/lib/thumb/libg.a(libc_a-exit.o)
                0x020013cc                exit
 EXCLUDE_FILE(*.twl.*) *(.text.startup .text.startup.*)
 .text.startup.main
                0x020013f0     0x3884 main.o
                0x020013f0                main
 EXCLUDE_FILE(*.twl.*) *(.text.hot .text.hot.*)
 EXCLUDE_FILE(*.twl.*) *(.text .iplt .stub .text.* .gnu.linkonce.t.*)
 .text.__do_global_dtors_aux
                0x02004c74       0x2c /opt/devkitpro/devkitARM/lib/gcc/arm-none-eabi/16.1.0/thumb/crtbegin.o
 .text.frame_dummy
                0x02004ca0       0x24 /opt/devkitpro/devkitARM/lib/gcc/arm-none-eabi/16.1.0/thumb/crtbegin.o
 .iplt          0x02004cc4        0x0 /opt/devkitpro/devkitARM/lib/gcc/arm-none-eabi/16.1.0/thumb/crtbegin.o
 .text.repartition
                0x02004cc4       0x94 main.o
 .text.list_navigate
                0x02004d58       0xfc main.o
 .text.grid_navigate
                0x02004e54      0x118 main.o
 .text.preview_free
                0x02004f6c       0x2c main.o
 .text.theme_find_or_add
                0x02004f98       0x7c main.o
 .text.jpg_close
                0x02005014       0x18 main.o
 .text.theme_render_photo
                0x0200502c      0x110 main.o
 .text.build_page_list
                0x0200513c       0xf0 main.o
 .text.wbe32    0x0200522c       0x30 main.o
 .text.pj_read  0x0200525c       0x24 main.o
 .text.copy_file
                0x02005280       0x70 main.o
 .text.copy_dir_recursive
                0x020052f0       0xf4 main.o
 .text.decode_png_mem
                0x020053e4      0x800 main.o
 .text.read_png
                0x02005be4      0x328 main.o
 .text.twl_set_theme
                0x02005f0c      0x1f0 main.o
 .text.build_theme_list
                0x020060fc      0x1c4 main.o
 .text.wait_keys
                0x020062c0       0x1c main.o
 .text.bgGetGfxPtr
                0x020062dc       0x64 main.o
 .text.find_dir.constprop.0
                0x02006340       0xe4 main.o
 .text.find_file.constprop.0
                0x02006424       0xe0 main.o
 .text.theme_top_png_path.constprop.0
                0x02006504       0x70 main.o
 .text.tv_top_paths.constprop.0
                0x02006574       0xa4 main.o
 .text.twl_get_theme.constprop.0
                0x02006618      0x154 main.o
 .text.fb_dim_rect.constprop.0
                0x0200676c       0x94 main.o
 .text.make_out_name.constprop.0
                0x02006800       0x5c main.o
 .text.read_png_full.constprop.0
                0x0200685c       0xa4 main.o
 .text.pcache_decode.part.0
                0x02006900      0x164 main.o
 .text.fb_rect  0x02006a64       0x78 main.o
 .text.fb_text  0x02006adc       0xcc main.o
 .text.fb_blit_rgb
                0x02006ba8       0xcc main.o
 .text.fb_pill.constprop.0
                0x02006c74      0x180 main.o
 .text.fb_corner_btn.constprop.0.isra.0
                0x02006df4       0xf4 main.o
 .text.wchunk   0x02006ee8      0x138 main.o
 .text.write_png
                0x02007020      0x214 main.o
 .text.fb_button_arrow.constprop.0.isra.0
                0x02007234      0x10c main.o
 .text.fb_button.constprop.0.isra.0
                0x02007340      0x12c main.o
 .text.draw_hint_glyph
                0x0200746c       0x60 main.o
 .text.redraw_grid_info
                0x020074cc       0xb4 main.o
 .text.draw_footer_hints
                0x02007580       0x90 main.o
 .text.enter_menu_chrome
                0x02007610       0x8c main.o
 .text.message_screen
                0x0200769c       0xc0 main.o
 .text.draw_riddle
                0x0200775c      0x104 main.o
 .text.draw_footer_2col.constprop.0
                0x02007860       0xc0 main.o
 .text.redraw_preview
                0x02007920       0x80 main.o
 .text.redraw_menu
                0x020079a0       0xf8 main.o
 .text.grid_draw_cell
                0x02007a98      0x2d8 main.o
 .text.redraw_rows
                0x02007d70      0x278 main.o
 .text.draw_variant_list.constprop.0
                0x02007fe8      0x224 main.o
 .text.draw_chrome
                0x0200820c      0x110 main.o
 .text.draw_theme_list
                0x0200831c      0x2a8 main.o
 .text.decode_jpeg_preview
                0x020085c4      0x1f0 main.o
 .text.thumb_load.part.0.isra.0
                0x020087b4      0x154 main.o
 .text.grid_preload_window
                0x02008908      0x13c main.o
 .text.grid_frame_update.isra.0
                0x02008a44      0x3e4 main.o
 .text.decode_jpeg
                0x02008e28      0x38c main.o
 .text.convert_entry.part.0
                0x020091b4      0x128 main.o
 .text.draw_theme_preview
                0x020092dc      0x164 main.o
 .text.upsampleCb
                0x02009440      0x1b4 picojpeg.o
 .text.upsampleCbH
                0x020095f4      0x108 picojpeg.o
 .text.upsampleCbV
                0x020096fc      0x10c picojpeg.o
 .text.upsampleCr
                0x02009808      0x1b4 picojpeg.o
 .text.upsampleCrH
                0x020099bc      0x100 picojpeg.o
 .text.upsampleCrV
                0x02009abc      0x11c picojpeg.o
 .text.getChar  0x02009bd8       0x78 picojpeg.o
 .text.getOctet
                0x02009c50       0x50 picojpeg.o
 .text.getBits  0x02009ca0       0x94 picojpeg.o
 .text.getBit   0x02009d34       0x34 picojpeg.o
 .text.huffDecode
                0x02009d68       0x5c picojpeg.o
 .text.getBits.constprop.0
                0x02009dc4       0x3c picojpeg.o
 .text.processMarkers
                0x02009e00      0x2e8 picojpeg.o
 .text.pjpeg_decode_mcu
                0x0200a0e8     0x11a0 picojpeg.o
                0x0200a0e8                pjpeg_decode_mcu
 .text.pjpeg_decode_init
                0x0200b288      0x65c picojpeg.o
                0x0200b288                pjpeg_decode_init
 .text.bits     0x0200b8e4       0x4c puff.o
 .text.decode   0x0200b930       0xb0 puff.o
 .text.codes    0x0200b9e0      0x110 puff.o
 .text.construct.isra.0
                0x0200baf0       0x98 puff.o
 .text.puff     0x0200bb88      0x4d0 puff.o
                0x0200bb88                puff
 .text.fatInitDefault
                0x0200c058       0x20 /opt/devkitpro/libnds/lib/libfat.a(fat_wrappers.o)
                0x0200c058                fatInitDefault
 .text._dvmDiscCalicoDummy
                0x0200c078        0x4 /opt/devkitpro/libnds/lib/libfat.a(dvm_calico.o)
 .text._dvmDiscCalicoWriteSectors
                0x0200c07c        0x8 /opt/devkitpro/libnds/lib/libfat.a(dvm_calico.o)
 .text._dvmDiscCalicoReadSectors
                0x0200c084        0x8 /opt/devkitpro/libnds/lib/libfat.a(dvm_calico.o)
 .text._dvmIsAlignedAccess
                0x0200c08c       0x30 /opt/devkitpro/libnds/lib/libfat.a(dvm_calico.o)
                0x0200c08c                _dvmIsAlignedAccess
 .text._dvmCacheCopy
                0x0200c0bc       0x14 /opt/devkitpro/libnds/lib/libfat.a(dvm_calico.o)
                0x0200c0bc                _dvmCacheCopy
 .text.dvmInit  0x0200c0d0      0x268 /opt/devkitpro/libnds/lib/libfat.a(dvm_calico.o)
                0x0200c0d0                dvmInit
 .text.dvmDiscAddUser
                0x0200c338       0x10 /opt/devkitpro/libnds/lib/libfat.a(dvm_disc.o)
                0x0200c338                dvmDiscAddUser
 .text.dvmDiscRemoveUser
                0x0200c348       0x24 /opt/devkitpro/libnds/lib/libfat.a(dvm_disc.o)
                0x0200c348                dvmDiscRemoveUser
 .text._dvmDiscCacheReadWrite
                0x0200c36c      0x408 /opt/devkitpro/libnds/lib/libfat.a(dvm_cache.o)
 .text._dvmDiscCacheWriteSectors
                0x0200c774       0x58 /opt/devkitpro/libnds/lib/libfat.a(dvm_cache.o)
 .text._dvmDiscCacheReadSectors
                0x0200c7cc       0x58 /opt/devkitpro/libnds/lib/libfat.a(dvm_cache.o)
 .text._dvmDiscCacheFlush
                0x0200c824       0xb0 /opt/devkitpro/libnds/lib/libfat.a(dvm_cache.o)
 .text._dvmDiscCacheDestroy
                0x0200c8d4       0x28 /opt/devkitpro/libnds/lib/libfat.a(dvm_cache.o)
 .text.dvmDiscCacheCreate
                0x0200c8fc      0x1ac /opt/devkitpro/libnds/lib/libfat.a(dvm_cache.o)
                0x0200c8fc                dvmDiscCacheCreate
 .text.dvmMountVolume
                0x0200caa8      0x188 /opt/devkitpro/libnds/lib/libfat.a(dvm_volume.o)
                0x0200caa8                dvmMountVolume
 .text._dvmSetAppWorkingDir
                0x0200cc30       0x74 /opt/devkitpro/libnds/lib/libfat.a(dvm_volume.o)
                0x0200cc30                _dvmSetAppWorkingDir
 .text._dvmIdentMbrVbr
                0x0200cca4      0x1d8 /opt/devkitpro/libnds/lib/libfat.a(dvm_prober.o)
 .text.dvmReadPartitionTable
                0x0200ce7c      0x238 /opt/devkitpro/libnds/lib/libfat.a(dvm_prober.o)
                0x0200ce7c                dvmReadPartitionTable
 .text.dvmProbeMountDisc
                0x0200d0b4       0xcc /opt/devkitpro/libnds/lib/libfat.a(dvm_prober.o)
                0x0200d0b4                dvmProbeMountDisc
 .text._FAT_fstat_r
                0x0200d180       0xbc /opt/devkitpro/libnds/lib/libfat.a(fat_driver.o)
 .text._FAT_umount
                0x0200d23c       0x1c /opt/devkitpro/libnds/lib/libfat.a(fat_driver.o)
 .text._FAT_mount
                0x0200d258       0x44 /opt/devkitpro/libnds/lib/libfat.a(fat_driver.o)
 .text._FAT_seek_r
                0x0200d29c      0x13c /opt/devkitpro/libnds/lib/libfat.a(fat_driver.o)
 .text._FAT_set_stat
                0x0200d3d8      0x104 /opt/devkitpro/libnds/lib/libfat.a(fat_driver.o)
 .text._FAT_mkdir_r
                0x0200d4dc       0x64 /opt/devkitpro/libnds/lib/libfat.a(fat_driver.o)
 .text._FAT_chdir_r
                0x0200d540       0x64 /opt/devkitpro/libnds/lib/libfat.a(fat_driver.o)
 .text._FAT_unlink_r
                0x0200d5a4       0x70 /opt/devkitpro/libnds/lib/libfat.a(fat_driver.o)
 .text._FAT_rmdir_r
                0x0200d614       0x6c /opt/devkitpro/libnds/lib/libfat.a(fat_driver.o)
 .text._FAT_diropen_r
                0x0200d680       0x7c /opt/devkitpro/libnds/lib/libfat.a(fat_driver.o)
 .text._FAT_fsync_r
                0x0200d6fc       0x64 /opt/devkitpro/libnds/lib/libfat.a(fat_driver.o)
 .text._FAT_close_r
                0x0200d760       0x64 /opt/devkitpro/libnds/lib/libfat.a(fat_driver.o)
 .text._FAT_dirclose_r
                0x0200d7c4       0x64 /opt/devkitpro/libnds/lib/libfat.a(fat_driver.o)
 .text._FAT_dirreset_r
                0x0200d828       0x6c /opt/devkitpro/libnds/lib/libfat.a(fat_driver.o)
 .text._FAT_rename_r
                0x0200d894       0x80 /opt/devkitpro/libnds/lib/libfat.a(fat_driver.o)
 .text._FAT_stat_r
                0x0200d914       0x94 /opt/devkitpro/libnds/lib/libfat.a(fat_driver.o)
 .text._FAT_read_r
                0x0200d9a8       0x7c /opt/devkitpro/libnds/lib/libfat.a(fat_driver.o)
 .text._FAT_write_r
                0x0200da24       0x7c /opt/devkitpro/libnds/lib/libfat.a(fat_driver.o)
 .text._FAT_statvfs_r
                0x0200daa0       0xf4 /opt/devkitpro/libnds/lib/libfat.a(fat_driver.o)
 .text._FAT_ftruncate_r
                0x0200db94      0x190 /opt/devkitpro/libnds/lib/libfat.a(fat_driver.o)
 .text._FAT_dirnext_r
                0x0200dd24      0x120 /opt/devkitpro/libnds/lib/libfat.a(fat_driver.o)
 .text._FAT_open_r
                0x0200de44      0x124 /opt/devkitpro/libnds/lib/libfat.a(fat_driver.o)
 .text.get_fattime
                0x0200df68       0x64 /opt/devkitpro/libnds/lib/libfat.a(fat_driver.o)
                0x0200df68                get_fattime
 .text.ff_mutex_create
                0x0200dfcc       0x18 /opt/devkitpro/libnds/lib/libfat.a(fat_driver.o)
                0x0200dfcc                ff_mutex_create
 .text.ff_mutex_delete
                0x0200dfe4        0x4 /opt/devkitpro/libnds/lib/libfat.a(fat_driver.o)
                0x0200dfe4                ff_mutex_delete
 .text.ff_mutex_take
                0x0200dfe8       0x14 /opt/devkitpro/libnds/lib/libfat.a(fat_driver.o)
                0x0200dfe8                ff_mutex_take
 .text.ff_mutex_give
                0x0200dffc        0x8 /opt/devkitpro/libnds/lib/libfat.a(fat_driver.o)
                0x0200dffc                ff_mutex_give
 .text.disk_initialize
                0x0200e004       0x24 /opt/devkitpro/libnds/lib/libfat.a(fat_driver.o)
                0x0200e004                disk_initialize
 .text.disk_status
                0x0200e028       0x24 /opt/devkitpro/libnds/lib/libfat.a(fat_driver.o)
                0x0200e028                disk_status
 .text.disk_read
                0x0200e04c       0x2c /opt/devkitpro/libnds/lib/libfat.a(fat_driver.o)
                0x0200e04c                disk_read
 .text.disk_write
                0x0200e078       0x2c /opt/devkitpro/libnds/lib/libfat.a(fat_driver.o)
                0x0200e078                disk_write
 .text.disk_ioctl
                0x0200e0a4       0x38 /opt/devkitpro/libnds/lib/libfat.a(fat_driver.o)
                0x0200e0a4                disk_ioctl
 .text.tchar2uni
                0x0200e0dc       0xfc /opt/devkitpro/libnds/lib/libfat.a(ff.o)
 .text.sync_window
                0x0200e1d8       0x90 /opt/devkitpro/libnds/lib/libfat.a(ff.o)
 .text.put_utf  0x0200e268      0x130 /opt/devkitpro/libnds/lib/libfat.a(ff.o)
 .text.dir_clear
                0x0200e398       0x9c /opt/devkitpro/libnds/lib/libfat.a(ff.o)
 .text.get_fileinfo
                0x0200e434      0x28c /opt/devkitpro/libnds/lib/libfat.a(ff.o)
 .text.sync_fs  0x0200e6c0      0x180 /opt/devkitpro/libnds/lib/libfat.a(ff.o)
 .text.move_window
                0x0200e840       0xc4 /opt/devkitpro/libnds/lib/libfat.a(ff.o)
 .text.put_fat.part.0
                0x0200e904      0x1dc /opt/devkitpro/libnds/lib/libfat.a(ff.o)
 .text.get_fat.isra.0
                0x0200eae0      0x160 /opt/devkitpro/libnds/lib/libfat.a(ff.o)
 .text.remove_chain
                0x0200ec40       0xf4 /opt/devkitpro/libnds/lib/libfat.a(ff.o)
 .text.create_chain
                0x0200ed34      0x21c /opt/devkitpro/libnds/lib/libfat.a(ff.o)
 .text.dir_next
                0x0200ef50      0x170 /opt/devkitpro/libnds/lib/libfat.a(ff.o)
 .text.dir_read
                0x0200f0c0      0x248 /opt/devkitpro/libnds/lib/libfat.a(ff.o)
 .text.dir_sdi  0x0200f308      0x128 /opt/devkitpro/libnds/lib/libfat.a(ff.o)
 .text.dir_alloc
                0x0200f430       0xcc /opt/devkitpro/libnds/lib/libfat.a(ff.o)
 .text.dir_remove
                0x0200f4fc       0xc4 /opt/devkitpro/libnds/lib/libfat.a(ff.o)
 .text.dir_find
                0x0200f5c0      0x2f8 /opt/devkitpro/libnds/lib/libfat.a(ff.o)
 .text.follow_path
                0x0200f8b8      0x590 /opt/devkitpro/libnds/lib/libfat.a(ff.o)
 .text.dir_register
                0x0200fe48      0x434 /opt/devkitpro/libnds/lib/libfat.a(ff.o)
 .text.check_fs
                0x0201027c      0x1ec /opt/devkitpro/libnds/lib/libfat.a(ff.o)
 .text.mount_volume.part.0
                0x02010468      0x504 /opt/devkitpro/libnds/lib/libfat.a(ff.o)
 .text.validate
                0x0201096c       0xbc /opt/devkitpro/libnds/lib/libfat.a(ff.o)
 .text.f_mount  0x02010a28       0x6c /opt/devkitpro/libnds/lib/libfat.a(ff.o)
                0x02010a28                f_mount
 .text.f_umount
                0x02010a94       0x38 /opt/devkitpro/libnds/lib/libfat.a(ff.o)
                0x02010a94                f_umount
 .text.f_open   0x02010acc      0x400 /opt/devkitpro/libnds/lib/libfat.a(ff.o)
                0x02010acc                f_open
 .text.f_read   0x02010ecc      0x2a4 /opt/devkitpro/libnds/lib/libfat.a(ff.o)
                0x02010ecc                f_read
 .text.f_write  0x02011170      0x350 /opt/devkitpro/libnds/lib/libfat.a(ff.o)
                0x02011170                f_write
 .text.f_sync   0x020114c0      0x1a0 /opt/devkitpro/libnds/lib/libfat.a(ff.o)
                0x020114c0                f_sync
 .text.f_close  0x02011660       0x58 /opt/devkitpro/libnds/lib/libfat.a(ff.o)
                0x02011660                f_close
 .text.f_chdir  0x020116b8       0xf0 /opt/devkitpro/libnds/lib/libfat.a(ff.o)
                0x020116b8                f_chdir
 .text.f_lseek  0x020117a8      0x298 /opt/devkitpro/libnds/lib/libfat.a(ff.o)
                0x020117a8                f_lseek
 .text.f_opendir
                0x02011a40      0x12c /opt/devkitpro/libnds/lib/libfat.a(ff.o)
                0x02011a40                f_opendir
 .text.f_closedir
                0x02011b6c       0xb0 /opt/devkitpro/libnds/lib/libfat.a(ff.o)
                0x02011b6c                f_closedir
 .text.f_readdir
                0x02011c1c       0xd0 /opt/devkitpro/libnds/lib/libfat.a(ff.o)
                0x02011c1c                f_readdir
 .text.f_stat   0x02011cec      0x104 /opt/devkitpro/libnds/lib/libfat.a(ff.o)
                0x02011cec                f_stat
 .text.f_getfree
                0x02011df0      0x184 /opt/devkitpro/libnds/lib/libfat.a(ff.o)
                0x02011df0                f_getfree
 .text.f_truncate
                0x02011f74      0x228 /opt/devkitpro/libnds/lib/libfat.a(ff.o)
                0x02011f74                f_truncate
 .text.f_unlink
                0x0201219c      0x1a4 /opt/devkitpro/libnds/lib/libfat.a(ff.o)
                0x0201219c                f_unlink
 .text.f_mkdir  0x02012340      0x294 /opt/devkitpro/libnds/lib/libfat.a(ff.o)
                0x02012340                f_mkdir
 .text.f_rename
                0x020125d4      0x248 /opt/devkitpro/libnds/lib/libfat.a(ff.o)
                0x020125d4                f_rename
 .text.ff_uni2oem
                0x0201281c       0x78 /opt/devkitpro/libnds/lib/libfat.a(ffunicode.o)
                0x0201281c                ff_uni2oem
 .text.ff_oem2uni
                0x02012894       0x40 /opt/devkitpro/libnds/lib/libfat.a(ffunicode.o)
                0x02012894                ff_oem2uni
 .text.ff_wtoupper
                0x020128d4      0x128 /opt/devkitpro/libnds/lib/libfat.a(ffunicode.o)
                0x020128d4                ff_wtoupper
 .text.checkIfText
                0x020129fc       0x6c /opt/devkitpro/libnds/lib/libnds9.a(background.o)
                0x020129fc                checkIfText
 .text.bgUpdate
                0x02012a68       0xe8 /opt/devkitpro/libnds/lib/libnds9.a(background.o)
                0x02012a68                bgUpdate
 .text.bgInit_call
                0x02012b50       0xa8 /opt/devkitpro/libnds/lib/libnds9.a(background.o)
                0x02012b50                bgInit_call
 .text.bgInitSub_call
                0x02012bf8       0xb0 /opt/devkitpro/libnds/lib/libnds9.a(background.o)
                0x02012bf8                bgInitSub_call
 .text.scanKeys
                0x02012ca8       0x6c /opt/devkitpro/libnds/lib/libnds9.a(keys.o)
                0x02012ca8                scanKeys
 .text.keysHeld
                0x02012d14        0xc /opt/devkitpro/libnds/lib/libnds9.a(keys.o)
                0x02012d14                keysHeld
 .text.keysDown
                0x02012d20       0x10 /opt/devkitpro/libnds/lib/libnds9.a(keys.o)
                0x02012d20                keysDown
 .text.keysDownRepeat
                0x02012d30       0x10 /opt/devkitpro/libnds/lib/libnds9.a(keys.o)
                0x02012d30                keysDownRepeat
 .text.keysSetRepeat
                0x02012d40       0x24 /opt/devkitpro/libnds/lib/libnds9.a(keys.o)
                0x02012d40                keysSetRepeat
 .text.sinLutLookup
                0x02012d64       0x4c /opt/devkitpro/libnds/lib/libnds9.a(trig.o)
                0x02012d64                sinLutLookup
 .text.sinLerp  0x02012db0       0x38 /opt/devkitpro/libnds/lib/libnds9.a(trig.o)
                0x02012db0                sinLerp
 .text.cosLerp  0x02012de8       0x44 /opt/devkitpro/libnds/lib/libnds9.a(trig.o)
                0x02012de8                cosLerp
 .text._threadTickTask
                0x02012e2c       0x10 /opt/devkitpro/calico/lib/libcalico_ds9.a(thread_cold.o)
 .text.threadExit
                0x02012e3c       0xa0 /opt/devkitpro/calico/lib/libcalico_ds9.a(thread_cold.o)
                0x02012e3c                threadExit
 .text._threadInit
                0x02012edc       0x98 /opt/devkitpro/calico/lib/libcalico_ds9.a(thread_cold.o)
                0x02012edc                _threadInit
 .text.threadPrepare
                0x02012f74      0x134 /opt/devkitpro/calico/lib/libcalico_ds9.a(thread_cold.o)
                0x02012f74                threadPrepare
 .text.threadStart
                0x020130a8       0x94 /opt/devkitpro/calico/lib/libcalico_ds9.a(thread_cold.o)
                0x020130a8                threadStart
 .text.threadIrqWait
                0x0201313c       0xa4 /opt/devkitpro/calico/lib/libcalico_ds9.a(thread_cold.o)
                0x0201313c                threadIrqWait
 .text.threadSleepTicks
                0x020131e0       0x58 /opt/devkitpro/calico/lib/libcalico_ds9.a(thread_cold.o)
                0x020131e0                threadSleepTicks
 .text.threadUpdateDynamicPrio
                0x02013238      0x1d4 /opt/devkitpro/calico/lib/libcalico_ds9.a(mutex.o)
                0x02013238                threadUpdateDynamicPrio
 .text.threadRemoveWaiter
                0x0201340c      0x148 /opt/devkitpro/calico/lib/libcalico_ds9.a(mutex.o)
 .text.mutexLock
                0x02013554      0x138 /opt/devkitpro/calico/lib/libcalico_ds9.a(mutex.o)
                0x02013554                mutexLock
 .text.mutexUnlock
                0x0201368c       0xbc /opt/devkitpro/calico/lib/libcalico_ds9.a(mutex.o)
                0x0201368c                mutexUnlock
 .text.__syscall_getreent
                0x02013748       0x14 /opt/devkitpro/calico/lib/libcalico_ds9.a(newlib_syscalls.o)
                0x02013748                __syscall_getreent
 .text.__errno  0x0201375c       0x24 /opt/devkitpro/calico/lib/libcalico_ds9.a(newlib_syscalls.o)
                0x0201375c                __errno
 .text.__syscall_gettod_r
                0x02013780       0x30 /opt/devkitpro/calico/lib/libcalico_ds9.a(newlib_syscalls.o)
                0x02013780                __syscall_gettod_r
 .text.__syscall_lock_acquire
                0x020137b0        0x4 /opt/devkitpro/calico/lib/libcalico_ds9.a(newlib_syscalls.o)
                0x020137b0                __syscall_lock_acquire
 .text.__syscall_lock_release
                0x020137b4        0x4 /opt/devkitpro/calico/lib/libcalico_ds9.a(newlib_syscalls.o)
                0x020137b4                __syscall_lock_release
 .text.__syscall_lock_acquire_recursive
                0x020137b8       0x4c /opt/devkitpro/calico/lib/libcalico_ds9.a(newlib_syscalls.o)
                0x020137b8                __syscall_lock_acquire_recursive
 .text.__syscall_lock_release_recursive
                0x02013804       0x18 /opt/devkitpro/calico/lib/libcalico_ds9.a(newlib_syscalls.o)
                0x02013804                __syscall_lock_release_recursive
 .text._pxiMailboxHandler
                0x0201381c        0x4 /opt/devkitpro/calico/lib/libcalico_ds9.a(pxi.o)
 .text._pxiRecvUnhandled
                0x02013820        0x4 /opt/devkitpro/calico/lib/libcalico_ds9.a(pxi.o)
                0x02013820                _pxiRecvUnhandled
 .text._pxiRecvIrqHandler
                0x02013824      0x154 /opt/devkitpro/calico/lib/libcalico_ds9.a(pxi.o)
 .text._pxiInit
                0x02013978       0x58 /opt/devkitpro/calico/lib/libcalico_ds9.a(pxi.o)
                0x02013978                _pxiInit
 .text.pxiSetHandler
                0x020139d0       0x74 /opt/devkitpro/calico/lib/libcalico_ds9.a(pxi.o)
                0x020139d0                pxiSetHandler
 .text.pxiSetMailbox
                0x02013a44       0x68 /opt/devkitpro/calico/lib/libcalico_ds9.a(pxi.o)
                0x02013a44                pxiSetMailbox
 .text.pxiWaitRemote
                0x02013aac       0x38 /opt/devkitpro/calico/lib/libcalico_ds9.a(pxi.o)
                0x02013aac                pxiWaitRemote
 .text.pxiSendPacket
                0x02013ae4       0x50 /opt/devkitpro/calico/lib/libcalico_ds9.a(pxi.o)
                0x02013ae4                pxiSendPacket
 .text.pxiSendExtPacket
                0x02013b34       0x98 /opt/devkitpro/calico/lib/libcalico_ds9.a(pxi.o)
                0x02013b34                pxiSendExtPacket
 .text.pxiBeginReceive
                0x02013bcc       0x2c /opt/devkitpro/calico/lib/libcalico_ds9.a(pxi.o)
                0x02013bcc                pxiBeginReceive
 .text.pxiEndReceive
                0x02013bf8       0xac /opt/devkitpro/calico/lib/libcalico_ds9.a(pxi.o)
                0x02013bf8                pxiEndReceive
 .text.keypadGetState
                0x02013ca4       0x28 /opt/devkitpro/calico/lib/libcalico_ds9.a(keypad.o)
                0x02013ca4                keypadGetState
 .text.systemUserStartup
                0x02013ccc        0x4 /opt/devkitpro/calico/lib/libcalico_ds9.a(sys_startup.o)
                0x02013ccc                systemUserStartup
 .text.systemStartup
                0x02013cd0      0x110 /opt/devkitpro/calico/lib/libcalico_ds9.a(sys_startup.o)
                0x02013cd0                systemStartup
 .text.touchRead
                0x02013de0       0x58 /opt/devkitpro/calico/lib/libcalico_ds9.a(touch.o)
                0x02013de0                touchRead
 .text._blkDevReadWriteSectors
                0x02013e38       0x44 /opt/devkitpro/calico/lib/libcalico_ds9.a(blk.o)
 .text.blkInit  0x02013e7c        0x8 /opt/devkitpro/calico/lib/libcalico_ds9.a(blk.o)
                0x02013e7c                blkInit
 .text.blkDevIsPresent
                0x02013e84       0x30 /opt/devkitpro/calico/lib/libcalico_ds9.a(blk.o)
                0x02013e84                blkDevIsPresent
 .text.blkDevInit
                0x02013eb4       0x30 /opt/devkitpro/calico/lib/libcalico_ds9.a(blk.o)
                0x02013eb4                blkDevInit
 .text.blkDevGetSectorCount
                0x02013ee4       0x34 /opt/devkitpro/calico/lib/libcalico_ds9.a(blk.o)
                0x02013ee4                blkDevGetSectorCount
 .text.blkDevReadSectors
                0x02013f18       0x5c /opt/devkitpro/calico/lib/libcalico_ds9.a(blk.o)
                0x02013f18                blkDevReadSectors
 .text.blkDevWriteSectors
                0x02013f74       0x5c /opt/devkitpro/calico/lib/libcalico_ds9.a(blk.o)
                0x02013f74                blkDevWriteSectors
 .text.irqSet   0x02013fd0       0x64 /opt/devkitpro/calico/lib/libcalico_ds9.a(irq.o)
                0x02013fd0                irqSet
 .text._tickCountIsr
                0x02014034       0x1c /opt/devkitpro/calico/lib/libcalico_ds9.a(tick.o)
 .text._tickTaskSchedule.part.0.isra.0
                0x02014050       0x84 /opt/devkitpro/calico/lib/libcalico_ds9.a(tick.o)
 .text.tickInit
                0x020140d4       0xa0 /opt/devkitpro/calico/lib/libcalico_ds9.a(tick.o)
                0x020140d4                tickInit
 .text.tickGetCount
                0x02014174       0x5c /opt/devkitpro/calico/lib/libcalico_ds9.a(tick.o)
                0x02014174                tickGetCount
 .text._tickTaskIsr
                0x020141d0      0x110 /opt/devkitpro/calico/lib/libcalico_ds9.a(tick.o)
 .text.tickTaskStart
                0x020142e0      0x144 /opt/devkitpro/calico/lib/libcalico_ds9.a(tick.o)
                0x020142e0                tickTaskStart
 .text.mailboxTrySend
                0x02014424       0x98 /opt/devkitpro/calico/lib/libcalico_ds9.a(mailbox.o)
                0x02014424                mailboxTrySend
 .text.mailboxRecv
                0x020144bc       0x98 /opt/devkitpro/calico/lib/libcalico_ds9.a(mailbox.o)
                0x020144bc                mailboxRecv
 .text._pmCallEventHandlers
                0x02014554       0x40 /opt/devkitpro/calico/lib/libcalico_ds9.a(pm.o)
 .text._pmPxiThreadMain
                0x02014594       0x9c /opt/devkitpro/calico/lib/libcalico_ds9.a(pm.o)
 .text._pmResetPxiHandler
                0x02014630       0x28 /opt/devkitpro/calico/lib/libcalico_ds9.a(pm.o)
 .text.systemUserExit
                0x02014658        0x4 /opt/devkitpro/calico/lib/libcalico_ds9.a(pm.o)
                0x02014658                systemUserExit
 .text.systemErrorExit
                0x0201465c        0x4 /opt/devkitpro/calico/lib/libcalico_ds9.a(pm.o)
                0x0201465c                systemErrorExit
 .text.__syscall_exit
                0x02014660      0x138 /opt/devkitpro/calico/lib/libcalico_ds9.a(pm.o)
                0x02014660                __syscall_exit
 .text.pmInit   0x02014798       0x58 /opt/devkitpro/calico/lib/libcalico_ds9.a(pm.o)
                0x02014798                pmInit
 .text          0x020147f0      0x11c /opt/devkitpro/devkitARM/lib/gcc/arm-none-eabi/16.1.0/thumb/libgcc.a(_udivsi3.o)
                0x020147f0                __udivsi3
                0x020147f0                __aeabi_uidiv
                0x020148ec                __aeabi_uidivmod
 .text          0x0201490c      0x150 /opt/devkitpro/devkitARM/lib/gcc/arm-none-eabi/16.1.0/thumb/libgcc.a(_divsi3.o)
                0x0201490c                __aeabi_idiv
                0x0201490c                __divsi3
                0x02014a3c                __aeabi_idivmod
 .text          0x02014a5c        0x4 /opt/devkitpro/devkitARM/lib/gcc/arm-none-eabi/16.1.0/thumb/libgcc.a(_dvmd_tls.o)
                0x02014a5c                __aeabi_ldiv0
                0x02014a5c                __aeabi_idiv0
 .text          0x02014a60       0xd4 /opt/devkitpro/devkitARM/lib/gcc/arm-none-eabi/16.1.0/thumb/libgcc.a(_aeabi_ldivmod.o)
                0x02014a60                __aeabi_ldivmod
 .text          0x02014b34       0x3c /opt/devkitpro/devkitARM/lib/gcc/arm-none-eabi/16.1.0/thumb/libgcc.a(_aeabi_uldivmod.o)
                0x02014b34                __aeabi_uldivmod
 .text.__udivmoddi4
                0x02014b70      0x194 /opt/devkitpro/devkitARM/lib/gcc/arm-none-eabi/16.1.0/thumb/libgcc.a(_udivmoddi4.o)
                0x02014b70                __udivmoddi4
 .text          0x02014d04       0x28 /opt/devkitpro/devkitARM/lib/gcc/arm-none-eabi/16.1.0/thumb/libgcc.a(_clzdi2.o)
                0x02014d04                __clzdi2
 .text          0x02014d2c       0x48 /opt/devkitpro/devkitARM/lib/gcc/arm-none-eabi/16.1.0/thumb/libgcc.a(_clzsi2.o)
                0x02014d2c                __clzsi2
 .text.ftell    0x02014d74       0x24 /opt/devkitpro/devkitARM/lib/gcc/arm-none-eabi/16.1.0/../../../../arm-none-eabi/lib/thumb/libg.a(libc_a-ftell.o)
                0x02014d74                ftell
 .text.srand    0x02014d98       0x18 /opt/devkitpro/devkitARM/lib/gcc/arm-none-eabi/16.1.0/../../../../arm-none-eabi/lib/thumb/libg.a(libc_a-rand.o)
                0x02014d98                srand
 .text.rand     0x02014db0       0x30 /opt/devkitpro/devkitARM/lib/gcc/arm-none-eabi/16.1.0/../../../../arm-none-eabi/lib/thumb/libg.a(libc_a-rand.o)
                0x02014db0                rand
 .text.sscanf   0x02014de0       0x50 /opt/devkitpro/devkitARM/lib/gcc/arm-none-eabi/16.1.0/../../../../arm-none-eabi/lib/thumb/libg.a(libc_a-sscanf.o)
                0x02014de0                sscanf
 .text.critical_factorization
                0x02014e30       0xcc /opt/devkitpro/devkitARM/lib/gcc/arm-none-eabi/16.1.0/../../../../arm-none-eabi/lib/thumb/libg.a(libc_a-strstr.o)
 .text.two_way_long_needle
                0x02014efc      0x204 /opt/devkitpro/devkitARM/lib/gcc/arm-none-eabi/16.1.0/../../../../arm-none-eabi/lib/thumb/libg.a(libc_a-strstr.o)
 .text.strstr   0x02015100      0x1ac /opt/devkitpro/devkitARM/lib/gcc/arm-none-eabi/16.1.0/../../../../arm-none-eabi/lib/thumb/libg.a(libc_a-strstr.o)
                0x02015100                strstr
 .text.memcpy   0x020152ac       0xac /opt/devkitpro/devkitARM/lib/gcc/arm-none-eabi/16.1.0/../../../../arm-none-eabi/lib/thumb/libg.a(libc_a-memcpy-stub.o)
                0x020152ac                memcpy
 .text.strlen   0x02015358       0x60 /opt/devkitpro/devkitARM/lib/gcc/arm-none-eabi/16.1.0/../../../../arm-none-eabi/lib/thumb/libg.a(libc_a-strlen.o)
                0x02015358                strlen
 .text._fread_r
                0x020153b8      0x228 /opt/devkitpro/devkitARM/lib/gcc/arm-none-eabi/16.1.0/../../../../arm-none-eabi/lib/thumb/libg.a(libc_a-fread.o)
                0x020153b8                _fread_r
 .text.fread    0x020155e0       0x24 /opt/devkitpro/devkitARM/lib/gcc/arm-none-eabi/16.1.0/../../../../arm-none-eabi/lib/thumb/libg.a(libc_a-fread.o)
                0x020155e0                fread
 .text.fputc    0x02015604       0x5c /opt/devkitpro/devkitARM/lib/gcc/arm-none-eabi/16.1.0/../../../../arm-none-eabi/lib/thumb/libg.a(libc_a-fputc.o)
                0x02015604                fputc
 .text.get_arg  0x02015660       0x3e /opt/devkitpro/devkitARM/lib/gcc/arm-none-eabi/16.1.0/../../../../arm-none-eabi/lib/thumb/libg.a(libc_a-svfscanf.o)
 *fill*         0x0201569e        0x2 ff
 .text.__ssvfscanf_r
                0x020156a0     0x1fd0 /opt/devkitpro/devkitARM/lib/gcc/arm-none-eabi/16.1.0/../../../../arm-none-eabi/lib/thumb/libg.a(libc_a-svfscanf.o)
                0x020156a0                __ssvfscanf_r
 .text._fopen_r
                0x02017670       0xb4 /opt/devkitpro/devkitARM/lib/gcc/arm-none-eabi/16.1.0/../../../../arm-none-eabi/lib/thumb/libg.a(libc_a-fopen.o)
                0x02017670                _fopen_r
 .text.fopen    0x02017724       0x18 /opt/devkitpro/devkitARM/lib/gcc/arm-none-eabi/16.1.0/../../../../arm-none-eabi/lib/thumb/libg.a(libc_a-fopen.o)
                0x02017724                fopen
 .text.sulp     0x0201773c       0x34 /opt/devkitpro/devkitARM/lib/gcc/arm-none-eabi/16.1.0/../../../../arm-none-eabi/lib/thumb/libg.a(libc_a-strtod.o)
 .text._strtod_l
                0x02017770      0xf7c /opt/devkitpro/devkitARM/lib/gcc/arm-none-eabi/16.1.0/../../../../arm-none-eabi/lib/thumb/libg.a(libc_a-strtod.o)
                0x02017770                _strtod_l
 .text._strtod_r
                0x020186ec       0x2c /opt/devkitpro/devkitARM/lib/gcc/arm-none-eabi/16.1.0/../../../../arm-none-eabi/lib/thumb/libg.a(libc_a-strtod.o)
                0x020186ec                _strtod_r
 .text._strtoull_l.isra.0
                0x02018718      0x1c0 /opt/devkitpro/devkitARM/lib/gcc/arm-none-eabi/16.1.0/../../../../arm-none-eabi/lib/thumb/libg.a(libc_a-strtoull.o)
 .text._strtoull_r
                0x020188d8       0x20 /opt/devkitpro/devkitARM/lib/gcc/arm-none-eabi/16.1.0/../../../../arm-none-eabi/lib/thumb/libg.a(libc_a-strtoull.o)
                0x020188d8                _strtoull_r
 .text.strcasecmp
                0x020188f8       0x4c /opt/devkitpro/devkitARM/lib/gcc/arm-none-eabi/16.1.0/../../../../arm-none-eabi/lib/thumb/libg.a(libc_a-strcasecmp.o)
                0x020188f8                strcasecmp
 .text.rshift   0x02018944       0xac /opt/devkitpro/devkitARM/lib/gcc/arm-none-eabi/16.1.0/../../../../arm-none-eabi/lib/thumb/libg.a(libc_a-gdtoa-gethex.o)
 .text.__gethex
                0x020189f0      0x60c /opt/devkitpro/devkitARM/lib/gcc/arm-none-eabi/16.1.0/../../../../arm-none-eabi/lib/thumb/libg.a(libc_a-gdtoa-gethex.o)
                0x020189f0                __gethex
 .text.snprintf
                0x02018ffc       0x64 /opt/devkitpro/devkitARM/lib/gcc/arm-none-eabi/16.1.0/../../../../arm-none-eabi/lib/thumb/libg.a(libc_a-snprintf.o)
                0x02018ffc                snprintf
 .text._strtoul_l.isra.0
                0x02019060      0x150 /opt/devkitpro/devkitARM/lib/gcc/arm-none-eabi/16.1.0/../../../../arm-none-eabi/lib/thumb/libg.a(libc_a-strtoul.o)
 .text._strtoul_r
                0x020191b0       0x20 /opt/devkitpro/devkitARM/lib/gcc/arm-none-eabi/16.1.0/../../../../arm-none-eabi/lib/thumb/libg.a(libc_a-strtoul.o)
                0x020191b0                _strtoul_r
 .text.strtoul  0x020191d0       0x24 /opt/devkitpro/devkitARM/lib/gcc/arm-none-eabi/16.1.0/../../../../arm-none-eabi/lib/thumb/libg.a(libc_a-strtoul.o)
                0x020191d0                strtoul
 .text._mbrtowc_r
                0x020191f4       0x9c /opt/devkitpro/devkitARM/lib/gcc/arm-none-eabi/16.1.0/../../../../arm-none-eabi/lib/thumb/libg.a(libc_a-mbrtowc.o)
                0x020191f4                _mbrtowc_r
 .text.remove   0x02019290       0x38 /opt/devkitpro/devkitARM/lib/gcc/arm-none-eabi/16.1.0/../../../../arm-none-eabi/lib/thumb/libg.a(libc_a-remove.o)
                0x02019290                remove
 .text.strchr   0x020192c8       0xbc /opt/devkitpro/devkitARM/lib/gcc/arm-none-eabi/16.1.0/../../../../arm-none-eabi/lib/thumb/libg.a(libc_a-strchr.o)
                0x020192c8                strchr
 .text.memcmp   0x02019384       0x48 /opt/devkitpro/devkitARM/lib/gcc/arm-none-eabi/16.1.0/../../../../arm-none-eabi/lib/thumb/libg.a(libc_a-memcmp.o)
                0x02019384                memcmp
 .text._fgets_r
                0x020193cc       0xf8 /opt/devkitpro/devkitARM/lib/gcc/arm-none-eabi/16.1.0/../../../../arm-none-eabi/lib/thumb/libg.a(libc_a-fgets.o)
                0x020193cc                _fgets_r
 .text.fgets    0x020194c4       0x1c /opt/devkitpro/devkitARM/lib/gcc/arm-none-eabi/16.1.0/../../../../arm-none-eabi/lib/thumb/libg.a(libc_a-fgets.o)
                0x020194c4                fgets
 .text.calloc   0x020194e0       0x18 /opt/devkitpro/devkitARM/lib/gcc/arm-none-eabi/16.1.0/../../../../arm-none-eabi/lib/thumb/libg.a(libc_a-calloc.o)
                0x020194e0                calloc
 .text.__sccl   0x020194f8       0xb0 /opt/devkitpro/devkitARM/lib/gcc/arm-none-eabi/16.1.0/../../../../arm-none-eabi/lib/thumb/libg.a(libc_a-sccl.o)
                0x020194f8                __sccl
 .text.aligned_alloc
                0x020195a8       0x18 /opt/devkitpro/devkitARM/lib/gcc/arm-none-eabi/16.1.0/../../../../arm-none-eabi/lib/thumb/libg.a(libc_a-aligned_alloc.o)
                0x020195a8                aligned_alloc
 .text.validate_structure
                0x020195c0      0x1f8 /opt/devkitpro/devkitARM/lib/gcc/arm-none-eabi/16.1.0/../../../../arm-none-eabi/lib/thumb/libg.a(libc_a-mktime.o)
 .text.mktime   0x020197b8      0x434 /opt/devkitpro/devkitARM/lib/gcc/arm-none-eabi/16.1.0/../../../../arm-none-eabi/lib/thumb/libg.a(libc_a-mktime.o)
                0x020197b8                mktime
 .text._memalign_r
                0x02019bec      0x118 /opt/devkitpro/devkitARM/lib/gcc/arm-none-eabi/16.1.0/../../../../arm-none-eabi/lib/thumb/libg.a(libc_a-malignr.o)
                0x02019bec                _memalign_r
 .text.__smakebuf_r
                0x02019d04       0xe0 /opt/devkitpro/devkitARM/lib/gcc/arm-none-eabi/16.1.0/../../../../arm-none-eabi/lib/thumb/libg.a(libc_a-makebuf.o)
                0x02019d04                __smakebuf_r
 .text._strtoll_l.isra.0
                0x02019de4      0x300 /opt/devkitpro/devkitARM/lib/gcc/arm-none-eabi/16.1.0/../../../../arm-none-eabi/lib/thumb/libg.a(libc_a-strtoll.o)
 .text._strtoll_r
                0x0201a0e4       0x20 /opt/devkitpro/devkitARM/lib/gcc/arm-none-eabi/16.1.0/../../../../arm-none-eabi/lib/thumb/libg.a(libc_a-strtoll.o)
                0x0201a0e4                _strtoll_r
 .text.__locale_mb_cur_max
                0x0201a104       0x20 /opt/devkitpro/devkitARM/lib/gcc/arm-none-eabi/16.1.0/../../../../arm-none-eabi/lib/thumb/libg.a(libc_a-locale.o)
                0x0201a104                __locale_mb_cur_max
 .text.memset   0x0201a124       0x8c /opt/devkitpro/devkitARM/lib/gcc/arm-none-eabi/16.1.0/../../../../arm-none-eabi/lib/thumb/libg.a(libc_a-memset.o)
                0x0201a124                memset
 .text._calloc_r
                0x0201a1b0       0xcc /opt/devkitpro/devkitARM/lib/gcc/arm-none-eabi/16.1.0/../../../../arm-none-eabi/lib/thumb/libg.a(libc_a-callocr.o)
                0x0201a1b0                _calloc_r
 .text._fwrite_r
                0x0201a27c       0x9c /opt/devkitpro/devkitARM/lib/gcc/arm-none-eabi/16.1.0/../../../../arm-none-eabi/lib/thumb/libg.a(libc_a-fwrite.o)
                0x0201a27c                _fwrite_r
 .text.fwrite   0x0201a318       0x24 /opt/devkitpro/devkitARM/lib/gcc/arm-none-eabi/16.1.0/../../../../arm-none-eabi/lib/thumb/libg.a(libc_a-fwrite.o)
                0x0201a318                fwrite
 .text.realloc  0x0201a33c       0x18 /opt/devkitpro/devkitARM/lib/gcc/arm-none-eabi/16.1.0/../../../../arm-none-eabi/lib/thumb/libg.a(libc_a-realloc.o)
                0x0201a33c                realloc
 .text.localtime_r
                0x0201a354      0x228 /opt/devkitpro/devkitARM/lib/gcc/arm-none-eabi/16.1.0/../../../../arm-none-eabi/lib/thumb/libg.a(libc_a-lcltime_r.o)
                0x0201a354                localtime_r
 .text._ftello_r
                0x0201a57c      0x124 /opt/devkitpro/devkitARM/lib/gcc/arm-none-eabi/16.1.0/../../../../arm-none-eabi/lib/thumb/libg.a(libc_a-ftello.o)
                0x0201a57c                _ftello_r
 .text.__tzcalc_limits
                0x0201a6a0      0x1ac /opt/devkitpro/devkitARM/lib/gcc/arm-none-eabi/16.1.0/../../../../arm-none-eabi/lib/thumb/libg.a(libc_a-tzcalc_limits.o)
                0x0201a6a0                __tzcalc_limits
 .text._putc_r  0x0201a84c       0x88 /opt/devkitpro/devkitARM/lib/gcc/arm-none-eabi/16.1.0/../../../../arm-none-eabi/lib/thumb/libg.a(libc_a-putc.o)
                0x0201a84c                _putc_r
 .text._malloc_r
                0x0201a8d4      0x550 /opt/devkitpro/devkitARM/lib/gcc/arm-none-eabi/16.1.0/../../../../arm-none-eabi/lib/thumb/libg.a(libc_a-mallocr.o)
                0x0201a8d4                _malloc_r
 .text.__swbuf_r
                0x0201ae24       0x98 /opt/devkitpro/devkitARM/lib/gcc/arm-none-eabi/16.1.0/../../../../arm-none-eabi/lib/thumb/libg.a(libc_a-wbuf.o)
                0x0201ae24                __swbuf_r
 .text          0x0201aebc      0x224 /opt/devkitpro/devkitARM/lib/gcc/arm-none-eabi/16.1.0/../../../../arm-none-eabi/lib/thumb/libg.a(libc_a-strcmp.o)
                0x0201aebc                strcmp
 .text._malloc_trim_r
                0x0201b0e0       0xac /opt/devkitpro/devkitARM/lib/gcc/arm-none-eabi/16.1.0/../../../../arm-none-eabi/lib/thumb/libg.a(libc_a-freer.o)
                0x0201b0e0                _malloc_trim_r
 .text._free_r  0x0201b18c      0x1d8 /opt/devkitpro/devkitARM/lib/gcc/arm-none-eabi/16.1.0/../../../../arm-none-eabi/lib/thumb/libg.a(libc_a-freer.o)
                0x0201b18c                _free_r
 .text.get_arg  0x0201b364       0x3e /opt/devkitpro/devkitARM/lib/gcc/arm-none-eabi/16.1.0/../../../../arm-none-eabi/lib/thumb/libg.a(libc_a-svfiscanf.o)
 .text._sungetc_r
                0x0201b3a2       0x7e /opt/devkitpro/devkitARM/lib/gcc/arm-none-eabi/16.1.0/../../../../arm-none-eabi/lib/thumb/libg.a(libc_a-svfiscanf.o)
                0x0201b3a2                _sungetc_r
 .text.__ssrefill_r
                0x0201b420       0x42 /opt/devkitpro/devkitARM/lib/gcc/arm-none-eabi/16.1.0/../../../../arm-none-eabi/lib/thumb/libg.a(libc_a-svfiscanf.o)
                0x0201b420                __ssrefill_r
 .text._sfread_r
                0x0201b462       0x88 /opt/devkitpro/devkitARM/lib/gcc/arm-none-eabi/16.1.0/../../../../arm-none-eabi/lib/thumb/libg.a(libc_a-svfiscanf.o)
                0x0201b462                _sfread_r
 *fill*         0x0201b4ea        0x2 ff
 .text.__ssvfiscanf_r
                0x0201b4ec     0x19d8 /opt/devkitpro/devkitARM/lib/gcc/arm-none-eabi/16.1.0/../../../../arm-none-eabi/lib/thumb/libg.a(libc_a-svfiscanf.o)
                0x0201b4ec                __ssvfiscanf_r
 .text.stdio_exit_handler
                0x0201cec4       0x20 /opt/devkitpro/devkitARM/lib/gcc/arm-none-eabi/16.1.0/../../../../arm-none-eabi/lib/thumb/libg.a(libc_a-findfp.o)
 .text.cleanup_stdio
                0x0201cee4       0x40 /opt/devkitpro/devkitARM/lib/gcc/arm-none-eabi/16.1.0/../../../../arm-none-eabi/lib/thumb/libg.a(libc_a-findfp.o)
 .text.global_stdio_init.part.0
                0x0201cf24      0x120 /opt/devkitpro/devkitARM/lib/gcc/arm-none-eabi/16.1.0/../../../../arm-none-eabi/lib/thumb/libg.a(libc_a-findfp.o)
 .text.__sfp    0x0201d044       0xcc /opt/devkitpro/devkitARM/lib/gcc/arm-none-eabi/16.1.0/../../../../arm-none-eabi/lib/thumb/libg.a(libc_a-findfp.o)
                0x0201d044                __sfp
 .text.__sinit  0x0201d110       0x3c /opt/devkitpro/devkitARM/lib/gcc/arm-none-eabi/16.1.0/../../../../arm-none-eabi/lib/thumb/libg.a(libc_a-findfp.o)
                0x0201d110                __sinit
 .text.__sfp_lock_acquire
                0x0201d14c       0x14 /opt/devkitpro/devkitARM/lib/gcc/arm-none-eabi/16.1.0/../../../../arm-none-eabi/lib/thumb/libg.a(libc_a-findfp.o)
                0x0201d14c                __sfp_lock_acquire
 .text.__sfp_lock_release
                0x0201d160       0x14 /opt/devkitpro/devkitARM/lib/gcc/arm-none-eabi/16.1.0/../../../../arm-none-eabi/lib/thumb/libg.a(libc_a-findfp.o)
                0x0201d160                __sfp_lock_release
 .text._strtol_l.part.0
                0x0201d174      0x25c /opt/devkitpro/devkitARM/lib/gcc/arm-none-eabi/16.1.0/../../../../arm-none-eabi/lib/thumb/libg.a(libc_a-strtol.o)
 .text._strtol_r
                0x0201d3d0       0x34 /opt/devkitpro/devkitARM/lib/gcc/arm-none-eabi/16.1.0/../../../../arm-none-eabi/lib/thumb/libg.a(libc_a-strtol.o)
                0x0201d3d0                _strtol_r
 .text.__libc_init_array
                0x0201d404       0x54 /opt/devkitpro/devkitARM/lib/gcc/arm-none-eabi/16.1.0/../../../../arm-none-eabi/lib/thumb/libg.a(libc_a-init.o)
                0x0201d404                __libc_init_array
 .text.strncpy  0x0201d458       0x68 /opt/devkitpro/devkitARM/lib/gcc/arm-none-eabi/16.1.0/../../../../arm-none-eabi/lib/thumb/libg.a(libc_a-strncpy.o)
                0x0201d458                strncpy
 .text._fseek_r
                0x0201d4c0       0x14 /opt/devkitpro/devkitARM/lib/gcc/arm-none-eabi/16.1.0/../../../../arm-none-eabi/lib/thumb/libg.a(libc_a-fseek.o)
                0x0201d4c0                _fseek_r
 .text.fseek    0x0201d4d4       0x24 /opt/devkitpro/devkitARM/lib/gcc/arm-none-eabi/16.1.0/../../../../arm-none-eabi/lib/thumb/libg.a(libc_a-fseek.o)
                0x0201d4d4                fseek
 .text._tzset_unlocked
                0x0201d4f8       0x10 /opt/devkitpro/devkitARM/lib/gcc/arm-none-eabi/16.1.0/../../../../arm-none-eabi/lib/thumb/libg.a(libc_a-tzset.o)
                0x0201d4f8                _tzset_unlocked
 .text.malloc   0x0201d508       0x28 /opt/devkitpro/devkitARM/lib/gcc/arm-none-eabi/16.1.0/../../../../arm-none-eabi/lib/thumb/libg.a(libc_a-malloc.o)
                0x0201d508                malloc
 .text.free     0x0201d530       0x14 /opt/devkitpro/devkitARM/lib/gcc/arm-none-eabi/16.1.0/../../../../arm-none-eabi/lib/thumb/libg.a(libc_a-malloc.o)
                0x0201d530                free
 .text.memchr   0x0201d544       0x74 /opt/devkitpro/devkitARM/lib/gcc/arm-none-eabi/16.1.0/../../../../arm-none-eabi/lib/thumb/libg.a(libc_a-memchr-stub.o)
                0x0201d544                memchr
 .text.strrchr  0x0201d5b8       0x30 /opt/devkitpro/devkitARM/lib/gcc/arm-none-eabi/16.1.0/../../../../arm-none-eabi/lib/thumb/libg.a(libc_a-strrchr.o)
                0x0201d5b8                strrchr
 .text.__swsetup_r
                0x0201d5e8       0xd4 /opt/devkitpro/devkitARM/lib/gcc/arm-none-eabi/16.1.0/../../../../arm-none-eabi/lib/thumb/libg.a(libc_a-wsetup.o)
                0x0201d5e8                __swsetup_r
 .text.__gettzinfo
                0x0201d6bc        0x8 /opt/devkitpro/devkitARM/lib/gcc/arm-none-eabi/16.1.0/../../../../arm-none-eabi/lib/thumb/libg.a(libc_a-gettzinfo.o)
                0x0201d6bc                __gettzinfo
 .text._findenv_r
                0x0201d6c4       0x94 /opt/devkitpro/devkitARM/lib/gcc/arm-none-eabi/16.1.0/../../../../arm-none-eabi/lib/thumb/libg.a(libc_a-getenv_r.o)
                0x0201d6c4                _findenv_r
 .text._getenv_r
                0x0201d758       0x10 /opt/devkitpro/devkitARM/lib/gcc/arm-none-eabi/16.1.0/../../../../arm-none-eabi/lib/thumb/libg.a(libc_a-getenv_r.o)
                0x0201d758                _getenv_r
 .text._localeconv_r
                0x0201d768       0x20 /opt/devkitpro/devkitARM/lib/gcc/arm-none-eabi/16.1.0/../../../../arm-none-eabi/lib/thumb/libg.a(libc_a-localeconv.o)
                0x0201d768                _localeconv_r
 .text.__sread  0x0201d788       0x34 /opt/devkitpro/devkitARM/lib/gcc/arm-none-eabi/16.1.0/../../../../arm-none-eabi/lib/thumb/libg.a(libc_a-stdio.o)
                0x0201d788                __sread
 .text.__seofread
                0x0201d7bc        0x4 /opt/devkitpro/devkitARM/lib/gcc/arm-none-eabi/16.1.0/../../../../arm-none-eabi/lib/thumb/libg.a(libc_a-stdio.o)
                0x0201d7bc                __seofread
 .text.__swrite
                0x0201d7c0       0x4c /opt/devkitpro/devkitARM/lib/gcc/arm-none-eabi/16.1.0/../../../../arm-none-eabi/lib/thumb/libg.a(libc_a-stdio.o)
                0x0201d7c0                __swrite
 .text.__sseek  0x0201d80c       0x3c /opt/devkitpro/devkitARM/lib/gcc/arm-none-eabi/16.1.0/../../../../arm-none-eabi/lib/thumb/libg.a(libc_a-stdio.o)
                0x0201d80c                __sseek
 .text.__sclose
                0x0201d848       0x10 /opt/devkitpro/devkitARM/lib/gcc/arm-none-eabi/16.1.0/../../../../arm-none-eabi/lib/thumb/libg.a(libc_a-stdio.o)
                0x0201d848                __sclose
 .text._realloc_r
                0x0201d858      0x344 /opt/devkitpro/devkitARM/lib/gcc/arm-none-eabi/16.1.0/../../../../arm-none-eabi/lib/thumb/libg.a(libc_a-reallocr.o)
                0x0201d858                _realloc_r
 .text.__malloc_lock
                0x0201db9c       0x14 /opt/devkitpro/devkitARM/lib/gcc/arm-none-eabi/16.1.0/../../../../arm-none-eabi/lib/thumb/libg.a(libc_a-mlock.o)
                0x0201db9c                __malloc_lock
 .text.__malloc_unlock
                0x0201dbb0       0x14 /opt/devkitpro/devkitARM/lib/gcc/arm-none-eabi/16.1.0/../../../../arm-none-eabi/lib/thumb/libg.a(libc_a-mlock.o)
                0x0201dbb0                __malloc_unlock
 .text._fseeko_r
                0x0201dbc4      0x414 /opt/devkitpro/devkitARM/lib/gcc/arm-none-eabi/16.1.0/../../../../arm-none-eabi/lib/thumb/libg.a(libc_a-fseeko.o)
                0x0201dbc4                _fseeko_r
 .text._fclose_r
                0x0201dfd8       0xe0 /opt/devkitpro/devkitARM/lib/gcc/arm-none-eabi/16.1.0/../../../../arm-none-eabi/lib/thumb/libg.a(libc_a-fclose.o)
                0x0201dfd8                _fclose_r
 .text.fclose   0x0201e0b8       0x14 /opt/devkitpro/devkitARM/lib/gcc/arm-none-eabi/16.1.0/../../../../arm-none-eabi/lib/thumb/libg.a(libc_a-fclose.o)
                0x0201e0b8                fclose
 .text.time     0x0201e0cc       0x38 /opt/devkitpro/devkitARM/lib/gcc/arm-none-eabi/16.1.0/../../../../arm-none-eabi/lib/thumb/libg.a(libc_a-time.o)
                0x0201e0cc                time
 .text.fprintf  0x0201e104       0x28 /opt/devkitpro/devkitARM/lib/gcc/arm-none-eabi/16.1.0/../../../../arm-none-eabi/lib/thumb/libg.a(libc_a-fprintf.o)
                0x0201e104                fprintf
 .text          0x0201e12c       0x34 /opt/devkitpro/devkitARM/lib/gcc/arm-none-eabi/16.1.0/../../../../arm-none-eabi/lib/thumb/libg.a(libc_a-setjmp.o)
                0x0201e12c                setjmp
                0x0201e144                longjmp
 .text.__call_exitprocs
                0x0201e160        0xc /opt/devkitpro/devkitARM/lib/gcc/arm-none-eabi/16.1.0/../../../../arm-none-eabi/lib/thumb/libg.a(libc_a-exit.o)
                0x0201e160                __call_exitprocs
 .text.get_arg  0x0201e16c      0x404 /opt/devkitpro/devkitARM/lib/gcc/arm-none-eabi/16.1.0/../../../../arm-none-eabi/lib/thumb/libg.a(libc_a-svfprintf.o)
 .text._svfprintf_r
                0x0201e570     0x22e0 /opt/devkitpro/devkitARM/lib/gcc/arm-none-eabi/16.1.0/../../../../arm-none-eabi/lib/thumb/libg.a(libc_a-svfprintf.o)
                0x0201e570                _svfprintf_r
 .text.__sflags
                0x02020850       0x98 /opt/devkitpro/devkitARM/lib/gcc/arm-none-eabi/16.1.0/../../../../arm-none-eabi/lib/thumb/libg.a(libc_a-flags.o)
                0x02020850                __sflags
 .text.stat     0x020208e8       0x18 /opt/devkitpro/devkitARM/lib/gcc/arm-none-eabi/16.1.0/../../../../arm-none-eabi/lib/thumb/libg.a(libc_a-sysstat.o)
                0x020208e8                stat
 .text.__utf8_wctomb
                0x02020900       0xbc /opt/devkitpro/devkitARM/lib/gcc/arm-none-eabi/16.1.0/../../../../arm-none-eabi/lib/thumb/libg.a(libc_a-wctomb_r.o)
                0x02020900                __utf8_wctomb
 .text.__libc_fini_array
                0x020209bc       0x30 /opt/devkitpro/devkitARM/lib/gcc/arm-none-eabi/16.1.0/../../../../arm-none-eabi/lib/thumb/libg.a(libc_a-fini.o)
                0x020209bc                __libc_fini_array
 .text.strnlen  0x020209ec       0x20 /opt/devkitpro/devkitARM/lib/gcc/arm-none-eabi/16.1.0/../../../../arm-none-eabi/lib/thumb/libg.a(libc_a-strnlen.o)
                0x020209ec                strnlen
 .text.gmtime_r
                0x02020a0c      0x1b4 /opt/devkitpro/devkitARM/lib/gcc/arm-none-eabi/16.1.0/../../../../arm-none-eabi/lib/thumb/libg.a(libc_a-gmtime_r.o)
                0x02020a0c                gmtime_r
 .text.strncmp  0x02020bc0       0x70 /opt/devkitpro/devkitARM/lib/gcc/arm-none-eabi/16.1.0/../../../../arm-none-eabi/lib/thumb/libg.a(libc_a-strncmp.o)
                0x02020bc0                strncmp
 .text._tzset_unlocked_r
                0x02020c30      0x490 /opt/devkitpro/devkitARM/lib/gcc/arm-none-eabi/16.1.0/../../../../arm-none-eabi/lib/thumb/libg.a(libc_a-tzset_r.o)
                0x02020c30                _tzset_unlocked_r
 .text.__match  0x020210c0       0x38 /opt/devkitpro/devkitARM/lib/gcc/arm-none-eabi/16.1.0/../../../../arm-none-eabi/lib/thumb/libg.a(libc_a-gdtoa-hexnan.o)
                0x020210c0                __match
 .text.__hexnan
                0x020210f8      0x1e8 /opt/devkitpro/devkitARM/lib/gcc/arm-none-eabi/16.1.0/../../../../arm-none-eabi/lib/thumb/libg.a(libc_a-gdtoa-hexnan.o)
                0x020210f8                __hexnan
 .text.sprintf  0x020212e0       0x44 /opt/devkitpro/devkitARM/lib/gcc/arm-none-eabi/16.1.0/../../../../arm-none-eabi/lib/thumb/libg.a(libc_a-sprintf.o)
                0x020212e0                sprintf
 .text.lflush   0x02021324       0x24 /opt/devkitpro/devkitARM/lib/gcc/arm-none-eabi/16.1.0/../../../../arm-none-eabi/lib/thumb/libg.a(libc_a-refill.o)
 .text.__srefill_r
                0x02021348      0x108 /opt/devkitpro/devkitARM/lib/gcc/arm-none-eabi/16.1.0/../../../../arm-none-eabi/lib/thumb/libg.a(libc_a-refill.o)
                0x02021348                __srefill_r
 .text.nan      0x02021450        0xc /opt/devkitpro/devkitARM/lib/gcc/arm-none-eabi/16.1.0/../../../../arm-none-eabi/lib/thumb/libg.a(libm_a-s_nan.o)
                0x02021450                nan
 .text.nanf     0x0202145c        0x8 /opt/devkitpro/devkitARM/lib/gcc/arm-none-eabi/16.1.0/../../../../arm-none-eabi/lib/thumb/libg.a(libm_a-sf_nan.o)
                0x0202145c                nanf
 .text.frexp    0x02021464       0x74 /opt/devkitpro/devkitARM/lib/gcc/arm-none-eabi/16.1.0/../../../../arm-none-eabi/lib/thumb/libg.a(libm_a-s_frexp.o)
                0x02021464                frexp
 .text.stpncpy  0x020214d8       0x74 /opt/devkitpro/devkitARM/lib/gcc/arm-none-eabi/16.1.0/../../../../arm-none-eabi/lib/thumb/libg.a(libc_a-stpncpy.o)
                0x020214d8                stpncpy
 .text.__env_lock
                0x0202154c       0x14 /opt/devkitpro/devkitARM/lib/gcc/arm-none-eabi/16.1.0/../../../../arm-none-eabi/lib/thumb/libg.a(libc_a-envlock.o)
                0x0202154c                __env_lock
 .text.__env_unlock
                0x02021560       0x14 /opt/devkitpro/devkitARM/lib/gcc/arm-none-eabi/16.1.0/../../../../arm-none-eabi/lib/thumb/libg.a(libc_a-envlock.o)
                0x02021560                __env_unlock
 .text.__assert_func
                0x02021574       0x40 /opt/devkitpro/devkitARM/lib/gcc/arm-none-eabi/16.1.0/../../../../arm-none-eabi/lib/thumb/libg.a(libc_a-assert.o)
                0x02021574                __assert_func
 .text.iswspace
                0x020215b4       0x10 /opt/devkitpro/devkitARM/lib/gcc/arm-none-eabi/16.1.0/../../../../arm-none-eabi/lib/thumb/libg.a(libc_a-iswspace.o)
                0x020215b4                iswspace
 .text._Balloc  0x020215c4       0x5c /opt/devkitpro/devkitARM/lib/gcc/arm-none-eabi/16.1.0/../../../../arm-none-eabi/lib/thumb/libg.a(libc_a-mprec.o)
                0x020215c4                _Balloc
 .text._Bfree   0x02021620       0x14 /opt/devkitpro/devkitARM/lib/gcc/arm-none-eabi/16.1.0/../../../../arm-none-eabi/lib/thumb/libg.a(libc_a-mprec.o)
                0x02021620                _Bfree
 .text.__multadd
                0x02021634       0xa8 /opt/devkitpro/devkitARM/lib/gcc/arm-none-eabi/16.1.0/../../../../arm-none-eabi/lib/thumb/libg.a(libc_a-mprec.o)
                0x02021634                __multadd
 .text.__s2b    0x020216dc       0xb4 /opt/devkitpro/devkitARM/lib/gcc/arm-none-eabi/16.1.0/../../../../arm-none-eabi/lib/thumb/libg.a(libc_a-mprec.o)
                0x020216dc                __s2b
 .text.__hi0bits
                0x02021790       0x60 /opt/devkitpro/devkitARM/lib/gcc/arm-none-eabi/16.1.0/../../../../arm-none-eabi/lib/thumb/libg.a(libc_a-mprec.o)
                0x02021790                __hi0bits
 .text.__lo0bits
                0x020217f0       0x8c /opt/devkitpro/devkitARM/lib/gcc/arm-none-eabi/16.1.0/../../../../arm-none-eabi/lib/thumb/libg.a(libc_a-mprec.o)
                0x020217f0                __lo0bits
 .text.__i2b    0x0202187c       0x64 /opt/devkitpro/devkitARM/lib/gcc/arm-none-eabi/16.1.0/../../../../arm-none-eabi/lib/thumb/libg.a(libc_a-mprec.o)
                0x0202187c                __i2b
 .text.__multiply
                0x020218e0      0x1b4 /opt/devkitpro/devkitARM/lib/gcc/arm-none-eabi/16.1.0/../../../../arm-none-eabi/lib/thumb/libg.a(libc_a-mprec.o)
                0x020218e0                __multiply
 .text.__pow5mult
                0x02021a94       0xd8 /opt/devkitpro/devkitARM/lib/gcc/arm-none-eabi/16.1.0/../../../../arm-none-eabi/lib/thumb/libg.a(libc_a-mprec.o)
                0x02021a94                __pow5mult
 .text.__lshift
                0x02021b6c       0xf8 /opt/devkitpro/devkitARM/lib/gcc/arm-none-eabi/16.1.0/../../../../arm-none-eabi/lib/thumb/libg.a(libc_a-mprec.o)
                0x02021b6c                __lshift
 .text.__mcmp   0x02021c64       0x50 /opt/devkitpro/devkitARM/lib/gcc/arm-none-eabi/16.1.0/../../../../arm-none-eabi/lib/thumb/libg.a(libc_a-mprec.o)
                0x02021c64                __mcmp
 .text.__mdiff  0x02021cb4      0x1a4 /opt/devkitpro/devkitARM/lib/gcc/arm-none-eabi/16.1.0/../../../../arm-none-eabi/lib/thumb/libg.a(libc_a-mprec.o)
                0x02021cb4                __mdiff
 .text.__ulp    0x02021e58       0x40 /opt/devkitpro/devkitARM/lib/gcc/arm-none-eabi/16.1.0/../../../../arm-none-eabi/lib/thumb/libg.a(libc_a-mprec.o)
                0x02021e58                __ulp
 .text.__b2d    0x02021e98       0xc8 /opt/devkitpro/devkitARM/lib/gcc/arm-none-eabi/16.1.0/../../../../arm-none-eabi/lib/thumb/libg.a(libc_a-mprec.o)
                0x02021e98                __b2d
 .text.__d2b    0x02021f60       0xd4 /opt/devkitpro/devkitARM/lib/gcc/arm-none-eabi/16.1.0/../../../../arm-none-eabi/lib/thumb/libg.a(libc_a-mprec.o)
                0x02021f60                __d2b
 .text.__ratio  0x02022034       0x60 /opt/devkitpro/devkitARM/lib/gcc/arm-none-eabi/16.1.0/../../../../arm-none-eabi/lib/thumb/libg.a(libc_a-mprec.o)
                0x02022034                __ratio
 .text.__copybits
                0x02022094       0x48 /opt/devkitpro/devkitARM/lib/gcc/arm-none-eabi/16.1.0/../../../../arm-none-eabi/lib/thumb/libg.a(libc_a-mprec.o)
                0x02022094                __copybits
 .text.__any_on
                0x020220dc       0x54 /opt/devkitpro/devkitARM/lib/gcc/arm-none-eabi/16.1.0/../../../../arm-none-eabi/lib/thumb/libg.a(libc_a-mprec.o)
                0x020220dc                __any_on
 .text._fwalk_sglue
                0x02022130       0x4c /opt/devkitpro/devkitARM/lib/gcc/arm-none-eabi/16.1.0/../../../../arm-none-eabi/lib/thumb/libg.a(libc_a-fwalk.o)
                0x02022130                _fwalk_sglue
 .text.get_arg  0x0202217c      0x404 /opt/devkitpro/devkitARM/lib/gcc/arm-none-eabi/16.1.0/../../../../arm-none-eabi/lib/thumb/libg.a(libc_a-vfprintf.o)
 .text._vfprintf_r
                0x02022580     0x2394 /opt/devkitpro/devkitARM/lib/gcc/arm-none-eabi/16.1.0/../../../../arm-none-eabi/lib/thumb/libg.a(libc_a-vfprintf.o)
                0x02022580                _vfprintf_r
 .text.__sbprintf
                0x02024914       0x7c /opt/devkitpro/devkitARM/lib/gcc/arm-none-eabi/16.1.0/../../../../arm-none-eabi/lib/thumb/libg.a(libc_a-vfprintf.o)
 .text.div      0x02024990       0x18 /opt/devkitpro/devkitARM/lib/gcc/arm-none-eabi/16.1.0/../../../../arm-none-eabi/lib/thumb/libg.a(libc_a-div.o)
                0x02024990                div
 .text._wcrtomb_r
                0x020249a8       0x88 /opt/devkitpro/devkitARM/lib/gcc/arm-none-eabi/16.1.0/../../../../arm-none-eabi/lib/thumb/libg.a(libc_a-wcrtomb.o)
                0x020249a8                _wcrtomb_r
 .text.__submore
                0x02024a30       0x7c /opt/devkitpro/devkitARM/lib/gcc/arm-none-eabi/16.1.0/../../../../arm-none-eabi/lib/thumb/libg.a(libc_a-ungetc.o)
                0x02024a30                __submore
 .text.__ssprint_r
                0x02024aac       0x60 /opt/devkitpro/devkitARM/lib/gcc/arm-none-eabi/16.1.0/../../../../arm-none-eabi/lib/thumb/libg.a(libc_a-ssprint_r.o)
                0x02024aac                __ssprint_r
 .text.__utf8_mbtowc
                0x02024b0c      0x24c /opt/devkitpro/devkitARM/lib/gcc/arm-none-eabi/16.1.0/../../../../arm-none-eabi/lib/thumb/libg.a(libc_a-mbtowc_r.o)
                0x02024b0c                __utf8_mbtowc
 .text.fiprintf
                0x02024d58       0x28 /opt/devkitpro/devkitARM/lib/gcc/arm-none-eabi/16.1.0/../../../../arm-none-eabi/lib/thumb/libg.a(libc_a-fiprintf.o)
                0x02024d58                fiprintf
 .text.__sfvwrite_r
                0x02024d80      0x31c /opt/devkitpro/devkitARM/lib/gcc/arm-none-eabi/16.1.0/../../../../arm-none-eabi/lib/thumb/libg.a(libc_a-fvwrite.o)
                0x02024d80                __sfvwrite_r
 .text.__tz_lock
                0x0202509c       0x14 /opt/devkitpro/devkitARM/lib/gcc/arm-none-eabi/16.1.0/../../../../arm-none-eabi/lib/thumb/libg.a(libc_a-tzlock.o)
                0x0202509c                __tz_lock
 .text.__tz_unlock
                0x020250b0       0x14 /opt/devkitpro/devkitARM/lib/gcc/arm-none-eabi/16.1.0/../../../../arm-none-eabi/lib/thumb/libg.a(libc_a-tzlock.o)
                0x020250b0                __tz_unlock
 .text.abort    0x020250c4       0x10 /opt/devkitpro/devkitARM/lib/gcc/arm-none-eabi/16.1.0/../../../../arm-none-eabi/lib/thumb/libg.a(libc_a-abort.o)
                0x020250c4                abort
 .text.strcpy   0x020250d4       0x10 /opt/devkitpro/devkitARM/lib/gcc/arm-none-eabi/16.1.0/../../../../arm-none-eabi/lib/thumb/libg.a(libc_a-strcpy.o)
                0x020250d4                strcpy
 .text.__sflush_r
                0x020250e4      0x180 /opt/devkitpro/devkitARM/lib/gcc/arm-none-eabi/16.1.0/../../../../arm-none-eabi/lib/thumb/libg.a(libc_a-fflush.o)
                0x020250e4                __sflush_r
 .text._fflush_r
                0x02025264       0x70 /opt/devkitpro/devkitARM/lib/gcc/arm-none-eabi/16.1.0/../../../../arm-none-eabi/lib/thumb/libg.a(libc_a-fflush.o)
                0x02025264                _fflush_r
 .text.__sprint_r
                0x020252d4       0x24 /opt/devkitpro/devkitARM/lib/gcc/arm-none-eabi/16.1.0/../../../../arm-none-eabi/lib/thumb/libg.a(libc_a-sprint_r.o)
                0x020252d4                __sprint_r
 .text.quorem   0x020252f8      0x160 /opt/devkitpro/devkitARM/lib/gcc/arm-none-eabi/16.1.0/../../../../arm-none-eabi/lib/thumb/libg.a(libc_a-dtoa.o)
 .text._dtoa_r  0x02025458     0x10a0 /opt/devkitpro/devkitARM/lib/gcc/arm-none-eabi/16.1.0/../../../../arm-none-eabi/lib/thumb/libg.a(libc_a-dtoa.o)
                0x02025458                _dtoa_r
 .text._wcsrtombs_r
                0x020264f8       0x20 /opt/devkitpro/devkitARM/lib/gcc/arm-none-eabi/16.1.0/../../../../arm-none-eabi/lib/thumb/libg.a(libc_a-wcsrtombs.o)
                0x020264f8                _wcsrtombs_r
 .text.siscanf  0x02026518       0x50 /opt/devkitpro/devkitARM/lib/gcc/arm-none-eabi/16.1.0/../../../../arm-none-eabi/lib/thumb/libg.a(libc_a-siscanf.o)
                0x02026518                siscanf
 .text.memmove  0x02026568      0x108 /opt/devkitpro/devkitARM/lib/gcc/arm-none-eabi/16.1.0/../../../../arm-none-eabi/lib/thumb/libg.a(libc_a-memmove.o)
                0x02026568                memmove
 .text.iswspace_l
                0x02026670       0x28 /opt/devkitpro/devkitARM/lib/gcc/arm-none-eabi/16.1.0/../../../../arm-none-eabi/lib/thumb/libg.a(libc_a-iswspace_l.o)
                0x02026670                iswspace_l
 .text.__ssputs_r
                0x02026698       0xd4 /opt/devkitpro/devkitARM/lib/gcc/arm-none-eabi/16.1.0/../../../../arm-none-eabi/lib/thumb/libg.a(libc_a-ssputs_r.o)
                0x02026698                __ssputs_r
 .text.get_arg  0x0202676c      0x404 /opt/devkitpro/devkitARM/lib/gcc/arm-none-eabi/16.1.0/../../../../arm-none-eabi/lib/thumb/libg.a(libc_a-vfiprintf.o)
 .text._vfiprintf_r
                0x02026b70     0x16d8 /opt/devkitpro/devkitARM/lib/gcc/arm-none-eabi/16.1.0/../../../../arm-none-eabi/lib/thumb/libg.a(libc_a-vfiprintf.o)
                0x02026b70                _vfiprintf_r
 .text.__sbprintf
                0x02028248       0x7c /opt/devkitpro/devkitARM/lib/gcc/arm-none-eabi/16.1.0/../../../../arm-none-eabi/lib/thumb/libg.a(libc_a-vfiprintf.o)
 .text._wcsnrtombs_l
                0x020282c4      0x120 /opt/devkitpro/devkitARM/lib/gcc/arm-none-eabi/16.1.0/../../../../arm-none-eabi/lib/thumb/libg.a(libc_a-wcsnrtombs.o)
                0x020282c4                _wcsnrtombs_l
 .text._wcsnrtombs_r
                0x020283e4       0x40 /opt/devkitpro/devkitARM/lib/gcc/arm-none-eabi/16.1.0/../../../../arm-none-eabi/lib/thumb/libg.a(libc_a-wcsnrtombs.o)
                0x020283e4                _wcsnrtombs_r
 .text._raise_r
                0x02028424       0x60 /opt/devkitpro/devkitARM/lib/gcc/arm-none-eabi/16.1.0/../../../../arm-none-eabi/lib/thumb/libg.a(libc_a-signal.o)
                0x02028424                _raise_r
 .text.raise    0x02028484       0x14 /opt/devkitpro/devkitARM/lib/gcc/arm-none-eabi/16.1.0/../../../../arm-none-eabi/lib/thumb/libg.a(libc_a-signal.o)
                0x02028484                raise
 .text.category
                0x02028498       0x5c /opt/devkitpro/devkitARM/lib/gcc/arm-none-eabi/16.1.0/../../../../arm-none-eabi/lib/thumb/libg.a(libc_a-categories.o)
                0x02028498                category
 .text._exit    0x020284f4       0x14 /opt/devkitpro/devkitARM/lib/gcc/arm-none-eabi/16.1.0/../../../../arm-none-eabi/lib/thumb/libsysbase.a(libsysbase_libsysbase_a-_exit.o)
                0x020284f4                _exit
 .text.chdir    0x02028508       0xe4 /opt/devkitpro/devkitARM/lib/gcc/arm-none-eabi/16.1.0/../../../../arm-none-eabi/lib/thumb/libsysbase.a(libsysbase_libsysbase_a-chdir.o)
                0x02028508                chdir
 .text._concatenate_path
                0x020285ec      0x134 /opt/devkitpro/devkitARM/lib/gcc/arm-none-eabi/16.1.0/../../../../arm-none-eabi/lib/thumb/libsysbase.a(libsysbase_libsysbase_a-concatenate.o)
                0x020285ec                _concatenate_path
 .text.__dirnext
                0x02028720       0x4c /opt/devkitpro/devkitARM/lib/gcc/arm-none-eabi/16.1.0/../../../../arm-none-eabi/lib/thumb/libsysbase.a(libsysbase_libsysbase_a-dirent.o)
 .text.opendir  0x0202876c       0xc0 /opt/devkitpro/devkitARM/lib/gcc/arm-none-eabi/16.1.0/../../../../arm-none-eabi/lib/thumb/libsysbase.a(libsysbase_libsysbase_a-dirent.o)
                0x0202876c                opendir
 .text.closedir
                0x0202882c       0x70 /opt/devkitpro/devkitARM/lib/gcc/arm-none-eabi/16.1.0/../../../../arm-none-eabi/lib/thumb/libsysbase.a(libsysbase_libsysbase_a-dirent.o)
                0x0202882c                closedir
 .text.readdir_r
                0x0202889c       0x8c /opt/devkitpro/devkitARM/lib/gcc/arm-none-eabi/16.1.0/../../../../arm-none-eabi/lib/thumb/libsysbase.a(libsysbase_libsysbase_a-dirent.o)
                0x0202889c                readdir_r
 .text.readdir  0x02028928       0x28 /opt/devkitpro/devkitARM/lib/gcc/arm-none-eabi/16.1.0/../../../../arm-none-eabi/lib/thumb/libsysbase.a(libsysbase_libsysbase_a-dirent.o)
                0x02028928                readdir
 .text._fstat_r
                0x02028950       0x5c /opt/devkitpro/devkitARM/lib/gcc/arm-none-eabi/16.1.0/../../../../arm-none-eabi/lib/thumb/libsysbase.a(libsysbase_libsysbase_a-fstat.o)
                0x02028950                _fstat_r
 .text._getpid_r
                0x020289ac        0xc /opt/devkitpro/devkitARM/lib/gcc/arm-none-eabi/16.1.0/../../../../arm-none-eabi/lib/thumb/libsysbase.a(libsysbase_libsysbase_a-getpid.o)
                0x020289ac                _getpid_r
 .text.__getreent
                0x020289b8       0x20 /opt/devkitpro/devkitARM/lib/gcc/arm-none-eabi/16.1.0/../../../../arm-none-eabi/lib/thumb/libsysbase.a(libsysbase_libsysbase_a-getreent.o)
                0x020289b8                __getreent
 .text._gettimeofday_r
                0x020289d8       0x20 /opt/devkitpro/devkitARM/lib/gcc/arm-none-eabi/16.1.0/../../../../arm-none-eabi/lib/thumb/libsysbase.a(libsysbase_libsysbase_a-gettod.o)
                0x020289d8                _gettimeofday_r
 .text.__release_handle
                0x020289f8       0x6c /opt/devkitpro/devkitARM/lib/gcc/arm-none-eabi/16.1.0/../../../../arm-none-eabi/lib/thumb/libsysbase.a(libsysbase_libsysbase_a-handle_manager.o)
                0x020289f8                __release_handle
 .text.__alloc_handle
                0x02028a64       0x7c /opt/devkitpro/devkitARM/lib/gcc/arm-none-eabi/16.1.0/../../../../arm-none-eabi/lib/thumb/libsysbase.a(libsysbase_libsysbase_a-handle_manager.o)
                0x02028a64                __alloc_handle
 .text.__get_handle
                0x02028ae0       0x34 /opt/devkitpro/devkitARM/lib/gcc/arm-none-eabi/16.1.0/../../../../arm-none-eabi/lib/thumb/libsysbase.a(libsysbase_libsysbase_a-handle_manager.o)
                0x02028ae0                __get_handle
 .text._close_r
                0x02028b14       0xb0 /opt/devkitpro/devkitARM/lib/gcc/arm-none-eabi/16.1.0/../../../../arm-none-eabi/lib/thumb/libsysbase.a(libsysbase_libsysbase_a-handle_manager.o)
                0x02028b14                _close_r
 .text.null_write
                0x02028bc4        0x4 /opt/devkitpro/devkitARM/lib/gcc/arm-none-eabi/16.1.0/../../../../arm-none-eabi/lib/thumb/libsysbase.a(libsysbase_libsysbase_a-iosupport.o)
 .text.setDefaultDevice
                0x02028bc8       0x10 /opt/devkitpro/devkitARM/lib/gcc/arm-none-eabi/16.1.0/../../../../arm-none-eabi/lib/thumb/libsysbase.a(libsysbase_libsysbase_a-iosupport.o)
                0x02028bc8                setDefaultDevice
 .text.FindDevice
                0x02028bd8       0x64 /opt/devkitpro/devkitARM/lib/gcc/arm-none-eabi/16.1.0/../../../../arm-none-eabi/lib/thumb/libsysbase.a(libsysbase_libsysbase_a-iosupport.o)
                0x02028bd8                FindDevice
 .text.AddDevice
                0x02028c3c       0x68 /opt/devkitpro/devkitARM/lib/gcc/arm-none-eabi/16.1.0/../../../../arm-none-eabi/lib/thumb/libsysbase.a(libsysbase_libsysbase_a-iosupport.o)
                0x02028c3c                AddDevice
 .text.GetDeviceOpTab
                0x02028ca4       0x20 /opt/devkitpro/devkitARM/lib/gcc/arm-none-eabi/16.1.0/../../../../arm-none-eabi/lib/thumb/libsysbase.a(libsysbase_libsysbase_a-iosupport.o)
                0x02028ca4                GetDeviceOpTab
 .text._isatty_r
                0x02028cc4        0x4 /opt/devkitpro/devkitARM/lib/gcc/arm-none-eabi/16.1.0/../../../../arm-none-eabi/lib/thumb/libsysbase.a(libsysbase_libsysbase_a-isatty.o)
                0x02028cc4                _isatty_r
 .text._kill_r  0x02028cc8        0xc /opt/devkitpro/devkitARM/lib/gcc/arm-none-eabi/16.1.0/../../../../arm-none-eabi/lib/thumb/libsysbase.a(libsysbase_libsysbase_a-kill.o)
                0x02028cc8                _kill_r
 .text._lseek_r
                0x02028cd4       0x64 /opt/devkitpro/devkitARM/lib/gcc/arm-none-eabi/16.1.0/../../../../arm-none-eabi/lib/thumb/libsysbase.a(libsysbase_libsysbase_a-lseek.o)
                0x02028cd4                _lseek_r
 .text.mkdir    0x02028d38       0x4c /opt/devkitpro/devkitARM/lib/gcc/arm-none-eabi/16.1.0/../../../../arm-none-eabi/lib/thumb/libsysbase.a(libsysbase_libsysbase_a-mkdir.o)
                0x02028d38                mkdir
 .text._open_r  0x02028d84       0x8c /opt/devkitpro/devkitARM/lib/gcc/arm-none-eabi/16.1.0/../../../../arm-none-eabi/lib/thumb/libsysbase.a(libsysbase_libsysbase_a-open.o)
                0x02028d84                _open_r
 .text._read_r  0x02028e10       0x5c /opt/devkitpro/devkitARM/lib/gcc/arm-none-eabi/16.1.0/../../../../arm-none-eabi/lib/thumb/libsysbase.a(libsysbase_libsysbase_a-read.o)
                0x02028e10                _read_r
 .text._rmdir_r
                0x02028e6c       0x50 /opt/devkitpro/devkitARM/lib/gcc/arm-none-eabi/16.1.0/../../../../arm-none-eabi/lib/thumb/libsysbase.a(libsysbase_libsysbase_a-rmdir.o)
                0x02028e6c                _rmdir_r
 .text._sbrk_r  0x02028ebc       0x50 /opt/devkitpro/devkitARM/lib/gcc/arm-none-eabi/16.1.0/../../../../arm-none-eabi/lib/thumb/libsysbase.a(libsysbase_libsysbase_a-sbrk.o)
                0x02028ebc                _sbrk_r
 .text._stat_r  0x02028f0c       0x54 /opt/devkitpro/devkitARM/lib/gcc/arm-none-eabi/16.1.0/../../../../arm-none-eabi/lib/thumb/libsysbase.a(libsysbase_libsysbase_a-stat.o)
                0x02028f0c                _stat_r
 .text.__libc_lock_acquire
                0x02028f60       0x18 /opt/devkitpro/devkitARM/lib/gcc/arm-none-eabi/16.1.0/../../../../arm-none-eabi/lib/thumb/libsysbase.a(libsysbase_libsysbase_a-syscall_support.o)
                0x02028f60                __libc_lock_acquire
 .text.__libc_lock_release
                0x02028f78       0x18 /opt/devkitpro/devkitARM/lib/gcc/arm-none-eabi/16.1.0/../../../../arm-none-eabi/lib/thumb/libsysbase.a(libsysbase_libsysbase_a-syscall_support.o)
                0x02028f78                __libc_lock_release
 .text.__libc_lock_acquire_recursive
                0x02028f90       0x18 /opt/devkitpro/devkitARM/lib/gcc/arm-none-eabi/16.1.0/../../../../arm-none-eabi/lib/thumb/libsysbase.a(libsysbase_libsysbase_a-syscall_support.o)
                0x02028f90                __libc_lock_acquire_recursive
 .text.__libc_lock_release_recursive
                0x02028fa8       0x18 /opt/devkitpro/devkitARM/lib/gcc/arm-none-eabi/16.1.0/../../../../arm-none-eabi/lib/thumb/libsysbase.a(libsysbase_libsysbase_a-syscall_support.o)
                0x02028fa8                __libc_lock_release_recursive
 .text._unlink_r
                0x02028fc0       0x50 /opt/devkitpro/devkitARM/lib/gcc/arm-none-eabi/16.1.0/../../../../arm-none-eabi/lib/thumb/libsysbase.a(libsysbase_libsysbase_a-unlink.o)
                0x02028fc0                _unlink_r
 .text._write_r
                0x02029010       0x5c /opt/devkitpro/devkitARM/lib/gcc/arm-none-eabi/16.1.0/../../../../arm-none-eabi/lib/thumb/libsysbase.a(libsysbase_libsysbase_a-write.o)
                0x02029010                _write_r
 .text          0x0202906c       0x14 /opt/devkitpro/devkitARM/lib/gcc/arm-none-eabi/16.1.0/thumb/libgcc.a(_thumb1_case_uqi.o)
                0x0202906c                __gnu_thumb1_case_uqi
 .text          0x02029080       0x14 /opt/devkitpro/devkitARM/lib/gcc/arm-none-eabi/16.1.0/thumb/libgcc.a(_thumb1_case_uhi.o)
                0x02029080                __gnu_thumb1_case_uhi
 .text          0x02029094      0x424 /opt/devkitpro/devkitARM/lib/gcc/arm-none-eabi/16.1.0/thumb/libgcc.a(_arm_addsubdf3.o)
                0x02029094                __aeabi_drsub
                0x0202909c                __subdf3
                0x0202909c                __aeabi_dsub
                0x020290a0                __aeabi_dadd
                0x020290a0                __adddf3
                0x020293b0                __aeabi_ui2d
                0x020293b0                __floatunsidf
                0x020293d4                __floatsidf
                0x020293d4                __aeabi_i2d
                0x020293fc                __extendsfdf2
                0x020293fc                __aeabi_f2d
                0x02029444                __aeabi_ul2d
                0x02029444                __floatundidf
                0x02029458                __aeabi_l2d
                0x02029458                __floatdidf
 .text          0x020294b8      0x49c /opt/devkitpro/devkitARM/lib/gcc/arm-none-eabi/16.1.0/thumb/libgcc.a(_arm_muldivdf3.o)
                0x020294b8                __aeabi_dmul
                0x020294b8                __muldf3
                0x02029748                __aeabi_ddiv
                0x02029748                __divdf3
 .text          0x02029954      0x144 /opt/devkitpro/devkitARM/lib/gcc/arm-none-eabi/16.1.0/thumb/libgcc.a(_arm_cmpdf2.o)
                0x02029954                __gedf2
                0x02029954                __gtdf2
                0x0202995c                __ledf2
                0x0202995c                __ltdf2
                0x02029964                __cmpdf2
                0x02029964                __eqdf2
                0x02029964                __nedf2
                0x020299ec                __aeabi_cdrcmple
                0x02029a08                __aeabi_cdcmple
                0x02029a08                __aeabi_cdcmpeq
                0x02029a20                __aeabi_dcmpeq
                0x02029a38                __aeabi_dcmplt
                0x02029a50                __aeabi_dcmple
                0x02029a68                __aeabi_dcmpge
                0x02029a80                __aeabi_dcmpgt
 .text          0x02029a98       0x38 /opt/devkitpro/devkitARM/lib/gcc/arm-none-eabi/16.1.0/thumb/libgcc.a(_arm_unorddf2.o)
                0x02029a98                __aeabi_dcmpun
                0x02029a98                __unorddf2
 .text          0x02029ad0       0x5c /opt/devkitpro/devkitARM/lib/gcc/arm-none-eabi/16.1.0/thumb/libgcc.a(_arm_fixdfsi.o)
                0x02029ad0                __fixdfsi
                0x02029ad0                __aeabi_d2iz
 .text          0x02029b2c       0x54 /opt/devkitpro/devkitARM/lib/gcc/arm-none-eabi/16.1.0/thumb/libgcc.a(_arm_fixunsdfsi.o)
                0x02029b2c                __fixunsdfsi
                0x02029b2c                __aeabi_d2uiz
 .text          0x02029b80       0xa0 /opt/devkitpro/devkitARM/lib/gcc/arm-none-eabi/16.1.0/thumb/libgcc.a(_arm_truncdfsf2.o)
                0x02029b80                __aeabi_d2f
                0x02029b80                __truncdfsf2
 .text.__muldi3
                0x02029c20       0x58 /opt/devkitpro/devkitARM/lib/gcc/arm-none-eabi/16.1.0/thumb/libgcc.a(_muldi3.o)
                0x02029c20                __aeabi_lmul
                0x02029c20                __muldi3
 .text.__fixdfdi
                0x02029c78       0x3c /opt/devkitpro/devkitARM/lib/gcc/arm-none-eabi/16.1.0/thumb/libgcc.a(_fixdfdi.o)
                0x02029c78                __aeabi_d2lz
                0x02029c78                __fixdfdi
 .text.__fixunsdfdi
                0x02029cb4       0x40 /opt/devkitpro/devkitARM/lib/gcc/arm-none-eabi/16.1.0/thumb/libgcc.a(_fixunsdfdi.o)
                0x02029cb4                __aeabi_d2ulz
                0x02029cb4                __fixunsdfdi
 .text.selfrel_offset31
                0x02029cf4       0x18 /opt/devkitpro/devkitARM/lib/gcc/arm-none-eabi/16.1.0/thumb/libgcc.a(unwind-arm.o)
 .text.search_EIT_table
                0x02029d0c       0x74 /opt/devkitpro/devkitARM/lib/gcc/arm-none-eabi/16.1.0/thumb/libgcc.a(unwind-arm.o)
 .text.__gnu_unwind_get_pr_addr
                0x02029d80       0x28 /opt/devkitpro/devkitARM/lib/gcc/arm-none-eabi/16.1.0/thumb/libgcc.a(unwind-arm.o)
 .text.get_eit_entry
                0x02029da8       0x98 /opt/devkitpro/devkitARM/lib/gcc/arm-none-eabi/16.1.0/thumb/libgcc.a(unwind-arm.o)
 .text.restore_non_core_regs
                0x02029e40       0x5c /opt/devkitpro/devkitARM/lib/gcc/arm-none-eabi/16.1.0/thumb/libgcc.a(unwind-arm.o)
 .text._Unwind_decode_typeinfo_ptr.constprop.0
                0x02029e9c        0xc /opt/devkitpro/devkitARM/lib/gcc/arm-none-eabi/16.1.0/thumb/libgcc.a(unwind-arm.o)
 .text._Unwind_DebugHook
                0x02029ea8        0x4 /opt/devkitpro/devkitARM/lib/gcc/arm-none-eabi/16.1.0/thumb/libgcc.a(unwind-arm.o)
 .text.unwind_phase2
                0x02029eac       0x40 /opt/devkitpro/devkitARM/lib/gcc/arm-none-eabi/16.1.0/thumb/libgcc.a(unwind-arm.o)
 .text.unwind_phase2_forced
                0x02029eec       0xe0 /opt/devkitpro/devkitARM/lib/gcc/arm-none-eabi/16.1.0/thumb/libgcc.a(unwind-arm.o)
 .text.__gnu_Unwind_RaiseException
                0x02029fcc       0x58 /opt/devkitpro/devkitARM/lib/gcc/arm-none-eabi/16.1.0/thumb/libgcc.a(unwind-arm.o)
                0x02029fcc                __gnu_Unwind_RaiseException
 .text.__gnu_Unwind_ForcedUnwind
                0x0202a024       0x18 /opt/devkitpro/devkitARM/lib/gcc/arm-none-eabi/16.1.0/thumb/libgcc.a(unwind-arm.o)
                0x0202a024                __gnu_Unwind_ForcedUnwind
 .text.__gnu_Unwind_Resume
                0x0202a03c       0x4c /opt/devkitpro/devkitARM/lib/gcc/arm-none-eabi/16.1.0/thumb/libgcc.a(unwind-arm.o)
                0x0202a03c                __gnu_Unwind_Resume
 .text.__gnu_Unwind_Resume_or_Rethrow
                0x0202a088       0x20 /opt/devkitpro/devkitARM/lib/gcc/arm-none-eabi/16.1.0/thumb/libgcc.a(unwind-arm.o)
                0x0202a088                __gnu_Unwind_Resume_or_Rethrow
 .text._Unwind_VRS_Get
                0x0202a0a8       0x44 /opt/devkitpro/devkitARM/lib/gcc/arm-none-eabi/16.1.0/thumb/libgcc.a(unwind-arm.o)
                0x0202a0a8                _Unwind_VRS_Get
 .text._Unwind_GetGR
                0x0202a0ec       0x1c /opt/devkitpro/devkitARM/lib/gcc/arm-none-eabi/16.1.0/thumb/libgcc.a(unwind-arm.o)
 .text._Unwind_VRS_Set
                0x0202a108       0x44 /opt/devkitpro/devkitARM/lib/gcc/arm-none-eabi/16.1.0/thumb/libgcc.a(unwind-arm.o)
                0x0202a108                _Unwind_VRS_Set
 .text._Unwind_SetGR
                0x0202a14c       0x1c /opt/devkitpro/devkitARM/lib/gcc/arm-none-eabi/16.1.0/thumb/libgcc.a(unwind-arm.o)
 .text.__gnu_Unwind_Backtrace
                0x0202a168       0x78 /opt/devkitpro/devkitARM/lib/gcc/arm-none-eabi/16.1.0/thumb/libgcc.a(unwind-arm.o)
                0x0202a168                __gnu_Unwind_Backtrace