Archive member included to satisfy reference by file (symbol)

/opt/devkitpro/libnds/lib/libfat.a(fat_wrappers.o)
                              main.o (fatInitDefault)
/opt/devkitpro/libnds/lib/libfat.a(dvm_calico.o)
                              /opt/devkitpro/libnds/lib/libfat.a(fat_wrappers.o) (dvmInit)
/opt/devkitpro/libnds/lib/libfat.a(dvm_disc.o)
                              /opt/devkitpro/libnds/lib/libfat.a(fat_wrappers.o) (dvmDiscCreate)
/opt/devkitpro/libnds/lib/libfat.a(dvm_cache.o)
                              /opt/devkitpro/libnds/lib/libfat.a(fat_wrappers.o) (dvmDiscCacheCreate)
/opt/devkitpro/libnds/lib/libfat.a(dvm_volume.o)
                              /opt/devkitpro/libnds/lib/libfat.a(fat_wrappers.o) (dvmMountVolume)
/opt/devkitpro/libnds/lib/libfat.a(dvm_prober.o)
                              /opt/devkitpro/libnds/lib/libfat.a(dvm_calico.o) (dvmProbeMountDisc)
/opt/devkitpro/libnds/lib/libfat.a(fat_driver.o)
                              /opt/devkitpro/libnds/lib/libfat.a(dvm_volume.o) (g_vfatFsDriver)
/opt/devkitpro/libnds/lib/libfat.a(ff.o)
                              /opt/devkitpro/libnds/lib/libfat.a(fat_driver.o) (f_mount)
/opt/devkitpro/libnds/lib/libfat.a(ffunicode.o)
                              /opt/devkitpro/libnds/lib/libfat.a(ff.o) (ff_uni2oem)
/opt/devkitpro/libnds/lib/libnds9.a(background.o)
                              main.o (bgState)
/opt/devkitpro/libnds/lib/libnds9.a(keys.o)
                              main.o (scanKeys)
/opt/devkitpro/libnds/lib/libnds9.a(trig.o)
                              /opt/devkitpro/libnds/lib/libnds9.a(background.o) (sinLerp)
/opt/devkitpro/calico/lib/libcalico_ds9.a(thread_cold.o)
                              main.o (threadIrqWait)
/opt/devkitpro/calico/lib/libcalico_ds9.a(thread_hot.32.o)
                              /opt/devkitpro/calico/lib/libcalico_ds9.a(thread_cold.o) (threadSwitchTo)
/opt/devkitpro/calico/lib/libcalico_ds9.a(mutex.o)
                              /opt/devkitpro/calico/lib/libcalico_ds9.a(thread_cold.o) (threadUpdateDynamicPrio)
/opt/devkitpro/calico/lib/libcalico_ds9.a(newlib_syscalls.o)
                              /opt/devkitpro/libnds/lib/libfat.a(fat_driver.o) (__errno)
/opt/devkitpro/calico/lib/libcalico_ds9.a(arm-copy-fill.32.o)
                              /opt/devkitpro/libnds/lib/libfat.a(dvm_calico.o) (armCopyMem32)
/opt/devkitpro/calico/lib/libcalico_ds9.a(arm-context.32.o)
                              /opt/devkitpro/calico/lib/libcalico_ds9.a(thread_hot.32.o) (armContextSave)
/opt/devkitpro/calico/lib/libcalico_ds9.a(arm-shims.32.o)
                              /opt/devkitpro/calico/lib/libcalico_ds9.a(thread_cold.o) (armWaitForIrq)
/opt/devkitpro/calico/lib/libcalico_ds9.a(startup.crt0.o)
                              /opt/devkitpro/libnds/lib/libfat.a(dvm_calico.o) (g_isTwlMode)
/opt/devkitpro/calico/lib/libcalico_ds9.a(utils.crt0.o)
                              /opt/devkitpro/calico/lib/libcalico_ds9.a(startup.crt0.o) (crt0CopyMem32)
/opt/devkitpro/calico/lib/libcalico_ds9.a(pxi.o)
                              /opt/devkitpro/calico/lib/libcalico_ds9.a(startup.crt0.o) (_pxiInit)
/opt/devkitpro/calico/lib/libcalico_ds9.a(keypad.o)
                              /opt/devkitpro/libnds/lib/libnds9.a(keys.o) (keypadGetState)
/opt/devkitpro/calico/lib/libcalico_ds9.a(bootstub_arm9.o)
                              (__ds9_bootstub)
/opt/devkitpro/calico/lib/libcalico_ds9.a(mpu_setup.crt0.o)
                              /opt/devkitpro/calico/lib/libcalico_ds9.a(startup.crt0.o) (crt0SetupMPU)
/opt/devkitpro/calico/lib/libcalico_ds9.a(sys_startup.o)
                              /opt/devkitpro/calico/lib/libcalico_ds9.a(startup.crt0.o) (systemStartup)
/opt/devkitpro/calico/lib/libcalico_ds9.a(excpt_handler.32.o)
                              /opt/devkitpro/calico/lib/libcalico_ds9.a(bootstub_arm9.o) (__arm_excpt_rst)
/opt/devkitpro/calico/lib/libcalico_ds9.a(touch.o)
                              /opt/devkitpro/libnds/lib/libnds9.a(keys.o) (touchRead)
/opt/devkitpro/calico/lib/libcalico_ds9.a(blk.o)
                              /opt/devkitpro/libnds/lib/libfat.a(dvm_calico.o) (blkInit)
/opt/devkitpro/calico/lib/libcalico_ds9.a(irq.o)
                              /opt/devkitpro/calico/lib/libcalico_ds9.a(pxi.o) (irqSet)
/opt/devkitpro/calico/lib/libcalico_ds9.a(tick.o)
                              /opt/devkitpro/calico/lib/libcalico_ds9.a(thread_cold.o) (tickTaskStart)
/opt/devkitpro/calico/lib/libcalico_ds9.a(mailbox.o)
                              /opt/devkitpro/calico/lib/libcalico_ds9.a(pxi.o) (mailboxTrySend)
/opt/devkitpro/calico/lib/libcalico_ds9.a(arm-cache.32.o)
                              /opt/devkitpro/calico/lib/libcalico_ds9.a(startup.crt0.o) (armDCacheFlushAll)
/opt/devkitpro/calico/lib/libcalico_ds9.a(irq_handler.32.o)
                              /opt/devkitpro/calico/lib/libcalico_ds9.a(bootstub_arm9.o) (__arm_excpt_irq)
/opt/devkitpro/calico/lib/libcalico_ds9.a(pm.o)
[...]
Memory Configuration

Name             Origin             Length             Attributes
lma9             0x02004000         0x0027c000
lma9i            0x02400000         0x00280000
vectors          0x00000000         0x00000020
itcm             0x01ff8020         0x00007fe0
main             0x02001000         0x00f7f000
dtcm             0x02ff0000         0x00003e80
dldi             0x0380b000         0x00004000
stub             0x0e000000         0x00004000
tls              0x00000000         0x00000400
*default*        0x00000000         0xffffffff

Linker script and memory map

                0x00000000                        __sync_synchronize = __sync_synchronize_none
LOAD /opt/devkitpro/devkitARM/lib/gcc/arm-none-eabi/16.1.0/thumb/crti.o
LOAD /opt/devkitpro/devkitARM/lib/gcc/arm-none-eabi/16.1.0/thumb/crtbegin.o
LOAD main.o
LOAD picojpeg.o
LOAD puff.o
LOAD /opt/devkitpro/libnds/lib/libfat.a
LOAD /opt/devkitpro/libnds/lib/libnds9.a
LOAD /opt/devkitpro/calico/lib/libcalico_ds9.a
START GROUP
LOAD /opt/devkitpro/devkitARM/lib/gcc/arm-none-eabi/16.1.0/thumb/libgcc.a
LOAD /opt/devkitpro/devkitARM/lib/gcc/arm-none-eabi/16.1.0/../../../../arm-none-eabi/lib/thumb/libg.a
LOAD /opt/devkitpro/devkitARM/lib/gcc/arm-none-eabi/16.1.0/../../../../arm-none-eabi/lib/thumb/libc.a
LOAD /opt/devkitpro/devkitARM/lib/gcc/arm-none-eabi/16.1.0/../../../../arm-none-eabi/lib/thumb/libsysbase.a
END GROUP
LOAD /opt/devkitpro/devkitARM/lib/gcc/arm-none-eabi/16.1.0/thumb/crtend.o
LOAD /opt/devkitpro/devkitARM/lib/gcc/arm-none-eabi/16.1.0/thumb/crtn.o
                0x02ff3e80                        PROVIDE (__sp_usr = (ORIGIN (dtcm) + LENGTH (dtcm)))
                0x02ff3f80                        PROVIDE (__sp_irq = (__sp_usr + 0x100))
                0x02ff3fc0                        PROVIDE (__sp_svc = (__sp_irq + 0x40))
                0x02ff3ff8                        PROVIDE (__irq_flags = (__sp_svc + 0x38))
                [!provide]                        PROVIDE (__irq_vector = (__sp_svc + 0x3c))
                [!provide]                        PROVIDE (__arm_excpt_rst = 0xffff0000)
                [!provide]                        PROVIDE (__arm_excpt_und = 0xffff0004)
                0xffff0008                        PROVIDE (__arm_excpt_svc = 0xffff0008)
                [!provide]                        PROVIDE (__arm_excpt_pabt = 0xffff000c)
                [!provide]                        PROVIDE (__arm_excpt_dabt = 0xffff0010)
                [!provide]                        PROVIDE (__arm_excpt_irq = 0xffff0018)
                [!provide]                        PROVIDE (__arm_excpt_fiq = 0xffff001c)
                0x00000000                        PROVIDE (__end__ = 0x0)

.secure         0x0e000000      0x800 load address 0x02004000
                0x0e0007fc                        . = (. + 0x7fc)
 *fill*         0x0e000000      0x7fc 00000000
                0x0e0007fc        0x4 LONG 0x0

.bootstub       0x0e000800      0x198 load address 0x02004800
 *(.bootstub .bootstub.*)
 .bootstub.__ds9_bootstub
                0x0e000800      0x198 /opt/devkitpro/calico/lib/libcalico_ds9.a(bootstub_arm9.o)
                0x0e000800                __ds9_bootstub
                0x0e000998                        . = ALIGN (0x4)

.crt0           0x02001000      0x3c0 load address 0x02004998
 *(.crt0 .crt0.*)
 .crt0.__ds9_bootstub_trampoline
                0x02001000       0x60 /opt/devkitpro/calico/lib/libcalico_ds9.a(bootstub_arm9.o)
 *.crt0.*(.text .stub .text.* .gnu.linkonce.t.*)
 .text.crt0ProcessLoadList
                0x02001060       0x74 /opt/devkitpro/calico/lib/libcalico_ds9.a(startup.crt0.o)
                0x02001060                crt0ProcessLoadList
 .text.crt0Startup
                0x020010d4      0x180 /opt/devkitpro/calico/lib/libcalico_ds9.a(startup.crt0.o)
                0x020010d4                crt0Startup
 .text.crt0CopyMem32
                0x02001254       0x4c /opt/devkitpro/calico/lib/libcalico_ds9.a(utils.crt0.o)
                0x02001254                crt0CopyMem32
 .text.crt0FillMem32
                0x020012a0       0x58 /opt/devkitpro/calico/lib/libcalico_ds9.a(utils.crt0.o)
                0x020012a0                crt0FillMem32
 .text.crt0SetupMPU
                0x020012f8       0xb4 /opt/devkitpro/calico/lib/libcalico_ds9.a(mpu_setup.crt0.o)
                0x020012f8                crt0SetupMPU
 *.crt0.*(.glue_7t .glue_7 .vfp11_veneer .v4_bx)
 *.crt0.*(.rodata .rodata.* .gnu.linkonce.r.*)
 *.crt0.*(.rodata1)
                0x020013c0                        . = ALIGN (0x20)
 *fill*         0x020013ac       0x14 ff
                0x02004998                        PROVIDE (__crt0_lma = LOADADDR (.crt0))
                0x02001000                        PROVIDE (__crt0_start = ADDR (.crt0))
                0x020013c0                        PROVIDE (__crt0_end = (ADDR (.crt0) + SIZEOF (.crt0)))
                0x00000001                        ASSERT (((__crt0_end <= LOADADDR (.bootstub)) || (__crt0_start >= (LOADADDR (.bootstub) + SIZEOF (.bootstub)))), Error: crt0 section overlaps initial bootstrap)

.dldi           0x0380b000     0x4000 load address 0x02004d58
 *(.dldi)
 .dldi          0x0380b000     0x4000 /opt/devkitpro/calico/lib/libcalico_ds9.a(dldi_stub.o)
                0x0380b000                __dldi_start
                0x02004d58                        PROVIDE (__dldi_lma = SIZEOF (.dldi)?LOADADDR (.dldi):0x0)

.vectors        0x00000000       0x20 load address 0x02008d58
 *(.vectors)
 .vectors       0x00000000       0x20 /opt/devkitpro/calico/lib/libcalico_ds9.a(bootstub_arm9.o)

.itcm           0x01ff8020      0x6c8 load address 0x02008d78
 *(.itcm .itcm.*)
 .itcm          0x01ff8020       0x30 /opt/devkitpro/calico/lib/libcalico_ds9.a(bootstub_arm9.o)
                0x01ff8038                __excpt_vectors
 *.itcm.*(.text .stub .text.* .gnu.linkonce.t.*)
 *.32.o(.text .stub .text.* .gnu.linkonce.t.*)
 .text.threadSwitchTo
                0x01ff8050       0x7c /opt/devkitpro/calico/lib/libcalico_ds9.a(thread_hot.32.o)
                0x01ff8050                threadSwitchTo
 .text.threadBlock
                0x01ff80cc       0xd4 /opt/devkitpro/calico/lib/libcalico_ds9.a(thread_hot.32.o)
                0x01ff80cc                threadBlock
 .text.threadUnblockOneByValue
                0x01ff81a0       0xd4 /opt/devkitpro/calico/lib/libcalico_ds9.a(thread_hot.32.o)
                0x01ff81a0                threadUnblockOneByValue
 .text.threadUnblockAllByValue
                0x01ff8274      0x138 /opt/devkitpro/calico/lib/libcalico_ds9.a(thread_hot.32.o)
                0x01ff8274                threadUnblockAllByValue
 .text.threadUnblockAllByMask
                0x01ff83ac       0xf0 /opt/devkitpro/calico/lib/libcalico_ds9.a(thread_hot.32.o)
                0x01ff83ac                threadUnblockAllByMask
 .text.armCopyMem32
                0x01ff849c       0x4c /opt/devkitpro/calico/lib/libcalico_ds9.a(arm-copy-fill.32.o)
                0x01ff849c                armCopyMem32
 .text.armContextSave
                0x01ff84e8       0x2c /opt/devkitpro/calico/lib/libcalico_ds9.a(arm-context.32.o)
                0x01ff84e8                armContextSave
 .text.armContextLoad
                0x01ff8514       0x20 /opt/devkitpro/calico/lib/libcalico_ds9.a(arm-context.32.o)
                0x01ff8514                armContextLoad
                0x01ff8518                armContextLoadFromSvc
 .text.armWaitForIrq
                0x01ff8534        0x8 /opt/devkitpro/calico/lib/libcalico_ds9.a(arm-shims.32.o)
                0x01ff8534                armWaitForIrq
 .text.__excpt_entry
                0x01ff853c       0x50 /opt/devkitpro/calico/lib/libcalico_ds9.a(excpt_handler.32.o)
                0x01ff853c                __arm_excpt_rst
                0x01ff8540                __arm_excpt_pabt
                0x01ff8544                __arm_excpt_und
                0x01ff8550                __arm_excpt_dabt
 .text.armDrainWriteBuffer
                0x01ff858c        0xc /opt/devkitpro/calico/lib/libcalico_ds9.a(arm-cache.32.o)
                0x01ff858c                armDrainWriteBuffer
 .text.armDCacheFlushAll
                0x01ff8598       0x28 /opt/devkitpro/calico/lib/libcalico_ds9.a(arm-cache.32.o)
                0x01ff8598                armDCacheFlushAll
 .text.armDCacheFlush
                0x01ff85c0       0x1c /opt/devkitpro/calico/lib/libcalico_ds9.a(arm-cache.32.o)
                0x01ff85c0                armDCacheFlush
 .text.armDCacheInvalidate
                0x01ff85dc       0x1c /opt/devkitpro/calico/lib/libcalico_ds9.a(arm-cache.32.o)
                0x01ff85dc                armDCacheInvalidate
 .text.armICacheInvalidateAll
                0x01ff85f8        0xc /opt/devkitpro/calico/lib/libcalico_ds9.a(arm-cache.32.o)
                0x01ff85f8                armICacheInvalidateAll
 .text.__arm_excpt_irq
                0x01ff8604       0xe4 /opt/devkitpro/calico/lib/libcalico_ds9.a(irq_handler.32.o)
                0x01ff8604                __arm_excpt_irq
 *.itcm.*(.glue_7t .glue_7 .vfp11_veneer .v4_bx)
 *.32.o(.glue_7t .glue_7 .vfp11_veneer .v4_bx)
 *.itcm.*(.rodata .rodata.* .gnu.linkonce.r.*)
 *.32.o(.rodata .rodata.* .gnu.linkonce.r.*)
 *.itcm.*(.rodata1)
 *.32.o(.rodata1)
                0x01ff86e8                        . = ALIGN (0x4)
                0x02008d58                        PROVIDE (__itcm_lma = LOADADDR (.vectors))
                0x01ff8000                        PROVIDE (__itcm_start = (ADDR (.itcm) - SIZEOF (.vectors)))
                0x01ff86e8                        PROVIDE (__itcm_end = (ADDR (.itcm) + SIZEOF (.itcm)))
                0x00000001                        ASSERT (((__itcm_lma + SIZEOF (.vectors)) == LOADADDR (.itcm)), Error: gap between vectors and itcm)

.dtcm           0x02ff0000        0x0 load address 0x02009440
 *(.dtcm .dtcm.*)
 *.32.o(.data .data.* .gnu.linkonce.d.*)
 *.32.o(.data1)
                0x02ff0000                        . = ALIGN (0x4)
                [!provide]                        PROVIDE (__dtcm_lma = LOADADDR (.dtcm))
                0x02ff0000                        PROVIDE (__dtcm_start = ADDR (.dtcm))
                0x02ff0000                        PROVIDE (__dtcm_end = (ADDR (.dtcm) + SIZEOF (.dtcm)))

.dtcm.bss       0x02ff0000       0x98 load address 0x02009440
 *(.sbss .sbss.*)
 *.32.o(.dynbss)
 *.32.o(.bss .bss.* .gnu.linkonce.b.*)
 .bss.__irq_table
                0x02ff0000       0x80 /opt/devkitpro/calico/lib/libcalico_ds9.a(thread_hot.32.o)
                0x02ff0000                __irq_table
 .bss.__sched_state
                0x02ff0080       0x18 /opt/devkitpro/calico/lib/libcalico_ds9.a(thread_hot.32.o)
                0x02ff0080                __sched_state
 *.32.o(COMMON)
                0x02ff0098                        . = ALIGN (0x4)
                [!provide]                        PROVIDE (__dtcm_bss_start = ADDR (.dtcm.bss))
                0x02ff0098                        PROVIDE (__dtcm_bss_end = (ADDR (.dtcm.bss) + SIZEOF (.dtcm.bss)))

.main           0x020013c0    0x30364 load address 0x02009440
 *(SORT_NONE(.init))
 .init          0x020013c0        0x4 /opt/devkitpro/devkitARM/lib/gcc/arm-none-eabi/16.1.0/thumb/crti.o
                0x020013c0                _init
 .init          0x020013c4        0x8 /opt/devkitpro/devkitARM/lib/gcc/arm-none-eabi/16.1.0/thumb/crtn.o
 EXCLUDE_FILE(*.twl.*) *(.text.unlikely .text.*_unlikely .text.unlikely.*)
 EXCLUDE_FILE(*.twl.*) *(.text.exit .text.exit.*)
 .text.exit     0x020013cc       0x24 /opt/devkitpro/devkitARM/lib/gcc/arm-none-eabi/16.1.0/../../../../arm-none-eabi/lib/thumb/libg.a(libc_a-exit.o)
                0x020013cc                exit
 EXCLUDE_FILE(*.twl.*) *(.text.startup .text.startup.*)
 .text.startup.main
                0x020013f0     0x3b68 main.o
                0x020013f0                main
 EXCLUDE_FILE(*.twl.*) *(.text.hot .text.hot.*)
 EXCLUDE_FILE(*.twl.*) *(.text .iplt .stub .text.* .gnu.linkonce.t.*)
 .text.__do_global_dtors_aux
                0x02004f58       0x2c /opt/devkitpro/devkitARM/lib/gcc/arm-none-eabi/16.1.0/thumb/crtbegin.o
 .text.frame_dummy
                0x02004f84       0x24 /opt/devkitpro/devkitARM/lib/gcc/arm-none-eabi/16.1.0/thumb/crtbegin.o
 .iplt          0x02004fa8        0x0 /opt/devkitpro/devkitARM/lib/gcc/arm-none-eabi/16.1.0/thumb/crtbegin.o
 .text.repartition
                0x02004fa8       0x94 main.o
 .text.list_navigate
                0x0200503c       0xfc main.o
 .text.grid_navigate
                0x02005138      0x118 main.o
 .text.preview_free
                0x02005250       0x2c main.o
 .text.theme_find_or_add
                0x0200527c       0x7c main.o
 .text.jpg_close
                0x020052f8       0x18 main.o
 .text.theme_render_photo
                0x02005310      0x110 main.o
 .text.build_page_list
                0x02005420       0xf0 main.o
 .text.wbe32    0x02005510       0x30 main.o
 .text.pj_read  0x02005540       0x24 main.o
 .text.copy_file
                0x02005564       0x70 main.o
 .text.copy_dir_recursive
                0x020055d4       0xf4 main.o
 .text.decode_png_mem
                0x020056c8      0x800 main.o
 .text.read_png
                0x02005ec8      0x328 main.o
 .text.twl_set_theme
                0x020061f0      0x1f0 main.o
 .text.build_theme_list
                0x020063e0      0x1c4 main.o
 .text.wait_keys
                0x020065a4       0x1c main.o
 .text.bgGetGfxPtr
                0x020065c0       0x64 main.o
 .text.find_dir.constprop.0
                0x02006624       0xe4 main.o
 .text.find_file.constprop.0
                0x02006708       0xe0 main.o
 .text.tv_top_paths.constprop.0
                0x020067e8       0xa4 main.o
 .text.twl_get_theme.constprop.0
                0x0200688c      0x154 main.o
 .text.fb_dim_rect.constprop.0
                0x020069e0       0x94 main.o
 .text.make_out_name.constprop.0
                0x02006a74       0x5c main.o
 .text.read_png_full.constprop.0
                0x02006ad0       0xa4 main.o
 .text.fb_rect  0x02006b74       0x78 main.o
 .text.fb_text  0x02006bec       0xcc main.o
 .text.fb_text_clip
                0x02006cb8       0x48 main.o
 .text.fb_blit_rgb
                0x02006d00       0xcc main.o
 .text.fb_pill.constprop.0
                0x02006dcc      0x180 main.o
 .text.fb_corner_btn.constprop.0.isra.0
                0x02006f4c       0xf4 main.o
 .text.wchunk   0x02007040      0x138 main.o
 .text.write_png
                0x02007178      0x214 main.o
 .text.fb_button_arrow.constprop.0.isra.0
                0x0200738c      0x10c main.o
 .text.fb_button.constprop.0.isra.0
                0x02007498      0x12c main.o
 .text.draw_hint_glyph
                0x020075c4       0x60 main.o
 .text.redraw_grid_info
                0x02007624       0xb4 main.o
 .text.draw_footer_hints
                0x020076d8       0x90 main.o
 .text.enter_menu_chrome
                0x02007768       0x8c main.o
 .text.message_screen
                0x020077f4       0xc0 main.o
 .text.draw_riddle
                0x020078b4      0x104 main.o
 .text.draw_footer_2col.constprop.0
                0x020079b8       0xc0 main.o
 .text.redraw_preview
                0x02007a78       0x80 main.o
 .text.redraw_menu
                0x02007af8       0xf8 main.o
 .text.draw_default_preview
                0x02007bf0       0xe0 main.o
 .text.grid_draw_cell
                0x02007cd0      0x2d8 main.o
 .text.redraw_rows
                0x02007fa8      0x278 main.o
 .text.draw_chrome
                0x02008220      0x110 main.o
 .text.decode_jpeg_preview
                0x02008330      0x1f0 main.o
 .text.thumb_load.part.0.isra.0
                0x02008520      0x154 main.o
 .text.grid_preload_window
                0x02008674      0x13c main.o
 .text.grid_frame_update.isra.0
                0x020087b0      0x3e4 main.o
 .text.draw_theme_preview
                0x02008b94      0x288 main.o
 .text.decode_jpeg
                0x02008e1c      0x38c main.o
 .text.convert_entry.part.0
                0x020091a8      0x128 main.o
 .text.upsampleCb
                0x020092d0      0x1b4 picojpeg.o
 .text.upsampleCbH
                0x02009484      0x108 picojpeg.o
 .text.upsampleCbV
                0x0200958c      0x10c picojpeg.o
 .text.upsampleCr
                0x02009698      0x1b4 picojpeg.o
 .text.upsampleCrH
                0x0200984c      0x100 picojpeg.o
 .text.upsampleCrV
                0x0200994c      0x11c picojpeg.o
 .text.getChar  0x02009a68       0x78 picojpeg.o
 .text.getOctet
                0x02009ae0       0x50 picojpeg.o
 .text.getBits  0x02009b30       0x94 picojpeg.o
 .text.getBit   0x02009bc4       0x34 picojpeg.o
 .text.huffDecode
                0x02009bf8       0x5c picojpeg.o
 .text.getBits.constprop.0
                0x02009c54       0x3c picojpeg.o
 .text.processMarkers
                0x02009c90      0x2e8 picojpeg.o
 .text.pjpeg_decode_mcu
                0x02009f78     0x11a0 picojpeg.o
                0x02009f78                pjpeg_decode_mcu
 .text.pjpeg_decode_init
                0x0200b118      0x65c picojpeg.o
                0x0200b118                pjpeg_decode_init
 .text.bits     0x0200b774       0x4c puff.o
 .text.decode   0x0200b7c0       0xb0 puff.o
 .text.codes    0x0200b870      0x110 puff.o
 .text.construct.isra.0
                0x0200b980       0x98 puff.o
 .text.puff     0x0200ba18      0x4d0 puff.o
                0x0200ba18                puff
 .text.fatInitDefault
                0x0200bee8       0x20 /opt/devkitpro/libnds/lib/libfat.a(fat_wrappers.o)
                0x0200bee8                fatInitDefault
 .text._dvmDiscCalicoDummy
                0x0200bf08        0x4 /opt/devkitpro/libnds/lib/libfat.a(dvm_calico.o)
 .text._dvmDiscCalicoWriteSectors
                0x0200bf0c        0x8 /opt/devkitpro/libnds/lib/libfat.a(dvm_calico.o)
 .text._dvmDiscCalicoReadSectors
                0x0200bf14        0x8 /opt/devkitpro/libnds/lib/libfat.a(dvm_calico.o)
 .text._dvmIsAlignedAccess
                0x0200bf1c       0x30 /opt/devkitpro/libnds/lib/libfat.a(dvm_calico.o)
                0x0200bf1c                _dvmIsAlignedAccess
 .text._dvmCacheCopy
                0x0200bf4c       0x14 /opt/devkitpro/libnds/lib/libfat.a(dvm_calico.o)
                0x0200bf4c                _dvmCacheCopy
 .text.dvmInit  0x0200bf60      0x268 /opt/devkitpro/libnds/lib/libfat.a(dvm_calico.o)
                0x0200bf60                dvmInit
 .text.dvmDiscAddUser
                0x0200c1c8       0x10 /opt/devkitpro/libnds/lib/libfat.a(dvm_disc.o)
                0x0200c1c8                dvmDiscAddUser
 .text.dvmDiscRemoveUser
                0x0200c1d8       0x24 /opt/devkitpro/libnds/lib/libfat.a(dvm_disc.o)
                0x0200c1d8                dvmDiscRemoveUser
 .text._dvmDiscCacheReadWrite
                0x0200c1fc      0x408 /opt/devkitpro/libnds/lib/libfat.a(dvm_cache.o)
 .text._dvmDiscCacheWriteSectors
                0x0200c604       0x58 /opt/devkitpro/libnds/lib/libfat.a(dvm_cache.o)
 .text._dvmDiscCacheReadSectors
                0x0200c65c       0x58 /opt/devkitpro/libnds/lib/libfat.a(dvm_cache.o)
 .text._dvmDiscCacheFlush
                0x0200c6b4       0xb0 /opt/devkitpro/libnds/lib/libfat.a(dvm_cache.o)
 .text._dvmDiscCacheDestroy
                0x0200c764       0x28 /opt/devkitpro/libnds/lib/libfat.a(dvm_cache.o)
 .text.dvmDiscCacheCreate
                0x0200c78c      0x1ac /opt/devkitpro/libnds/lib/libfat.a(dvm_cache.o)
                0x0200c78c                dvmDiscCacheCreate
 .text.dvmMountVolume
                0x0200c938      0x188 /opt/devkitpro/libnds/lib/libfat.a(dvm_volume.o)
                0x0200c938                dvmMountVolume
 .text._dvmSetAppWorkingDir
                0x0200cac0       0x74 /opt/devkitpro/libnds/lib/libfat.a(dvm_volume.o)
                0x0200cac0                _dvmSetAppWorkingDir
 .text._dvmIdentMbrVbr
                0x0200cb34      0x1d8 /opt/devkitpro/libnds/lib/libfat.a(dvm_prober.o)
 .text.dvmReadPartitionTable
                0x0200cd0c      0x238 /opt/devkitpro/libnds/lib/libfat.a(dvm_prober.o)
                0x0200cd0c                dvmReadPartitionTable
 .text.dvmProbeMountDisc
                0x0200cf44       0xcc /opt/devkitpro/libnds/lib/libfat.a(dvm_prober.o)
                0x0200cf44                dvmProbeMountDisc
 .text._FAT_fstat_r
                0x0200d010       0xbc /opt/devkitpro/libnds/lib/libfat.a(fat_driver.o)
 .text._FAT_umount
                0x0200d0cc       0x1c /opt/devkitpro/libnds/lib/libfat.a(fat_driver.o)
 .text._FAT_mount
                0x0200d0e8       0x44 /opt/devkitpro/libnds/lib/libfat.a(fat_driver.o)
 .text._FAT_seek_r
                0x0200d12c      0x13c /opt/devkitpro/libnds/lib/libfat.a(fat_driver.o)
 .text._FAT_set_stat
                0x0200d268      0x104 /opt/devkitpro/libnds/lib/libfat.a(fat_driver.o)
 .text._FAT_mkdir_r
                0x0200d36c       0x64 /opt/devkitpro/libnds/lib/libfat.a(fat_driver.o)
 .text._FAT_chdir_r
                0x0200d3d0       0x64 /opt/devkitpro/libnds/lib/libfat.a(fat_driver.o)
 .text._FAT_unlink_r
                0x0200d434       0x70 /opt/devkitpro/libnds/lib/libfat.a(fat_driver.o)
 .text._FAT_rmdir_r
                0x0200d4a4       0x6c /opt/devkitpro/libnds/lib/libfat.a(fat_driver.o)
 .text._FAT_diropen_r
                0x0200d510       0x7c /opt/devkitpro/libnds/lib/libfat.a(fat_driver.o)
 .text._FAT_fsync_r
                0x0200d58c       0x64 /opt/devkitpro/libnds/lib/libfat.a(fat_driver.o)
 .text._FAT_close_r
                0x0200d5f0       0x64 /opt/devkitpro/libnds/lib/libfat.a(fat_driver.o)
 .text._FAT_dirclose_r
                0x0200d654       0x64 /opt/devkitpro/libnds/lib/libfat.a(fat_driver.o)
 .text._FAT_dirreset_r
                0x0200d6b8       0x6c /opt/devkitpro/libnds/lib/libfat.a(fat_driver.o)
 .text._FAT_rename_r
                0x0200d724       0x80 /opt/devkitpro/libnds/lib/libfat.a(fat_driver.o)
 .text._FAT_stat_r
                0x0200d7a4       0x94 /opt/devkitpro/libnds/lib/libfat.a(fat_driver.o)
 .text._FAT_read_r
                0x0200d838       0x7c /opt/devkitpro/libnds/lib/libfat.a(fat_driver.o)
 .text._FAT_write_r
                0x0200d8b4       0x7c /opt/devkitpro/libnds/lib/libfat.a(fat_driver.o)
 .text._FAT_statvfs_r
                0x0200d930       0xf4 /opt/devkitpro/libnds/lib/libfat.a(fat_driver.o)
 .text._FAT_ftruncate_r
                0x0200da24      0x190 /opt/devkitpro/libnds/lib/libfat.a(fat_driver.o)
 .text._FAT_dirnext_r
                0x0200dbb4      0x120 /opt/devkitpro/libnds/lib/libfat.a(fat_driver.o)
 .text._FAT_open_r
                0x0200dcd4      0x124 /opt/devkitpro/libnds/lib/libfat.a(fat_driver.o)
 .text.get_fattime
                0x0200ddf8       0x64 /opt/devkitpro/libnds/lib/libfat.a(fat_driver.o)
                0x0200ddf8                get_fattime
 .text.ff_mutex_create
                0x0200de5c       0x18 /opt/devkitpro/libnds/lib/libfat.a(fat_driver.o)
                0x0200de5c                ff_mutex_create
 .text.ff_mutex_delete
                0x0200de74        0x4 /opt/devkitpro/libnds/lib/libfat.a(fat_driver.o)
                0x0200de74                ff_mutex_delete
 .text.ff_mutex_take
                0x0200de78       0x14 /opt/devkitpro/libnds/lib/libfat.a(fat_driver.o)
                0x0200de78                ff_mutex_take
 .text.ff_mutex_give
                0x0200de8c        0x8 /opt/devkitpro/libnds/lib/libfat.a(fat_driver.o)
                0x0200de8c                ff_mutex_give
 .text.disk_initialize
                0x0200de94       0x24 /opt/devkitpro/libnds/lib/libfat.a(fat_driver.o)
                0x0200de94                disk_initialize
 .text.disk_status
                0x0200deb8       0x24 /opt/devkitpro/libnds/lib/libfat.a(fat_driver.o)
                0x0200deb8                disk_status
 .text.disk_read
                0x0200dedc       0x2c /opt/devkitpro/libnds/lib/libfat.a(fat_driver.o)
                0x0200dedc                disk_read
 .text.disk_write
                0x0200df08       0x2c /opt/devkitpro/libnds/lib/libfat.a(fat_driver.o)
                0x0200df08                disk_write
 .text.disk_ioctl
                0x0200df34       0x38 /opt/devkitpro/libnds/lib/libfat.a(fat_driver.o)
                0x0200df34                disk_ioctl
 .text.tchar2uni
                0x0200df6c       0xfc /opt/devkitpro/libnds/lib/libfat.a(ff.o)
 .text.sync_window
                0x0200e068       0x90 /opt/devkitpro/libnds/lib/libfat.a(ff.o)
 .text.put_utf  0x0200e0f8      0x130 /opt/devkitpro/libnds/lib/libfat.a(ff.o)
 .text.dir_clear
                0x0200e228       0x9c /opt/devkitpro/libnds/lib/libfat.a(ff.o)
 .text.get_fileinfo
                0x0200e2c4      0x28c /opt/devkitpro/libnds/lib/libfat.a(ff.o)
 .text.sync_fs  0x0200e550      0x180 /opt/devkitpro/libnds/lib/libfat.a(ff.o)
 .text.move_window
                0x0200e6d0       0xc4 /opt/devkitpro/libnds/lib/libfat.a(ff.o)
 .text.put_fat.part.0
                0x0200e794      0x1dc /opt/devkitpro/libnds/lib/libfat.a(ff.o)
 .text.get_fat.isra.0
                0x0200e970      0x160 /opt/devkitpro/libnds/lib/libfat.a(ff.o)
 .text.remove_chain
                0x0200ead0       0xf4 /opt/devkitpro/libnds/lib/libfat.a(ff.o)
 .text.create_chain
                0x0200ebc4      0x21c /opt/devkitpro/libnds/lib/libfat.a(ff.o)
 .text.dir_next
                0x0200ede0      0x170 /opt/devkitpro/libnds/lib/libfat.a(ff.o)
 .text.dir_read
                0x0200ef50      0x248 /opt/devkitpro/libnds/lib/libfat.a(ff.o)
 .text.dir_sdi  0x0200f198      0x128 /opt/devkitpro/libnds/lib/libfat.a(ff.o)
 .text.dir_alloc
                0x0200f2c0       0xcc /opt/devkitpro/libnds/lib/libfat.a(ff.o)
 .text.dir_remove
                0x0200f38c       0xc4 /opt/devkitpro/libnds/lib/libfat.a(ff.o)
 .text.dir_find
                0x0200f450      0x2f8 /opt/devkitpro/libnds/lib/libfat.a(ff.o)
 .text.follow_path
                0x0200f748      0x590 /opt/devkitpro/libnds/lib/libfat.a(ff.o)
 .text.dir_register
                0x0200fcd8      0x434 /opt/devkitpro/libnds/lib/libfat.a(ff.o)
 .text.check_fs
                0x0201010c      0x1ec /opt/devkitpro/libnds/lib/libfat.a(ff.o)
 .text.mount_volume.part.0
                0x020102f8      0x504 /opt/devkitpro/libnds/lib/libfat.a(ff.o)
 .text.validate
                0x020107fc       0xbc /opt/devkitpro/libnds/lib/libfat.a(ff.o)
 .text.f_mount  0x020108b8       0x6c /opt/devkitpro/libnds/lib/libfat.a(ff.o)
                0x020108b8                f_mount
 .text.f_umount
                0x02010924       0x38 /opt/devkitpro/libnds/lib/libfat.a(ff.o)
                0x02010924                f_umount
 .text.f_open   0x0201095c      0x400 /opt/devkitpro/libnds/lib/libfat.a(ff.o)
                0x0201095c                f_open
 .text.f_read   0x02010d5c      0x2a4 /opt/devkitpro/libnds/lib/libfat.a(ff.o)
                0x02010d5c                f_read
 .text.f_write  0x02011000      0x350 /opt/devkitpro/libnds/lib/libfat.a(ff.o)
                0x02011000                f_write
 .text.f_sync   0x02011350      0x1a0 /opt/devkitpro/libnds/lib/libfat.a(ff.o)
                0x02011350                f_sync
 .text.f_close  0x020114f0       0x58 /opt/devkitpro/libnds/lib/libfat.a(ff.o)
                0x020114f0                f_close
 .text.f_chdir  0x02011548       0xf0 /opt/devkitpro/libnds/lib/libfat.a(ff.o)
                0x02011548                f_chdir
 .text.f_lseek  0x02011638      0x298 /opt/devkitpro/libnds/lib/libfat.a(ff.o)
                0x02011638                f_lseek
 .text.f_opendir
                0x020118d0      0x12c /opt/devkitpro/libnds/lib/libfat.a(ff.o)
                0x020118d0                f_opendir
 .text.f_closedir
                0x020119fc       0xb0 /opt/devkitpro/libnds/lib/libfat.a(ff.o)
                0x020119fc                f_closedir
 .text.f_readdir
                0x02011aac       0xd0 /opt/devkitpro/libnds/lib/libfat.a(ff.o)
                0x02011aac                f_readdir
 .text.f_stat   0x02011b7c      0x104 /opt/devkitpro/libnds/lib/libfat.a(ff.o)
                0x02011b7c                f_stat
 .text.f_getfree
                0x02011c80      0x184 /opt/devkitpro/libnds/lib/libfat.a(ff.o)
                0x02011c80                f_getfree
 .text.f_truncate
                0x02011e04      0x228 /opt/devkitpro/libnds/lib/libfat.a(ff.o)
                0x02011e04                f_truncate
 .text.f_unlink
                0x0201202c      0x1a4 /opt/devkitpro/libnds/lib/libfat.a(ff.o)
                0x0201202c                f_unlink
 .text.f_mkdir  0x020121d0      0x294 /opt/devkitpro/libnds/lib/libfat.a(ff.o)
                0x020121d0                f_mkdir
 .text.f_rename
                0x02012464      0x248 /opt/devkitpro/libnds/lib/libfat.a(ff.o)
                0x02012464                f_rename
 .text.ff_uni2oem
                0x020126ac       0x78 /opt/devkitpro/libnds/lib/libfat.a(ffunicode.o)
                0x020126ac                ff_uni2oem
 .text.ff_oem2uni
                0x02012724       0x40 /opt/devkitpro/libnds/lib/libfat.a(ffunicode.o)
                0x02012724                ff_oem2uni
 .text.ff_wtoupper
                0x02012764      0x128 /opt/devkitpro/libnds/lib/libfat.a(ffunicode.o)
                0x02012764                ff_wtoupper
 .text.checkIfText
                0x0201288c       0x6c /opt/devkitpro/libnds/lib/libnds9.a(background.o)
                0x0201288c                checkIfText
 .text.bgUpdate
                0x020128f8       0xe8 /opt/devkitpro/libnds/lib/libnds9.a(background.o)
                0x020128f8                bgUpdate
 .text.bgInit_call
                0x020129e0       0xa8 /opt/devkitpro/libnds/lib/libnds9.a(background.o)
                0x020129e0                bgInit_call
 .text.bgInitSub_call
                0x02012a88       0xb0 /opt/devkitpro/libnds/lib/libnds9.a(background.o)
                0x02012a88                bgInitSub_call
 .text.scanKeys
                0x02012b38       0x6c /opt/devkitpro/libnds/lib/libnds9.a(keys.o)
                0x02012b38                scanKeys
 .text.keysHeld
                0x02012ba4        0xc /opt/devkitpro/libnds/lib/libnds9.a(keys.o)
                0x02012ba4                keysHeld
 .text.keysDown
                0x02012bb0       0x10 /opt/devkitpro/libnds/lib/libnds9.a(keys.o)
                0x02012bb0                keysDown
 .text.keysDownRepeat
                0x02012bc0       0x10 /opt/devkitpro/libnds/lib/libnds9.a(keys.o)
                0x02012bc0                keysDownRepeat
 .text.keysSetRepeat
                0x02012bd0       0x24 /opt/devkitpro/libnds/lib/libnds9.a(keys.o)
                0x02012bd0                keysSetRepeat
 .text.sinLutLookup
                0x02012bf4       0x4c /opt/devkitpro/libnds/lib/libnds9.a(trig.o)
                0x02012bf4                sinLutLookup
 .text.sinLerp  0x02012c40       0x38 /opt/devkitpro/libnds/lib/libnds9.a(trig.o)
                0x02012c40                sinLerp
 .text.cosLerp  0x02012c78       0x44 /opt/devkitpro/libnds/lib/libnds9.a(trig.o)
                0x02012c78                cosLerp
 .text._threadTickTask
                0x02012cbc       0x10 /opt/devkitpro/calico/lib/libcalico_ds9.a(thread_cold.o)
 .text.threadExit
                0x02012ccc       0xa0 /opt/devkitpro/calico/lib/libcalico_ds9.a(thread_cold.o)
                0x02012ccc                threadExit
 .text._threadInit
                0x02012d6c       0x98 /opt/devkitpro/calico/lib/libcalico_ds9.a(thread_cold.o)
                0x02012d6c                _threadInit
 .text.threadPrepare
                0x02012e04      0x134 /opt/devkitpro/calico/lib/libcalico_ds9.a(thread_cold.o)
                0x02012e04                threadPrepare
 .text.threadStart
                0x02012f38       0x94 /opt/devkitpro/calico/lib/libcalico_ds9.a(thread_cold.o)
                0x02012f38                threadStart
 .text.threadIrqWait
                0x02012fcc       0xa4 /opt/devkitpro/calico/lib/libcalico_ds9.a(thread_cold.o)
                0x02012fcc                threadIrqWait
 .text.threadSleepTicks
                0x02013070       0x58 /opt/devkitpro/calico/lib/libcalico_ds9.a(thread_cold.o)
                0x02013070                threadSleepTicks
 .text.threadUpdateDynamicPrio
                0x020130c8      0x1d4 /opt/devkitpro/calico/lib/libcalico_ds9.a(mutex.o)
                0x020130c8                threadUpdateDynamicPrio
 .text.threadRemoveWaiter
                0x0201329c      0x148 /opt/devkitpro/calico/lib/libcalico_ds9.a(mutex.o)
 .text.mutexLock
                0x020133e4      0x138 /opt/devkitpro/calico/lib/libcalico_ds9.a(mutex.o)
                0x020133e4                mutexLock
 .text.mutexUnlock
                0x0201351c       0xbc /opt/devkitpro/calico/lib/libcalico_ds9.a(mutex.o)
                0x0201351c                mutexUnlock
 .text.__syscall_getreent
                0x020135d8       0x14 /opt/devkitpro/calico/lib/libcalico_ds9.a(newlib_syscalls.o)
                0x020135d8                __syscall_getreent
 .text.__errno  0x020135ec       0x24 /opt/devkitpro/calico/lib/libcalico_ds9.a(newlib_syscalls.o)
                0x020135ec                __errno
 .text.__syscall_gettod_r
                0x02013610       0x30 /opt/devkitpro/calico/lib/libcalico_ds9.a(newlib_syscalls.o)
                0x02013610                __syscall_gettod_r
 .text.__syscall_lock_acquire
                0x02013640        0x4 /opt/devkitpro/calico/lib/libcalico_ds9.a(newlib_syscalls.o)
                0x02013640                __syscall_lock_acquire
 .text.__syscall_lock_release
                0x02013644        0x4 /opt/devkitpro/calico/lib/libcalico_ds9.a(newlib_syscalls.o)
                0x02013644                __syscall_lock_release
 .text.__syscall_lock_acquire_recursive
                0x02013648       0x4c /opt/devkitpro/calico/lib/libcalico_ds9.a(newlib_syscalls.o)
                0x02013648                __syscall_lock_acquire_recursive
 .text.__syscall_lock_release_recursive
                0x02013694       0x18 /opt/devkitpro/calico/lib/libcalico_ds9.a(newlib_syscalls.o)
                0x02013694                __syscall_lock_release_recursive
 .text._pxiMailboxHandler
                0x020136ac        0x4 /opt/devkitpro/calico/lib/libcalico_ds9.a(pxi.o)
 .text._pxiRecvUnhandled
                0x020136b0        0x4 /opt/devkitpro/calico/lib/libcalico_ds9.a(pxi.o)
                0x020136b0                _pxiRecvUnhandled
 .text._pxiRecvIrqHandler
                0x020136b4      0x154 /opt/devkitpro/calico/lib/libcalico_ds9.a(pxi.o)
 .text._pxiInit
                0x02013808       0x58 /opt/devkitpro/calico/lib/libcalico_ds9.a(pxi.o)
                0x02013808                _pxiInit
 .text.pxiSetHandler
                0x02013860       0x74 /opt/devkitpro/calico/lib/libcalico_ds9.a(pxi.o)
                0x02013860                pxiSetHandler
 .text.pxiSetMailbox
                0x020138d4       0x68 /opt/devkitpro/calico/lib/libcalico_ds9.a(pxi.o)
                0x020138d4                pxiSetMailbox
 .text.pxiWaitRemote
                0x0201393c       0x38 /opt/devkitpro/calico/lib/libcalico_ds9.a(pxi.o)
                0x0201393c                pxiWaitRemote
 .text.pxiSendPacket
                0x02013974       0x50 /opt/devkitpro/calico/lib/libcalico_ds9.a(pxi.o)
                0x02013974                pxiSendPacket
 .text.pxiSendExtPacket
                0x020139c4       0x98 /opt/devkitpro/calico/lib/libcalico_ds9.a(pxi.o)
                0x020139c4                pxiSendExtPacket
 .text.pxiBeginReceive
                0x02013a5c       0x2c /opt/devkitpro/calico/lib/libcalico_ds9.a(pxi.o)
                0x02013a5c                pxiBeginReceive
 .text.pxiEndReceive
                0x02013a88       0xac /opt/devkitpro/calico/lib/libcalico_ds9.a(pxi.o)
                0x02013a88                pxiEndReceive
 .text.keypadGetState
                0x02013b34       0x28 /opt/devkitpro/calico/lib/libcalico_ds9.a(keypad.o)
                0x02013b34                keypadGetState
 .text.systemUserStartup
                0x02013b5c        0x4 /opt/devkitpro/calico/lib/libcalico_ds9.a(sys_startup.o)
                0x02013b5c                systemUserStartup
 .text.systemStartup
                0x02013b60      0x110 /opt/devkitpro/calico/lib/libcalico_ds9.a(sys_startup.o)
                0x02013b60                systemStartup
 .text.touchRead
                0x02013c70       0x58 /opt/devkitpro/calico/lib/libcalico_ds9.a(touch.o)
                0x02013c70                touchRead
 .text._blkDevReadWriteSectors
                0x02013cc8       0x44 /opt/devkitpro/calico/lib/libcalico_ds9.a(blk.o)
 .text.blkInit  0x02013d0c        0x8 /opt/devkitpro/calico/lib/libcalico_ds9.a(blk.o)
                0x02013d0c                blkInit
 .text.blkDevIsPresent
                0x02013d14       0x30 /opt/devkitpro/calico/lib/libcalico_ds9.a(blk.o)
                0x02013d14                blkDevIsPresent
 .text.blkDevInit
                0x02013d44       0x30 /opt/devkitpro/calico/lib/libcalico_ds9.a(blk.o)
                0x02013d44                blkDevInit
 .text.blkDevGetSectorCount
                0x02013d74       0x34 /opt/devkitpro/calico/lib/libcalico_ds9.a(blk.o)
                0x02013d74                blkDevGetSectorCount
 .text.blkDevReadSectors
                0x02013da8       0x5c /opt/devkitpro/calico/lib/libcalico_ds9.a(blk.o)
                0x02013da8                blkDevReadSectors
 .text.blkDevWriteSectors
                0x02013e04       0x5c /opt/devkitpro/calico/lib/libcalico_ds9.a(blk.o)
                0x02013e04                blkDevWriteSectors
 .text.irqSet   0x02013e60       0x64 /opt/devkitpro/calico/lib/libcalico_ds9.a(irq.o)
                0x02013e60                irqSet
 .text._tickCountIsr
                0x02013ec4       0x1c /opt/devkitpro/calico/lib/libcalico_ds9.a(tick.o)
 .text._tickTaskSchedule.part.0.isra.0
                0x02013ee0       0x84 /opt/devkitpro/calico/lib/libcalico_ds9.a(tick.o)
 .text.tickInit
                0x02013f64       0xa0 /opt/devkitpro/calico/lib/libcalico_ds9.a(tick.o)
                0x02013f64                tickInit
 .text.tickGetCount
                0x02014004       0x5c /opt/devkitpro/calico/lib/libcalico_ds9.a(tick.o)
                0x02014004                tickGetCount
 .text._tickTaskIsr
                0x02014060      0x110 /opt/devkitpro/calico/lib/libcalico_ds9.a(tick.o)
 .text.tickTaskStart
                0x02014170      0x144 /opt/devkitpro/calico/lib/libcalico_ds9.a(tick.o)
                0x02014170                tickTaskStart
 .text.mailboxTrySend
                0x020142b4       0x98 /opt/devkitpro/calico/lib/libcalico_ds9.a(mailbox.o)
                0x020142b4                mailboxTrySend
 .text.mailboxRecv
                0x0201434c       0x98 /opt/devkitpro/calico/lib/libcalico_ds9.a(mailbox.o)
                0x0201434c                mailboxRecv
 .text._pmCallEventHandlers
                0x020143e4       0x40 /opt/devkitpro/calico/lib/libcalico_ds9.a(pm.o)
 .text._pmPxiThreadMain
                0x02014424       0x9c /opt/devkitpro/calico/lib/libcalico_ds9.a(pm.o)
 .text._pmResetPxiHandler
                0x020144c0       0x28 /opt/devkitpro/calico/lib/libcalico_ds9.a(pm.o)
 .text.systemUserExit
                0x020144e8        0x4 /opt/devkitpro/calico/lib/libcalico_ds9.a(pm.o)
                0x020144e8                systemUserExit
 .text.systemErrorExit
                0x020144ec        0x4 /opt/devkitpro/calico/lib/libcalico_ds9.a(pm.o)
                0x020144ec                systemErrorExit
 .text.__syscall_exit
                0x020144f0      0x138 /opt/devkitpro/calico/lib/libcalico_ds9.a(pm.o)
                0x020144f0                __syscall_exit
 .text.pmInit   0x02014628       0x58 /opt/devkitpro/calico/lib/libcalico_ds9.a(pm.o)
                0x02014628                pmInit
 .text          0x02014680      0x11c /opt/devkitpro/devkitARM/lib/gcc/arm-none-eabi/16.1.0/thumb/libgcc.a(_udivsi3.o)
                0x02014680                __udivsi3
                0x02014680                __aeabi_uidiv
                0x0201477c                __aeabi_uidivmod
 .text          0x0201479c      0x150 /opt/devkitpro/devkitARM/lib/gcc/arm-none-eabi/16.1.0/thumb/libgcc.a(_divsi3.o)
                0x0201479c                __aeabi_idiv
                0x0201479c                __divsi3
                0x020148cc                __aeabi_idivmod
 .text          0x020148ec        0x4 /opt/devkitpro/devkitARM/lib/gcc/arm-none-eabi/16.1.0/thumb/libgcc.a(_dvmd_tls.o)
                0x020148ec                __aeabi_ldiv0
                0x020148ec                __aeabi_idiv0
 .text          0x020148f0       0xd4 /opt/devkitpro/devkitARM/lib/gcc/arm-none-eabi/16.1.0/thumb/libgcc.a(_aeabi_ldivmod.o)
                0x020148f0                __aeabi_ldivmod
 .text          0x020149c4       0x3c /opt/devkitpro/devkitARM/lib/gcc/arm-none-eabi/16.1.0/thumb/libgcc.a(_aeabi_uldivmod.o)
                0x020149c4                __aeabi_uldivmod
 .text.__udivmoddi4
                0x02014a00      0x194 /opt/devkitpro/devkitARM/lib/gcc/arm-none-eabi/16.1.0/thumb/libgcc.a(_udivmoddi4.o)
                0x02014a00                __udivmoddi4
 .text          0x02014b94       0x28 /opt/devkitpro/devkitARM/lib/gcc/arm-none-eabi/16.1.0/thumb/libgcc.a(_clzdi2.o)
                0x02014b94                __clzdi2
 .text          0x02014bbc       0x48 /opt/devkitpro/devkitARM/lib/gcc/arm-none-eabi/16.1.0/thumb/libgcc.a(_clzsi2.o)
                0x02014bbc                __clzsi2
 .text.ftell    0x02014c04       0x24 /opt/devkitpro/devkitARM/lib/gcc/arm-none-eabi/16.1.0/../../../../arm-none-eabi/lib/thumb/libg.a(libc_a-ftell.o)
                0x02014c04                ftell
 .text.srand    0x02014c28       0x18 /opt/devkitpro/devkitARM/lib/gcc/arm-none-eabi/16.1.0/../../../../arm-none-eabi/lib/thumb/libg.a(libc_a-rand.o)
                0x02014c28                srand
 .text.rand     0x02014c40       0x30 /opt/devkitpro/devkitARM/lib/gcc/arm-none-eabi/16.1.0/../../../../arm-none-eabi/lib/thumb/libg.a(libc_a-rand.o)
                0x02014c40                rand
 .text.sscanf   0x02014c70       0x50 /opt/devkitpro/devkitARM/lib/gcc/arm-none-eabi/16.1.0/../../../../arm-none-eabi/lib/thumb/libg.a(libc_a-sscanf.o)
                0x02014c70                sscanf
 .text.critical_factorization
                0x02014cc0       0xcc /opt/devkitpro/devkitARM/lib/gcc/arm-none-eabi/16.1.0/../../../../arm-none-eabi/lib/thumb/libg.a(libc_a-strstr.o)
 .text.two_way_long_needle
                0x02014d8c      0x204 /opt/devkitpro/devkitARM/lib/gcc/arm-none-eabi/16.1.0/../../../../arm-none-eabi/lib/thumb/libg.a(libc_a-strstr.o)
 .text.strstr   0x02014f90      0x1ac /opt/devkitpro/devkitARM/lib/gcc/arm-none-eabi/16.1.0/../../../../arm-none-eabi/lib/thumb/libg.a(libc_a-strstr.o)
                0x02014f90                strstr
 .text.memcpy   0x0201513c       0xac /opt/devkitpro/devkitARM/lib/gcc/arm-none-eabi/16.1.0/../../../../arm-none-eabi/lib/thumb/libg.a(libc_a-memcpy-stub.o)
                0x0201513c                memcpy
 .text.strlen   0x020151e8       0x60 /opt/devkitpro/devkitARM/lib/gcc/arm-none-eabi/16.1.0/../../../../arm-none-eabi/lib/thumb/libg.a(libc_a-strlen.o)
                0x020151e8                strlen
 .text._fread_r
                0x02015248      0x228 /opt/devkitpro/devkitARM/lib/gcc/arm-none-eabi/16.1.0/../../../../arm-none-eabi/lib/thumb/libg.a(libc_a-fread.o)
                0x02015248                _fread_r
 .text.fread    0x02015470       0x24 /opt/devkitpro/devkitARM/lib/gcc/arm-none-eabi/16.1.0/../../../../arm-none-eabi/lib/thumb/libg.a(libc_a-fread.o)
                0x02015470                fread
 .text.fputc    0x02015494       0x5c /opt/devkitpro/devkitARM/lib/gcc/arm-none-eabi/16.1.0/../../../../arm-none-eabi/lib/thumb/libg.a(libc_a-fputc.o)
                0x02015494                fputc
 .text.get_arg  0x020154f0       0x3e /opt/devkitpro/devkitARM/lib/gcc/arm-none-eabi/16.1.0/../../../../arm-none-eabi/lib/thumb/libg.a(libc_a-svfscanf.o)
 *fill*         0x0201552e        0x2 ff
 .text.__ssvfscanf_r
                0x02015530     0x1fd0 /opt/devkitpro/devkitARM/lib/gcc/arm-none-eabi/16.1.0/../../../../arm-none-eabi/lib/thumb/libg.a(libc_a-svfscanf.o)
                0x02015530                __ssvfscanf_r
 .text._fopen_r
                0x02017500       0xb4 /opt/devkitpro/devkitARM/lib/gcc/arm-none-eabi/16.1.0/../../../../arm-none-eabi/lib/thumb/libg.a(libc_a-fopen.o)
                0x02017500                _fopen_r
 .text.fopen    0x020175b4       0x18 /opt/devkitpro/devkitARM/lib/gcc/arm-none-eabi/16.1.0/../../../../arm-none-eabi/lib/thumb/libg.a(libc_a-fopen.o)
                0x020175b4                fopen
 .text.sulp     0x020175cc       0x34 /opt/devkitpro/devkitARM/lib/gcc/arm-none-eabi/16.1.0/../../../../arm-none-eabi/lib/thumb/libg.a(libc_a-strtod.o)
 .text._strtod_l
                0x02017600      0xf7c /opt/devkitpro/devkitARM/lib/gcc/arm-none-eabi/16.1.0/../../../../arm-none-eabi/lib/thumb/libg.a(libc_a-strtod.o)
                0x02017600                _strtod_l
 .text._strtod_r
                0x0201857c       0x2c /opt/devkitpro/devkitARM/lib/gcc/arm-none-eabi/16.1.0/../../../../arm-none-eabi/lib/thumb/libg.a(libc_a-strtod.o)
                0x0201857c                _strtod_r
 .text._strtoull_l.isra.0
                0x020185a8      0x1c0 /opt/devkitpro/devkitARM/lib/gcc/arm-none-eabi/16.1.0/../../../../arm-none-eabi/lib/thumb/libg.a(libc_a-strtoull.o)
 .text._strtoull_r
                0x02018768       0x20 /opt/devkitpro/devkitARM/lib/gcc/arm-none-eabi/16.1.0/../../../../arm-none-eabi/lib/thumb/libg.a(libc_a-strtoull.o)
                0x02018768                _strtoull_r
 .text.strcasecmp
                0x02018788       0x4c /opt/devkitpro/devkitARM/lib/gcc/arm-none-eabi/16.1.0/../../../../arm-none-eabi/lib/thumb/libg.a(libc_a-strcasecmp.o)
                0x02018788                strcasecmp
 .text.rshift   0x020187d4       0xac /opt/devkitpro/devkitARM/lib/gcc/arm-none-eabi/16.1.0/../../../../arm-none-eabi/lib/thumb/libg.a(libc_a-gdtoa-gethex.o)
 .text.__gethex
                0x02018880      0x60c /opt/devkitpro/devkitARM/lib/gcc/arm-none-eabi/16.1.0/../../../../arm-none-eabi/lib/thumb/libg.a(libc_a-gdtoa-gethex.o)
                0x02018880                __gethex
 .text.snprintf
                0x02018e8c       0x64 /opt/devkitpro/devkitARM/lib/gcc/arm-none-eabi/16.1.0/../../../../arm-none-eabi/lib/thumb/libg.a(libc_a-snprintf.o)
                0x02018e8c                snprintf
 .text._strtoul_l.isra.0
                0x02018ef0      0x150 /opt/devkitpro/devkitARM/lib/gcc/arm-none-eabi/16.1.0/../../../../arm-none-eabi/lib/thumb/libg.a(libc_a-strtoul.o)
 .text._strtoul_r
                0x02019040       0x20 /opt/devkitpro/devkitARM/lib/gcc/arm-none-eabi/16.1.0/../../../../arm-none-eabi/lib/thumb/libg.a(libc_a-strtoul.o)
                0x02019040                _strtoul_r
 .text.strtoul  0x02019060       0x24 /opt/devkitpro/devkitARM/lib/gcc/arm-none-eabi/16.1.0/../../../../arm-none-eabi/lib/thumb/libg.a(libc_a-strtoul.o)
                0x02019060                strtoul
 .text._mbrtowc_r
                0x02019084       0x9c /opt/devkitpro/devkitARM/lib/gcc/arm-none-eabi/16.1.0/../../../../arm-none-eabi/lib/thumb/libg.a(libc_a-mbrtowc.o)
                0x02019084                _mbrtowc_r
 .text.remove   0x02019120       0x38 /opt/devkitpro/devkitARM/lib/gcc/arm-none-eabi/16.1.0/../../../../arm-none-eabi/lib/thumb/libg.a(libc_a-remove.o)
                0x02019120                remove
 .text.strchr   0x02019158       0xbc /opt/devkitpro/devkitARM/lib/gcc/arm-none-eabi/16.1.0/../../../../arm-none-eabi/lib/thumb/libg.a(libc_a-strchr.o)
                0x02019158                strchr
 .text.memcmp   0x02019214       0x48 /opt/devkitpro/devkitARM/lib/gcc/arm-none-eabi/16.1.0/../../../../arm-none-eabi/lib/thumb/libg.a(libc_a-memcmp.o)
                0x02019214                memcmp
 .text._fgets_r
                0x0201925c       0xf8 /opt/devkitpro/devkitARM/lib/gcc/arm-none-eabi/16.1.0/../../../../arm-none-eabi/lib/thumb/libg.a(libc_a-fgets.o)
                0x0201925c                _fgets_r
 .text.fgets    0x02019354       0x1c /opt/devkitpro/devkitARM/lib/gcc/arm-none-eabi/16.1.0/../../../../arm-none-eabi/lib/thumb/libg.a(libc_a-fgets.o)
                0x02019354                fgets
 .text.calloc   0x02019370       0x18 /opt/devkitpro/devkitARM/lib/gcc/arm-none-eabi/16.1.0/../../../../arm-none-eabi/lib/thumb/libg.a(libc_a-calloc.o)
                0x02019370                calloc
 .text.__sccl   0x02019388       0xb0 /opt/devkitpro/devkitARM/lib/gcc/arm-none-eabi/16.1.0/../../../../arm-none-eabi/lib/thumb/libg.a(libc_a-sccl.o)
                0x02019388                __sccl
 .text.aligned_alloc
                0x02019438       0x18 /opt/devkitpro/devkitARM/lib/gcc/arm-none-eabi/16.1.0/../../../../arm-none-eabi/lib/thumb/libg.a(libc_a-aligned_alloc.o)
                0x02019438                aligned_alloc
 .text.validate_structure
                0x02019450      0x1f8 /opt/devkitpro/devkitARM/lib/gcc/arm-none-eabi/16.1.0/../../../../arm-none-eabi/lib/thumb/libg.a(libc_a-mktime.o)
 .text.mktime   0x02019648      0x434 /opt/devkitpro/devkitARM/lib/gcc/arm-none-eabi/16.1.0/../../../../arm-none-eabi/lib/thumb/libg.a(libc_a-mktime.o)
                0x02019648                mktime
 .text._memalign_r
                0x02019a7c      0x118 /opt/devkitpro/devkitARM/lib/gcc/arm-none-eabi/16.1.0/../../../../arm-none-eabi/lib/thumb/libg.a(libc_a-malignr.o)
                0x02019a7c                _memalign_r
 .text.__smakebuf_r
                0x02019b94       0xe0 /opt/devkitpro/devkitARM/lib/gcc/arm-none-eabi/16.1.0/../../../../arm-none-eabi/lib/thumb/libg.a(libc_a-makebuf.o)
                0x02019b94                __smakebuf_r
 .text._strtoll_l.isra.0
                0x02019c74      0x300 /opt/devkitpro/devkitARM/lib/gcc/arm-none-eabi/16.1.0/../../../../arm-none-eabi/lib/thumb/libg.a(libc_a-strtoll.o)
 .text._strtoll_r
                0x02019f74       0x20 /opt/devkitpro/devkitARM/lib/gcc/arm-none-eabi/16.1.0/../../../../arm-none-eabi/lib/thumb/libg.a(libc_a-strtoll.o)
                0x02019f74                _strtoll_r
 .text.__locale_mb_cur_max
                0x02019f94       0x20 /opt/devkitpro/devkitARM/lib/gcc/arm-none-eabi/16.1.0/../../../../arm-none-eabi/lib/thumb/libg.a(libc_a-locale.o)
                0x02019f94                __locale_mb_cur_max
 .text.memset   0x02019fb4       0x8c /opt/devkitpro/devkitARM/lib/gcc/arm-none-eabi/16.1.0/../../../../arm-none-eabi/lib/thumb/libg.a(libc_a-memset.o)
                0x02019fb4                memset
 .text._calloc_r
                0x0201a040       0xcc /opt/devkitpro/devkitARM/lib/gcc/arm-none-eabi/16.1.0/../../../../arm-none-eabi/lib/thumb/libg.a(libc_a-callocr.o)
                0x0201a040                _calloc_r
 .text._fwrite_r
                0x0201a10c       0x9c /opt/devkitpro/devkitARM/lib/gcc/arm-none-eabi/16.1.0/../../../../arm-none-eabi/lib/thumb/libg.a(libc_a-fwrite.o)
                0x0201a10c                _fwrite_r
 .text.fwrite   0x0201a1a8       0x24 /opt/devkitpro/devkitARM/lib/gcc/arm-none-eabi/16.1.0/../../../../arm-none-eabi/lib/thumb/libg.a(libc_a-fwrite.o)
                0x0201a1a8                fwrite
 .text.realloc  0x0201a1cc       0x18 /opt/devkitpro/devkitARM/lib/gcc/arm-none-eabi/16.1.0/../../../../arm-none-eabi/lib/thumb/libg.a(libc_a-realloc.o)
                0x0201a1cc                realloc
 .text.localtime_r
                0x0201a1e4      0x228 /opt/devkitpro/devkitARM/lib/gcc/arm-none-eabi/16.1.0/../../../../arm-none-eabi/lib/thumb/libg.a(libc_a-lcltime_r.o)
                0x0201a1e4                localtime_r
 .text._ftello_r
                0x0201a40c      0x124 /opt/devkitpro/devkitARM/lib/gcc/arm-none-eabi/16.1.0/../../../../arm-none-eabi/lib/thumb/libg.a(libc_a-ftello.o)
                0x0201a40c                _ftello_r
 .text.__tzcalc_limits
                0x0201a530      0x1ac /opt/devkitpro/devkitARM/lib/gcc/arm-none-eabi/16.1.0/../../../../arm-none-eabi/lib/thumb/libg.a(libc_a-tzcalc_limits.o)
                0x0201a530                __tzcalc_limits
 .text._putc_r  0x0201a6dc       0x88 /opt/devkitpro/devkitARM/lib/gcc/arm-none-eabi/16.1.0/../../../../arm-none-eabi/lib/thumb/libg.a(libc_a-putc.o)
                0x0201a6dc                _putc_r
 .text._malloc_r
                0x0201a764      0x550 /opt/devkitpro/devkitARM/lib/gcc/arm-none-eabi/16.1.0/../../../../arm-none-eabi/lib/thumb/libg.a(libc_a-mallocr.o)
                0x0201a764                _malloc_r
 .text.__swbuf_r
                0x0201acb4       0x98 /opt/devkitpro/devkitARM/lib/gcc/arm-none-eabi/16.1.0/../../../../arm-none-eabi/lib/thumb/libg.a(libc_a-wbuf.o)
                0x0201acb4                __swbuf_r
 .text          0x0201ad4c      0x224 /opt/devkitpro/devkitARM/lib/gcc/arm-none-eabi/16.1.0/../../../../arm-none-eabi/lib/thumb/libg.a(libc_a-strcmp.o)
                0x0201ad4c                strcmp
 .text._malloc_trim_r
                0x0201af70       0xac /opt/devkitpro/devkitARM/lib/gcc/arm-none-eabi/16.1.0/../../../../arm-none-eabi/lib/thumb/libg.a(libc_a-freer.o)
                0x0201af70                _malloc_trim_r
 .text._free_r  0x0201b01c      0x1d8 /opt/devkitpro/devkitARM/lib/gcc/arm-none-eabi/16.1.0/../../../../arm-none-eabi/lib/thumb/libg.a(libc_a-freer.o)
                0x0201b01c                _free_r
 .text.get_arg  0x0201b1f4       0x3e /opt/devkitpro/devkitARM/lib/gcc/arm-none-eabi/16.1.0/../../../../arm-none-eabi/lib/thumb/libg.a(libc_a-svfiscanf.o)
 .text._sungetc_r
                0x0201b232       0x7e /opt/devkitpro/devkitARM/lib/gcc/arm-none-eabi/16.1.0/../../../../arm-none-eabi/lib/thumb/libg.a(libc_a-svfiscanf.o)
                0x0201b232                _sungetc_r
 .text.__ssrefill_r
                0x0201b2b0       0x42 /opt/devkitpro/devkitARM/lib/gcc/arm-none-eabi/16.1.0/../../../../arm-none-eabi/lib/thumb/libg.a(libc_a-svfiscanf.o)
                0x0201b2b0                __ssrefill_r
 .text._sfread_r
                0x0201b2f2       0x88 /opt/devkitpro/devkitARM/lib/gcc/arm-none-eabi/16.1.0/../../../../arm-none-eabi/lib/thumb/libg.a(libc_a-svfiscanf.o)
                0x0201b2f2                _sfread_r
 *fill*         0x0201b37a        0x2 ff
 .text.__ssvfiscanf_r
                0x0201b37c     0x19d8 /opt/devkitpro/devkitARM/lib/gcc/arm-none-eabi/16.1.0/../../../../arm-none-eabi/lib/thumb/libg.a(libc_a-svfiscanf.o)
                0x0201b37c                __ssvfiscanf_r
 .text.stdio_exit_handler
                0x0201cd54       0x20 /opt/devkitpro/devkitARM/lib/gcc/arm-none-eabi/16.1.0/../../../../arm-none-eabi/lib/thumb/libg.a(libc_a-findfp.o)
 .text.cleanup_stdio
                0x0201cd74       0x40 /opt/devkitpro/devkitARM/lib/gcc/arm-none-eabi/16.1.0/../../../../arm-none-eabi/lib/thumb/libg.a(libc_a-findfp.o)
 .text.global_stdio_init.part.0
                0x0201cdb4      0x120 /opt/devkitpro/devkitARM/lib/gcc/arm-none-eabi/16.1.0/../../../../arm-none-eabi/lib/thumb/libg.a(libc_a-findfp.o)
 .text.__sfp    0x0201ced4       0xcc /opt/devkitpro/devkitARM/lib/gcc/arm-none-eabi/16.1.0/../../../../arm-none-eabi/lib/thumb/libg.a(libc_a-findfp.o)
                0x0201ced4                __sfp
 .text.__sinit  0x0201cfa0       0x3c /opt/devkitpro/devkitARM/lib/gcc/arm-none-eabi/16.1.0/../../../../arm-none-eabi/lib/thumb/libg.a(libc_a-findfp.o)
                0x0201cfa0                __sinit
 .text.__sfp_lock_acquire
                0x0201cfdc       0x14 /opt/devkitpro/devkitARM/lib/gcc/arm-none-eabi/16.1.0/../../../../arm-none-eabi/lib/thumb/libg.a(libc_a-findfp.o)
                0x0201cfdc                __sfp_lock_acquire
 .text.__sfp_lock_release
                0x0201cff0       0x14 /opt/devkitpro/devkitARM/lib/gcc/arm-none-eabi/16.1.0/../../../../arm-none-eabi/lib/thumb/libg.a(libc_a-findfp.o)
                0x0201cff0                __sfp_lock_release
 .text._strtol_l.part.0
                0x0201d004      0x25c /opt/devkitpro/devkitARM/lib/gcc/arm-none-eabi/16.1.0/../../../../arm-none-eabi/lib/thumb/libg.a(libc_a-strtol.o)
 .text._strtol_r
                0x0201d260       0x34 /opt/devkitpro/devkitARM/lib/gcc/arm-none-eabi/16.1.0/../../../../arm-none-eabi/lib/thumb/libg.a(libc_a-strtol.o)
                0x0201d260                _strtol_r
 .text.__libc_init_array
                0x0201d294       0x54 /opt/devkitpro/devkitARM/lib/gcc/arm-none-eabi/16.1.0/../../../../arm-none-eabi/lib/thumb/libg.a(libc_a-init.o)
                0x0201d294                __libc_init_array
 .text.strncpy  0x0201d2e8       0x68 /opt/devkitpro/devkitARM/lib/gcc/arm-none-eabi/16.1.0/../../../../arm-none-eabi/lib/thumb/libg.a(libc_a-strncpy.o)
                0x0201d2e8                strncpy
 .text._fseek_r
                0x0201d350       0x14 /opt/devkitpro/devkitARM/lib/gcc/arm-none-eabi/16.1.0/../../../../arm-none-eabi/lib/thumb/libg.a(libc_a-fseek.o)
                0x0201d350                _fseek_r
 .text.fseek    0x0201d364       0x24 /opt/devkitpro/devkitARM/lib/gcc/arm-none-eabi/16.1.0/../../../../arm-none-eabi/lib/thumb/libg.a(libc_a-fseek.o)
                0x0201d364                fseek
 .text._tzset_unlocked
                0x0201d388       0x10 /opt/devkitpro/devkitARM/lib/gcc/arm-none-eabi/16.1.0/../../../../arm-none-eabi/lib/thumb/libg.a(libc_a-tzset.o)
                0x0201d388                _tzset_unlocked
 .text.malloc   0x0201d398       0x28 /opt/devkitpro/devkitARM/lib/gcc/arm-none-eabi/16.1.0/../../../../arm-none-eabi/lib/thumb/libg.a(libc_a-malloc.o)
                0x0201d398                malloc
 .text.free     0x0201d3c0       0x14 /opt/devkitpro/devkitARM/lib/gcc/arm-none-eabi/16.1.0/../../../../arm-none-eabi/lib/thumb/libg.a(libc_a-malloc.o)
                0x0201d3c0                free
 .text.memchr   0x0201d3d4       0x74 /opt/devkitpro/devkitARM/lib/gcc/arm-none-eabi/16.1.0/../../../../arm-none-eabi/lib/thumb/libg.a(libc_a-memchr-stub.o)
                0x0201d3d4                memchr
 .text.strrchr  0x0201d448       0x30 /opt/devkitpro/devkitARM/lib/gcc/arm-none-eabi/16.1.0/../../../../arm-none-eabi/lib/thumb/libg.a(libc_a-strrchr.o)
                0x0201d448                strrchr
 .text.__swsetup_r
                0x0201d478       0xd4 /opt/devkitpro/devkitARM/lib/gcc/arm-none-eabi/16.1.0/../../../../arm-none-eabi/lib/thumb/libg.a(libc_a-wsetup.o)
                0x0201d478                __swsetup_r
 .text.__gettzinfo
                0x0201d54c        0x8 /opt/devkitpro/devkitARM/lib/gcc/arm-none-eabi/16.1.0/../../../../arm-none-eabi/lib/thumb/libg.a(libc_a-gettzinfo.o)
                0x0201d54c                __gettzinfo
 .text._findenv_r
                0x0201d554       0x94 /opt/devkitpro/devkitARM/lib/gcc/arm-none-eabi/16.1.0/../../../../arm-none-eabi/lib/thumb/libg.a(libc_a-getenv_r.o)
                0x0201d554                _findenv_r
 .text._getenv_r
                0x0201d5e8       0x10 /opt/devkitpro/devkitARM/lib/gcc/arm-none-eabi/16.1.0/../../../../arm-none-eabi/lib/thumb/libg.a(libc_a-getenv_r.o)
                0x0201d5e8                _getenv_r
 .text._localeconv_r
                0x0201d5f8       0x20 /opt/devkitpro/devkitARM/lib/gcc/arm-none-eabi/16.1.0/../../../../arm-none-eabi/lib/thumb/libg.a(libc_a-localeconv.o)
                0x0201d5f8                _localeconv_r
 .text.__sread  0x0201d618       0x34 /opt/devkitpro/devkitARM/lib/gcc/arm-none-eabi/16.1.0/../../../../arm-none-eabi/lib/thumb/libg.a(libc_a-stdio.o)
                0x0201d618                __sread
 .text.__seofread
                0x0201d64c        0x4 /opt/devkitpro/devkitARM/lib/gcc/arm-none-eabi/16.1.0/../../../../arm-none-eabi/lib/thumb/libg.a(libc_a-stdio.o)
                0x0201d64c                __seofread
 .text.__swrite
                0x0201d650       0x4c /opt/devkitpro/devkitARM/lib/gcc/arm-none-eabi/16.1.0/../../../../arm-none-eabi/lib/thumb/libg.a(libc_a-stdio.o)
                0x0201d650                __swrite
 .text.__sseek  0x0201d69c       0x3c /opt/devkitpro/devkitARM/lib/gcc/arm-none-eabi/16.1.0/../../../../arm-none-eabi/lib/thumb/libg.a(libc_a-stdio.o)
                0x0201d69c                __sseek
 .text.__sclose
                0x0201d6d8       0x10 /opt/devkitpro/devkitARM/lib/gcc/arm-none-eabi/16.1.0/../../../../arm-none-eabi/lib/thumb/libg.a(libc_a-stdio.o)
                0x0201d6d8                __sclose
 .text._realloc_r
                0x0201d6e8      0x344 /opt/devkitpro/devkitARM/lib/gcc/arm-none-eabi/16.1.0/../../../../arm-none-eabi/lib/thumb/libg.a(libc_a-reallocr.o)
                0x0201d6e8                _realloc_r
 .text.__malloc_lock
                0x0201da2c       0x14 /opt/devkitpro/devkitARM/lib/gcc/arm-none-eabi/16.1.0/../../../../arm-none-eabi/lib/thumb/libg.a(libc_a-mlock.o)
                0x0201da2c                __malloc_lock
 .text.__malloc_unlock
                0x0201da40       0x14 /opt/devkitpro/devkitARM/lib/gcc/arm-none-eabi/16.1.0/../../../../arm-none-eabi/lib/thumb/libg.a(libc_a-mlock.o)
                0x0201da40                __malloc_unlock
 .text._fseeko_r
                0x0201da54      0x414 /opt/devkitpro/devkitARM/lib/gcc/arm-none-eabi/16.1.0/../../../../arm-none-eabi/lib/thumb/libg.a(libc_a-fseeko.o)
                0x0201da54                _fseeko_r
 .text._fclose_r
                0x0201de68       0xe0 /opt/devkitpro/devkitARM/lib/gcc/arm-none-eabi/16.1.0/../../../../arm-none-eabi/lib/thumb/libg.a(libc_a-fclose.o)
                0x0201de68                _fclose_r
 .text.fclose   0x0201df48       0x14 /opt/devkitpro/devkitARM/lib/gcc/arm-none-eabi/16.1.0/../../../../arm-none-eabi/lib/thumb/libg.a(libc_a-fclose.o)
                0x0201df48                fclose
 .text.time     0x0201df5c       0x38 /opt/devkitpro/devkitARM/lib/gcc/arm-none-eabi/16.1.0/../../../../arm-none-eabi/lib/thumb/libg.a(libc_a-time.o)
                0x0201df5c                time
 .text.fprintf  0x0201df94       0x28 /opt/devkitpro/devkitARM/lib/gcc/arm-none-eabi/16.1.0/../../../../arm-none-eabi/lib/thumb/libg.a(libc_a-fprintf.o)
                0x0201df94                fprintf
 .text          0x0201dfbc       0x34 /opt/devkitpro/devkitARM/lib/gcc/arm-none-eabi/16.1.0/../../../../arm-none-eabi/lib/thumb/libg.a(libc_a-setjmp.o)
                0x0201dfbc                setjmp
                0x0201dfd4                longjmp
 .text.__call_exitprocs
                0x0201dff0        0xc /opt/devkitpro/devkitARM/lib/gcc/arm-none-eabi/16.1.0/../../../../arm-none-eabi/lib/thumb/libg.a(libc_a-exit.o)
                0x0201dff0                __call_exitprocs
 .text.get_arg  0x0201dffc      0x404 /opt/devkitpro/devkitARM/lib/gcc/arm-none-eabi/16.1.0/../../../../arm-none-eabi/lib/thumb/libg.a(libc_a-svfprintf.o)
 .text._svfprintf_r
                0x0201e400     0x22e0 /opt/devkitpro/devkitARM/lib/gcc/arm-none-eabi/16.1.0/../../../../arm-none-eabi/lib/thumb/libg.a(libc_a-svfprintf.o)
                0x0201e400                _svfprintf_r
 .text.__sflags
                0x020206e0       0x98 /opt/devkitpro/devkitARM/lib/gcc/arm-none-eabi/16.1.0/../../../../arm-none-eabi/lib/thumb/libg.a(libc_a-flags.o)
                0x020206e0                __sflags
 .text.stat     0x02020778       0x18 /opt/devkitpro/devkitARM/lib/gcc/arm-none-eabi/16.1.0/../../../../arm-none-eabi/lib/thumb/libg.a(libc_a-sysstat.o)
                0x02020778                stat
 .text.__utf8_wctomb
                0x02020790       0xbc /opt/devkitpro/devkitARM/lib/gcc/arm-none-eabi/16.1.0/../../../../arm-none-eabi/lib/thumb/libg.a(libc_a-wctomb_r.o)
                0x02020790                __utf8_wctomb
 .text.__libc_fini_array
                0x0202084c       0x30 /opt/devkitpro/devkitARM/lib/gcc/arm-none-eabi/16.1.0/../../../../arm-none-eabi/lib/thumb/libg.a(libc_a-fini.o)
                0x0202084c                __libc_fini_array
 .text.strnlen  0x0202087c       0x20 /opt/devkitpro/devkitARM/lib/gcc/arm-none-eabi/16.1.0/../../../../arm-none-eabi/lib/thumb/libg.a(libc_a-strnlen.o)
                0x0202087c                strnlen
 .text.gmtime_r
                0x0202089c      0x1b4 /opt/devkitpro/devkitARM/lib/gcc/arm-none-eabi/16.1.0/../../../../arm-none-eabi/lib/thumb/libg.a(libc_a-gmtime_r.o)
                0x0202089c                gmtime_r
 .text.strncmp  0x02020a50       0x70 /opt/devkitpro/devkitARM/lib/gcc/arm-none-eabi/16.1.0/../../../../arm-none-eabi/lib/thumb/libg.a(libc_a-strncmp.o)
                0x02020a50                strncmp
 .text._tzset_unlocked_r
                0x02020ac0      0x490 /opt/devkitpro/devkitARM/lib/gcc/arm-none-eabi/16.1.0/../../../../arm-none-eabi/lib/thumb/libg.a(libc_a-tzset_r.o)
                0x02020ac0                _tzset_unlocked_r
 .text.__match  0x02020f50       0x38 /opt/devkitpro/devkitARM/lib/gcc/arm-none-eabi/16.1.0/../../../../arm-none-eabi/lib/thumb/libg.a(libc_a-gdtoa-hexnan.o)
                0x02020f50                __match
 .text.__hexnan
                0x02020f88      0x1e8 /opt/devkitpro/devkitARM/lib/gcc/arm-none-eabi/16.1.0/../../../../arm-none-eabi/lib/thumb/libg.a(libc_a-gdtoa-hexnan.o)
                0x02020f88                __hexnan
 .text.sprintf  0x02021170       0x44 /opt/devkitpro/devkitARM/lib/gcc/arm-none-eabi/16.1.0/../../../../arm-none-eabi/lib/thumb/libg.a(libc_a-sprintf.o)
                0x02021170                sprintf
 .text.lflush   0x020211b4       0x24 /opt/devkitpro/devkitARM/lib/gcc/arm-none-eabi/16.1.0/../../../../arm-none-eabi/lib/thumb/libg.a(libc_a-refill.o)
 .text.__srefill_r
                0x020211d8      0x108 /opt/devkitpro/devkitARM/lib/gcc/arm-none-eabi/16.1.0/../../../../arm-none-eabi/lib/thumb/libg.a(libc_a-refill.o)
                0x020211d8                __srefill_r
 .text.nan      0x020212e0        0xc /opt/devkitpro/devkitARM/lib/gcc/arm-none-eabi/16.1.0/../../../../arm-none-eabi/lib/thumb/libg.a(libm_a-s_nan.o)
                0x020212e0                nan
 .text.nanf     0x020212ec        0x8 /opt/devkitpro/devkitARM/lib/gcc/arm-none-eabi/16.1.0/../../../../arm-none-eabi/lib/thumb/libg.a(libm_a-sf_nan.o)
                0x020212ec                nanf
 .text.frexp    0x020212f4       0x74 /opt/devkitpro/devkitARM/lib/gcc/arm-none-eabi/16.1.0/../../../../arm-none-eabi/lib/thumb/libg.a(libm_a-s_frexp.o)
                0x020212f4                frexp
 .text.stpncpy  0x02021368       0x74 /opt/devkitpro/devkitARM/lib/gcc/arm-none-eabi/16.1.0/../../../../arm-none-eabi/lib/thumb/libg.a(libc_a-stpncpy.o)
                0x02021368                stpncpy
 .text.__env_lock
                0x020213dc       0x14 /opt/devkitpro/devkitARM/lib/gcc/arm-none-eabi/16.1.0/../../../../arm-none-eabi/lib/thumb/libg.a(libc_a-envlock.o)
                0x020213dc                __env_lock
 .text.__env_unlock
                0x020213f0       0x14 /opt/devkitpro/devkitARM/lib/gcc/arm-none-eabi/16.1.0/../../../../arm-none-eabi/lib/thumb/libg.a(libc_a-envlock.o)
                0x020213f0                __env_unlock
 .text.__assert_func
                0x02021404       0x40 /opt/devkitpro/devkitARM/lib/gcc/arm-none-eabi/16.1.0/../../../../arm-none-eabi/lib/thumb/libg.a(libc_a-assert.o)
                0x02021404                __assert_func
 .text.iswspace
                0x02021444       0x10 /opt/devkitpro/devkitARM/lib/gcc/arm-none-eabi/16.1.0/../../../../arm-none-eabi/lib/thumb/libg.a(libc_a-iswspace.o)
                0x02021444                iswspace
 .text._Balloc  0x02021454       0x5c /opt/devkitpro/devkitARM/lib/gcc/arm-none-eabi/16.1.0/../../../../arm-none-eabi/lib/thumb/libg.a(libc_a-mprec.o)
                0x02021454                _Balloc
 .text._Bfree   0x020214b0       0x14 /opt/devkitpro/devkitARM/lib/gcc/arm-none-eabi/16.1.0/../../../../arm-none-eabi/lib/thumb/libg.a(libc_a-mprec.o)
                0x020214b0                _Bfree
 .text.__multadd
                0x020214c4       0xa8 /opt/devkitpro/devkitARM/lib/gcc/arm-none-eabi/16.1.0/../../../../arm-none-eabi/lib/thumb/libg.a(libc_a-mprec.o)
                0x020214c4                __multadd
 .text.__s2b    0x0202156c       0xb4 /opt/devkitpro/devkitARM/lib/gcc/arm-none-eabi/16.1.0/../../../../arm-none-eabi/lib/thumb/libg.a(libc_a-mprec.o)
                0x0202156c                __s2b
 .text.__hi0bits
                0x02021620       0x60 /opt/devkitpro/devkitARM/lib/gcc/arm-none-eabi/16.1.0/../../../../arm-none-eabi/lib/thumb/libg.a(libc_a-mprec.o)
                0x02021620                __hi0bits
 .text.__lo0bits
                0x02021680       0x8c /opt/devkitpro/devkitARM/lib/gcc/arm-none-eabi/16.1.0/../../../../arm-none-eabi/lib/thumb/libg.a(libc_a-mprec.o)
                0x02021680                __lo0bits
 .text.__i2b    0x0202170c       0x64 /opt/devkitpro/devkitARM/lib/gcc/arm-none-eabi/16.1.0/../../../../arm-none-eabi/lib/thumb/libg.a(libc_a-mprec.o)
                0x0202170c                __i2b
 .text.__multiply
                0x02021770      0x1b4 /opt/devkitpro/devkitARM/lib/gcc/arm-none-eabi/16.1.0/../../../../arm-none-eabi/lib/thumb/libg.a(libc_a-mprec.o)
                0x02021770                __multiply
 .text.__pow5mult
                0x02021924       0xd8 /opt/devkitpro/devkitARM/lib/gcc/arm-none-eabi/16.1.0/../../../../arm-none-eabi/lib/thumb/libg.a(libc_a-mprec.o)
                0x02021924                __pow5mult
 .text.__lshift
                0x020219fc       0xf8 /opt/devkitpro/devkitARM/lib/gcc/arm-none-eabi/16.1.0/../../../../arm-none-eabi/lib/thumb/libg.a(libc_a-mprec.o)
                0x020219fc                __lshift
 .text.__mcmp   0x02021af4       0x50 /opt/devkitpro/devkitARM/lib/gcc/arm-none-eabi/16.1.0/../../../../arm-none-eabi/lib/thumb/libg.a(libc_a-mprec.o)
                0x02021af4                __mcmp
 .text.__mdiff  0x02021b44      0x1a4 /opt/devkitpro/devkitARM/lib/gcc/arm-none-eabi/16.1.0/../../../../arm-none-eabi/lib/thumb/libg.a(libc_a-mprec.o)
                0x02021b44                __mdiff
 .text.__ulp    0x02021ce8       0x40 /opt/devkitpro/devkitARM/lib/gcc/arm-none-eabi/16.1.0/../../../../arm-none-eabi/lib/thumb/libg.a(libc_a-mprec.o)
                0x02021ce8                __ulp
 .text.__b2d    0x02021d28       0xc8 /opt/devkitpro/devkitARM/lib/gcc/arm-none-eabi/16.1.0/../../../../arm-none-eabi/lib/thumb/libg.a(libc_a-mprec.o)
                0x02021d28                __b2d
 .text.__d2b    0x02021df0       0xd4 /opt/devkitpro/devkitARM/lib/gcc/arm-none-eabi/16.1.0/../../../../arm-none-eabi/lib/thumb/libg.a(libc_a-mprec.o)
                0x02021df0                __d2b
 .text.__ratio  0x02021ec4       0x60 /opt/devkitpro/devkitARM/lib/gcc/arm-none-eabi/16.1.0/../../../../arm-none-eabi/lib/thumb/libg.a(libc_a-mprec.o)
                0x02021ec4                __ratio
 .text.__copybits
                0x02021f24       0x48 /opt/devkitpro/devkitARM/lib/gcc/arm-none-eabi/16.1.0/../../../../arm-none-eabi/lib/thumb/libg.a(libc_a-mprec.o)
                0x02021f24                __copybits
 .text.__any_on
                0x02021f6c       0x54 /opt/devkitpro/devkitARM/lib/gcc/arm-none-eabi/16.1.0/../../../../arm-none-eabi/lib/thumb/libg.a(libc_a-mprec.o)
                0x02021f6c                __any_on
 .text._fwalk_sglue
                0x02021fc0       0x4c /opt/devkitpro/devkitARM/lib/gcc/arm-none-eabi/16.1.0/../../../../arm-none-eabi/lib/thumb/libg.a(libc_a-fwalk.o)
                0x02021fc0                _fwalk_sglue
 .text.get_arg  0x0202200c      0x404 /opt/devkitpro/devkitARM/lib/gcc/arm-none-eabi/16.1.0/../../../../arm-none-eabi/lib/thumb/libg.a(libc_a-vfprintf.o)
 .text._vfprintf_r
                0x02022410     0x2394 /opt/devkitpro/devkitARM/lib/gcc/arm-none-eabi/16.1.0/../../../../arm-none-eabi/lib/thumb/libg.a(libc_a-vfprintf.o)
                0x02022410                _vfprintf_r
 .text.__sbprintf
                0x020247a4       0x7c /opt/devkitpro/devkitARM/lib/gcc/arm-none-eabi/16.1.0/../../../../arm-none-eabi/lib/thumb/libg.a(libc_a-vfprintf.o)
 .text.div      0x02024820       0x18 /opt/devkitpro/devkitARM/lib/gcc/arm-none-eabi/16.1.0/../../../../arm-none-eabi/lib/thumb/libg.a(libc_a-div.o)
                0x02024820                div
 .text._wcrtomb_r
                0x02024838       0x88 /opt/devkitpro/devkitARM/lib/gcc/arm-none-eabi/16.1.0/../../../../arm-none-eabi/lib/thumb/libg.a(libc_a-wcrtomb.o)
                0x02024838                _wcrtomb_r
 .text.__submore
                0x020248c0       0x7c /opt/devkitpro/devkitARM/lib/gcc/arm-none-eabi/16.1.0/../../../../arm-none-eabi/lib/thumb/libg.a(libc_a-ungetc.o)
                0x020248c0                __submore
 .text.__ssprint_r
                0x0202493c       0x60 /opt/devkitpro/devkitARM/lib/gcc/arm-none-eabi/16.1.0/../../../../arm-none-eabi/lib/thumb/libg.a(libc_a-ssprint_r.o)
                0x0202493c                __ssprint_r
 .text.__utf8_mbtowc
                0x0202499c      0x24c /opt/devkitpro/devkitARM/lib/gcc/arm-none-eabi/16.1.0/../../../../arm-none-eabi/lib/thumb/libg.a(libc_a-mbtowc_r.o)
                0x0202499c                __utf8_mbtowc
 .text.fiprintf
                0x02024be8       0x28 /opt/devkitpro/devkitARM/lib/gcc/arm-none-eabi/16.1.0/../../../../arm-none-eabi/lib/thumb/libg.a(libc_a-fiprintf.o)
                0x02024be8                fiprintf
 .text.__sfvwrite_r
                0x02024c10      0x31c /opt/devkitpro/devkitARM/lib/gcc/arm-none-eabi/16.1.0/../../../../arm-none-eabi/lib/thumb/libg.a(libc_a-fvwrite.o)
                0x02024c10                __sfvwrite_r
 .text.__tz_lock
                0x02024f2c       0x14 /opt/devkitpro/devkitARM/lib/gcc/arm-none-eabi/16.1.0/../../../../arm-none-eabi/lib/thumb/libg.a(libc_a-tzlock.o)
                0x02024f2c                __tz_lock
 .text.__tz_unlock
                0x02024f40       0x14 /opt/devkitpro/devkitARM/lib/gcc/arm-none-eabi/16.1.0/../../../../arm-none-eabi/lib/thumb/libg.a(libc_a-tzlock.o)
                0x02024f40                __tz_unlock
 .text.abort    0x02024f54       0x10 /opt/devkitpro/devkitARM/lib/gcc/arm-none-eabi/16.1.0/../../../../arm-none-eabi/lib/thumb/libg.a(libc_a-abort.o)
                0x02024f54                abort
 .text.strcpy   0x02024f64       0x10 /opt/devkitpro/devkitARM/lib/gcc/arm-none-eabi/16.1.0/../../../../arm-none-eabi/lib/thumb/libg.a(libc_a-strcpy.o)
                0x02024f64                strcpy
 .text.__sflush_r
                0x02024f74      0x180 /opt/devkitpro/devkitARM/lib/gcc/arm-none-eabi/16.1.0/../../../../arm-none-eabi/lib/thumb/libg.a(libc_a-fflush.o)
                0x02024f74                __sflush_r
 .text._fflush_r
                0x020250f4       0x70 /opt/devkitpro/devkitARM/lib/gcc/arm-none-eabi/16.1.0/../../../../arm-none-eabi/lib/thumb/libg.a(libc_a-fflush.o)
                0x020250f4                _fflush_r
 .text.__sprint_r
                0x02025164       0x24 /opt/devkitpro/devkitARM/lib/gcc/arm-none-eabi/16.1.0/../../../../arm-none-eabi/lib/thumb/libg.a(libc_a-sprint_r.o)
                0x02025164                __sprint_r
 .text.quorem   0x02025188      0x160 /opt/devkitpro/devkitARM/lib/gcc/arm-none-eabi/16.1.0/../../../../arm-none-eabi/lib/thumb/libg.a(libc_a-dtoa.o)
 .text._dtoa_r  0x020252e8     0x10a0 /opt/devkitpro/devkitARM/lib/gcc/arm-none-eabi/16.1.0/../../../../arm-none-eabi/lib/thumb/libg.a(libc_a-dtoa.o)
                0x020252e8                _dtoa_r
 .text._wcsrtombs_r
                0x02026388       0x20 /opt/devkitpro/devkitARM/lib/gcc/arm-none-eabi/16.1.0/../../../../arm-none-eabi/lib/thumb/libg.a(libc_a-wcsrtombs.o)
                0x02026388                _wcsrtombs_r
 .text.siscanf  0x020263a8       0x50 /opt/devkitpro/devkitARM/lib/gcc/arm-none-eabi/16.1.0/../../../../arm-none-eabi/lib/thumb/libg.a(libc_a-siscanf.o)
                0x020263a8                siscanf
 .text.memmove  0x020263f8      0x108 /opt/devkitpro/devkitARM/lib/gcc/arm-none-eabi/16.1.0/../../../../arm-none-eabi/lib/thumb/libg.a(libc_a-memmove.o)
                0x020263f8                memmove
 .text.iswspace_l
                0x02026500       0x28 /opt/devkitpro/devkitARM/lib/gcc/arm-none-eabi/16.1.0/../../../../arm-none-eabi/lib/thumb/libg.a(libc_a-iswspace_l.o)
                0x02026500                iswspace_l
 .text.__ssputs_r
                0x02026528       0xd4 /opt/devkitpro/devkitARM/lib/gcc/arm-none-eabi/16.1.0/../../../../arm-none-eabi/lib/thumb/libg.a(libc_a-ssputs_r.o)
                0x02026528                __ssputs_r
 .text.get_arg  0x020265fc      0x404 /opt/devkitpro/devkitARM/lib/gcc/arm-none-eabi/16.1.0/../../../../arm-none-eabi/lib/thumb/libg.a(libc_a-vfiprintf.o)
 .text._vfiprintf_r
                0x02026a00     0x16d8 /opt/devkitpro/devkitARM/lib/gcc/arm-none-eabi/16.1.0/../../../../arm-none-eabi/lib/thumb/libg.a(libc_a-vfiprintf.o)
                0x02026a00                _vfiprintf_r
 .text.__sbprintf
                0x020280d8       0x7c /opt/devkitpro/devkitARM/lib/gcc/arm-none-eabi/16.1.0/../../../../arm-none-eabi/lib/thumb/libg.a(libc_a-vfiprintf.o)
 .text._wcsnrtombs_l
                0x02028154      0x120 /opt/devkitpro/devkitARM/lib/gcc/arm-none-eabi/16.1.0/../../../../arm-none-eabi/lib/thumb/libg.a(libc_a-wcsnrtombs.o)
                0x02028154                _wcsnrtombs_l
 .text._wcsnrtombs_r
                0x02028274       0x40 /opt/devkitpro/devkitARM/lib/gcc/arm-none-eabi/16.1.0/../../../../arm-none-eabi/lib/thumb/libg.a(libc_a-wcsnrtombs.o)
                0x02028274                _wcsnrtombs_r
 .text._raise_r
                0x020282b4       0x60 /opt/devkitpro/devkitARM/lib/gcc/arm-none-eabi/16.1.0/../../../../arm-none-eabi/lib/thumb/libg.a(libc_a-signal.o)
                0x020282b4                _raise_r
 .text.raise    0x02028314       0x14 /opt/devkitpro/devkitARM/lib/gcc/arm-none-eabi/16.1.0/../../../../arm-none-eabi/lib/thumb/libg.a(libc_a-signal.o)
                0x02028314                raise
 .text.category
                0x02028328       0x5c /opt/devkitpro/devkitARM/lib/gcc/arm-none-eabi/16.1.0/../../../../arm-none-eabi/lib/thumb/libg.a(libc_a-categories.o)
                0x02028328                category
 .text._exit    0x02028384       0x14 /opt/devkitpro/devkitARM/lib/gcc/arm-none-eabi/16.1.0/../../../../arm-none-eabi/lib/thumb/libsysbase.a(libsysbase_libsysbase_a-_exit.o)
                0x02028384                _exit
 .text.chdir    0x02028398       0xe4 /opt/devkitpro/devkitARM/lib/gcc/arm-none-eabi/16.1.0/../../../../arm-none-eabi/lib/thumb/libsysbase.a(libsysbase_libsysbase_a-chdir.o)
                0x02028398                chdir
 .text._concatenate_path
                0x0202847c      0x134 /opt/devkitpro/devkitARM/lib/gcc/arm-none-eabi/16.1.0/../../../../arm-none-eabi/lib/thumb/libsysbase.a(libsysbase_libsysbase_a-concatenate.o)
                0x0202847c                _concatenate_path
 .text.__dirnext
                0x020285b0       0x4c /opt/devkitpro/devkitARM/lib/gcc/arm-none-eabi/16.1.0/../../../../arm-none-eabi/lib/thumb/libsysbase.a(libsysbase_libsysbase_a-dirent.o)
 .text.opendir  0x020285fc       0xc0 /opt/devkitpro/devkitARM/lib/gcc/arm-none-eabi/16.1.0/../../../../arm-none-eabi/lib/thumb/libsysbase.a(libsysbase_libsysbase_a-dirent.o)
                0x020285fc                opendir
 .text.closedir
                0x020286bc       0x70 /opt/devkitpro/devkitARM/lib/gcc/arm-none-eabi/16.1.0/../../../../arm-none-eabi/lib/thumb/libsysbase.a(libsysbase_libsysbase_a-dirent.o)
                0x020286bc                closedir
 .text.readdir_r
                0x0202872c       0x8c /opt/devkitpro/devkitARM/lib/gcc/arm-none-eabi/16.1.0/../../../../arm-none-eabi/lib/thumb/libsysbase.a(libsysbase_libsysbase_a-dirent.o)
                0x0202872c                readdir_r
 .text.readdir  0x020287b8       0x28 /opt/devkitpro/devkitARM/lib/gcc/arm-none-eabi/16.1.0/../../../../arm-none-eabi/lib/thumb/libsysbase.a(libsysbase_libsysbase_a-dirent.o)
                0x020287b8                readdir
 .text._fstat_r
                0x020287e0       0x5c /opt/devkitpro/devkitARM/lib/gcc/arm-none-eabi/16.1.0/../../../../arm-none-eabi/lib/thumb/libsysbase.a(libsysbase_libsysbase_a-fstat.o)
                0x020287e0                _fstat_r
 .text._getpid_r
                0x0202883c        0xc /opt/devkitpro/devkitARM/lib/gcc/arm-none-eabi/16.1.0/../../../../arm-none-eabi/lib/thumb/libsysbase.a(libsysbase_libsysbase_a-getpid.o)
                0x0202883c                _getpid_r
 .text.__getreent
                0x02028848       0x20 /opt/devkitpro/devkitARM/lib/gcc/arm-none-eabi/16.1.0/../../../../arm-none-eabi/lib/thumb/libsysbase.a(libsysbase_libsysbase_a-getreent.o)
                0x02028848                __getreent
 .text._gettimeofday_r
                0x02028868       0x20 /opt/devkitpro/devkitARM/lib/gcc/arm-none-eabi/16.1.0/../../../../arm-none-eabi/lib/thumb/libsysbase.a(libsysbase_libsysbase_a-gettod.o)
                0x02028868                _gettimeofday_r
 .text.__release_handle
                0x02028888       0x6c /opt/devkitpro/devkitARM/lib/gcc/arm-none-eabi/16.1.0/../../../../arm-none-eabi/lib/thumb/libsysbase.a(libsysbase_libsysbase_a-handle_manager.o)
                0x02028888                __release_handle
 .text.__alloc_handle
                0x020288f4       0x7c /opt/devkitpro/devkitARM/lib/gcc/arm-none-eabi/16.1.0/../../../../arm-none-eabi/lib/thumb/libsysbase.a(libsysbase_libsysbase_a-handle_manager.o)
                0x020288f4                __alloc_handle
 .text.__get_handle
                0x02028970       0x34 /opt/devkitpro/devkitARM/lib/gcc/arm-none-eabi/16.1.0/../../../../arm-none-eabi/lib/thumb/libsysbase.a(libsysbase_libsysbase_a-handle_manager.o)
                0x02028970                __get_handle
 .text._close_r
                0x020289a4       0xb0 /opt/devkitpro/devkitARM/lib/gcc/arm-none-eabi/16.1.0/../../../../arm-none-eabi/lib/thumb/libsysbase.a(libsysbase_libsysbase_a-handle_manager.o)
                0x020289a4                _close_r
 .text.null_write
                0x02028a54        0x4 /opt/devkitpro/devkitARM/lib/gcc/arm-none-eabi/16.1.0/../../../../arm-none-eabi/lib/thumb/libsysbase.a(libsysbase_libsysbase_a-iosupport.o)
 .text.setDefaultDevice
                0x02028a58       0x10 /opt/devkitpro/devkitARM/lib/gcc/arm-none-eabi/16.1.0/../../../../arm-none-eabi/lib/thumb/libsysbase.a(libsysbase_libsysbase_a-iosupport.o)
                0x02028a58                setDefaultDevice
 .text.FindDevice
                0x02028a68       0x64 /opt/devkitpro/devkitARM/lib/gcc/arm-none-eabi/16.1.0/../../../../arm-none-eabi/lib/thumb/libsysbase.a(libsysbase_libsysbase_a-iosupport.o)
                0x02028a68                FindDevice
 .text.AddDevice
                0x02028acc       0x68 /opt/devkitpro/devkitARM/lib/gcc/arm-none-eabi/16.1.0/../../../../arm-none-eabi/lib/thumb/libsysbase.a(libsysbase_libsysbase_a-iosupport.o)
                0x02028acc                AddDevice
 .text.GetDeviceOpTab
                0x02028b34       0x20 /opt/devkitpro/devkitARM/lib/gcc/arm-none-eabi/16.1.0/../../../../arm-none-eabi/lib/thumb/libsysbase.a(libsysbase_libsysbase_a-iosupport.o)
                0x02028b34                GetDeviceOpTab
 .text._isatty_r
                0x02028b54        0x4 /opt/devkitpro/devkitARM/lib/gcc/arm-none-eabi/16.1.0/../../../../arm-none-eabi/lib/thumb/libsysbase.a(libsysbase_libsysbase_a-isatty.o)
                0x02028b54                _isatty_r
 .text._kill_r  0x02028b58        0xc /opt/devkitpro/devkitARM/lib/gcc/arm-none-eabi/16.1.0/../../../../arm-none-eabi/lib/thumb/libsysbase.a(libsysbase_libsysbase_a-kill.o)
                0x02028b58                _kill_r
 .text._lseek_r
                0x02028b64       0x64 /opt/devkitpro/devkitARM/lib/gcc/arm-none-eabi/16.1.0/../../../../arm-none-eabi/lib/thumb/libsysbase.a(libsysbase_libsysbase_a-lseek.o)
                0x02028b64                _lseek_r
 .text.mkdir    0x02028bc8       0x4c /opt/devkitpro/devkitARM/lib/gcc/arm-none-eabi/16.1.0/../../../../arm-none-eabi/lib/thumb/libsysbase.a(libsysbase_libsysbase_a-mkdir.o)
                0x02028bc8                mkdir
 .text._open_r  0x02028c14       0x8c /opt/devkitpro/devkitARM/lib/gcc/arm-none-eabi/16.1.0/../../../../arm-none-eabi/lib/thumb/libsysbase.a(libsysbase_libsysbase_a-open.o)
                0x02028c14                _open_r
 .text._read_r  0x02028ca0       0x5c /opt/devkitpro/devkitARM/lib/gcc/arm-none-eabi/16.1.0/../../../../arm-none-eabi/lib/thumb/libsysbase.a(libsysbase_libsysbase_a-read.o)
                0x02028ca0                _read_r
 .text._rmdir_r
                0x02028cfc       0x50 /opt/devkitpro/devkitARM/lib/gcc/arm-none-eabi/16.1.0/../../../../arm-none-eabi/lib/thumb/libsysbase.a(libsysbase_libsysbase_a-rmdir.o)
                0x02028cfc                _rmdir_r
 .text._sbrk_r  0x02028d4c       0x50 /opt/devkitpro/devkitARM/lib/gcc/arm-none-eabi/16.1.0/../../../../arm-none-eabi/lib/thumb/libsysbase.a(libsysbase_libsysbase_a-sbrk.o)
                0x02028d4c                _sbrk_r
 .text._stat_r  0x02028d9c       0x54 /opt/devkitpro/devkitARM/lib/gcc/arm-none-eabi/16.1.0/../../../../arm-none-eabi/lib/thumb/libsysbase.a(libsysbase_libsysbase_a-stat.o)
                0x02028d9c                _stat_r
 .text.__libc_lock_acquire
                0x02028df0       0x18 /opt/devkitpro/devkitARM/lib/gcc/arm-none-eabi/16.1.0/../../../../arm-none-eabi/lib/thumb/libsysbase.a(libsysbase_libsysbase_a-syscall_support.o)
                0x02028df0                __libc_lock_acquire
 .text.__libc_lock_release
                0x02028e08       0x18 /opt/devkitpro/devkitARM/lib/gcc/arm-none-eabi/16.1.0/../../../../arm-none-eabi/lib/thumb/libsysbase.a(libsysbase_libsysbase_a-syscall_support.o)
                0x02028e08                __libc_lock_release
 .text.__libc_lock_acquire_recursive
                0x02028e20       0x18 /opt/devkitpro/devkitARM/lib/gcc/arm-none-eabi/16.1.0/../../../../arm-none-eabi/lib/thumb/libsysbase.a(libsysbase_libsysbase_a-syscall_support.o)
                0x02028e20                __libc_lock_acquire_recursive
 .text.__libc_lock_release_recursive
                0x02028e38       0x18 /opt/devkitpro/devkitARM/lib/gcc/arm-none-eabi/16.1.0/../../../../arm-none-eabi/lib/thumb/libsysbase.a(libsysbase_libsysbase_a-syscall_support.o)
                0x02028e38                __libc_lock_release_recursive
 .text._unlink_r
                0x02028e50       0x50 /opt/devkitpro/devkitARM/lib/gcc/arm-none-eabi/16.1.0/../../../../arm-none-eabi/lib/thumb/libsysbase.a(libsysbase_libsysbase_a-unlink.o)
                0x02028e50                _unlink_r
 .text._write_r
                0x02028ea0       0x5c /opt/devkitpro/devkitARM/lib/gcc/arm-none-eabi/16.1.0/../../../../arm-none-eabi/lib/thumb/libsysbase.a(libsysbase_libsysbase_a-write.o)
                0x02028ea0                _write_r
 .text          0x02028efc       0x14 /opt/devkitpro/devkitARM/lib/gcc/arm-none-eabi/16.1.0/thumb/libgcc.a(_thumb1_case_uqi.o)
                0x02028efc                __gnu_thumb1_case_uqi
 .text          0x02028f10       0x14 /opt/devkitpro/devkitARM/lib/gcc/arm-none-eabi/16.1.0/thumb/libgcc.a(_thumb1_case_uhi.o)
                0x02028f10                __gnu_thumb1_case_uhi
 .text          0x02028f24      0x424 /opt/devkitpro/devkitARM/lib/gcc/arm-none-eabi/16.1.0/thumb/libgcc.a(_arm_addsubdf3.o)
                0x02028f24                __aeabi_drsub
                0x02028f2c                __subdf3
                0x02028f2c                __aeabi_dsub
                0x02028f30                __aeabi_dadd
                0x02028f30                __adddf3
                0x02029240                __aeabi_ui2d
                0x02029240                __floatunsidf
                0x02029264                __floatsidf
                0x02029264                __aeabi_i2d
                0x0202928c                __extendsfdf2
                0x0202928c                __aeabi_f2d
                0x020292d4                __aeabi_ul2d
                0x020292d4                __floatundidf
                0x020292e8                __aeabi_l2d
                0x020292e8                __floatdidf
 .text          0x02029348      0x49c /opt/devkitpro/devkitARM/lib/gcc/arm-none-eabi/16.1.0/thumb/libgcc.a(_arm_muldivdf3.o)
                0x02029348                __aeabi_dmul
                0x02029348                __muldf3
                0x020295d8                __aeabi_ddiv
                0x020295d8                __divdf3
 .text          0x020297e4      0x144 /opt/devkitpro/devkitARM/lib/gcc/arm-none-eabi/16.1.0/thumb/libgcc.a(_arm_cmpdf2.o)
                0x020297e4                __gedf2
                0x020297e4                __gtdf2
                0x020297ec                __ledf2
                0x020297ec                __ltdf2
                0x020297f4                __cmpdf2
                0x020297f4                __eqdf2
                0x020297f4                __nedf2
                0x0202987c                __aeabi_cdrcmple
                0x02029898                __aeabi_cdcmple
                0x02029898                __aeabi_cdcmpeq
                0x020298b0                __aeabi_dcmpeq
                0x020298c8                __aeabi_dcmplt
                0x020298e0                __aeabi_dcmple
                0x020298f8                __aeabi_dcmpge
                0x02029910                __aeabi_dcmpgt
 .text          0x02029928       0x38 /opt/devkitpro/devkitARM/lib/gcc/arm-none-eabi/16.1.0/thumb/libgcc.a(_arm_unorddf2.o)
                0x02029928                __aeabi_dcmpun
                0x02029928                __unorddf2
 .text          0x02029960       0x5c /opt/devkitpro/devkitARM/lib/gcc/arm-none-eabi/16.1.0/thumb/libgcc.a(_arm_fixdfsi.o)
                0x02029960                __fixdfsi
                0x02029960                __aeabi_d2iz
 .text          0x020299bc       0x54 /opt/devkitpro/devkitARM/lib/gcc/arm-none-eabi/16.1.0/thumb/libgcc.a(_arm_fixunsdfsi.o)
                0x020299bc                __fixunsdfsi
                0x020299bc                __aeabi_d2uiz
 .text          0x02029a10       0xa0 /opt/devkitpro/devkitARM/lib/gcc/arm-none-eabi/16.1.0/thumb/libgcc.a(_arm_truncdfsf2.o)
                0x02029a10                __aeabi_d2f
                0x02029a10                __truncdfsf2
 .text.__muldi3
                0x02029ab0       0x58 /opt/devkitpro/devkitARM/lib/gcc/arm-none-eabi/16.1.0/thumb/libgcc.a(_muldi3.o)
                0x02029ab0                __aeabi_lmul
                0x02029ab0                __muldi3
 .text.__fixdfdi
                0x02029b08       0x3c /opt/devkitpro/devkitARM/lib/gcc/arm-none-eabi/16.1.0/thumb/libgcc.a(_fixdfdi.o)
                0x02029b08                __aeabi_d2lz
                0x02029b08                __fixdfdi
 .text.__fixunsdfdi
                0x02029b44       0x40 /opt/devkitpro/devkitARM/lib/gcc/arm-none-eabi/16.1.0/thumb/libgcc.a(_fixunsdfdi.o)
                0x02029b44                __aeabi_d2ulz
                0x02029b44                __fixunsdfdi
 .text.selfrel_offset31
                0x02029b84       0x18 /opt/devkitpro/devkitARM/lib/gcc/arm-none-eabi/16.1.0/thumb/libgcc.a(unwind-arm.o)
 .text.search_EIT_table
                0x02029b9c       0x74 /opt/devkitpro/devkitARM/lib/gcc/arm-none-eabi/16.1.0/thumb/libgcc.a(unwind-arm.o)
 .text.__gnu_unwind_get_pr_addr
                0x02029c10       0x28 /opt/devkitpro/devkitARM/lib/gcc/arm-none-eabi/16.1.0/thumb/libgcc.a(unwind-arm.o)
 .text.get_eit_entry
                0x02029c38       0x98 /opt/devkitpro/devkitARM/lib/gcc/arm-none-eabi/16.1.0/thumb/libgcc.a(unwind-arm.o)
 .text.restore_non_core_regs
                0x02029cd0       0x5c /opt/devkitpro/devkitARM/lib/gcc/arm-none-eabi/16.1.0/thumb/libgcc.a(unwind-arm.o)
 .text._Unwind_decode_typeinfo_ptr.constprop.0
                0x02029d2c        0xc /opt/devkitpro/devkitARM/lib/gcc/arm-none-eabi/16.1.0/thumb/libgcc.a(unwind-arm.o)
 .text._Unwind_DebugHook
                0x02029d38        0x4 /opt/devkitpro/devkitARM/lib/gcc/arm-none-eabi/16.1.0/thumb/libgcc.a(unwind-arm.o)
 .text.unwind_phase2
                0x02029d3c       0x40 /opt/devkitpro/devkitARM/lib/gcc/arm-none-eabi/16.1.0/thumb/libgcc.a(unwind-arm.o)
 .text.unwind_phase2_forced
                0x02029d7c       0xe0 /opt/devkitpro/devkitARM/lib/gcc/arm-none-eabi/16.1.0/thumb/libgcc.a(unwind-arm.o)
 .text.__gnu_Unwind_RaiseException
                0x02029e5c       0x58 /opt/devkitpro/devkitARM/lib/gcc/arm-none-eabi/16.1.0/thumb/libgcc.a(unwind-arm.o)
                0x02029e5c                __gnu_Unwind_RaiseException
 .text.__gnu_Unwind_ForcedUnwind
                0x02029eb4       0x18 /opt/devkitpro/devkitARM/lib/gcc/arm-none-eabi/16.1.0/thumb/libgcc.a(unwind-arm.o)
                0x02029eb4                __gnu_Unwind_ForcedUnwind
 .text.__gnu_Unwind_Resume
                0x02029ecc       0x4c /opt/devkitpro/devkitARM/lib/gcc/arm-none-eabi/16.1.0/thumb/libgcc.a(unwind-arm.o)
                0x02029ecc                __gnu_Unwind_Resume
 .text.__gnu_Unwind_Resume_or_Rethrow
                0x02029f18       0x20 /opt/devkitpro/devkitARM/lib/gcc/arm-none-eabi/16.1.0/thumb/libgcc.a(unwind-arm.o)
                0x02029f18                __gnu_Unwind_Resume_or_Rethrow
 .text._Unwind_VRS_Get
                0x02029f38       0x44 /opt/devkitpro/devkitARM/lib/gcc/arm-none-eabi/16.1.0/thumb/libgcc.a(unwind-arm.o)
                0x02029f38                _Unwind_VRS_Get
 .text._Unwind_GetGR
                0x02029f7c       0x1c /opt/devkitpro/devkitARM/lib/gcc/arm-none-eabi/16.1.0/thumb/libgcc.a(unwind-arm.o)
 .text._Unwind_VRS_Set
                0x02029f98       0x44 /opt/devkitpro/devkitARM/lib/gcc/arm-none-eabi/16.1.0/thumb/libgcc.a(unwind-arm.o)
                0x02029f98                _Unwind_VRS_Set
 .text._Unwind_SetGR
                0x02029fdc       0x1c /opt/devkitpro/devkitARM/lib/gcc/arm-none-eabi/16.1.0/thumb/libgcc.a(unwind-arm.o)
 .text.__gnu_Unwind_Backtrace
                0x02029ff8       0x78 /opt/devkitpro/devkitARM/lib/gcc/arm-none-eabi/16.1.0/thumb/libgcc.a(unwind-arm.o)
                0x02029ff8                __gnu_Unwind_Backtrace
 .text.__gnu_unwind_pr_common
                0x0202a070      0x2d0 /opt/devkitpro/devkitARM/lib/gcc/arm-none-eabi/16.1.0/thumb/libgcc.a(unwind-arm.o)