Archive member included to satisfy reference by file (symbol)

/opt/devkitpro/libnds/lib/libfat.a(fat_wrappers.o)
                              main.o (fatInitDefault)
/opt/devkitpro/libnds/lib/libfat.a(dvm_calico.o)
                              /opt/devkitpro/libnds/lib/libfat.a(fat_wrappers.o) (dvmInit)
/opt/devkitpro/libnds/lib/libfat.a(dvm_disc.o)
                              /opt/devkitpro/libnds/lib/libfat.a(fat_wrappers.o) (dvmDiscCreate)
/opt/devkitpro/libnds/lib/libfat.a(dvm_cache.o)
                              /opt/devkitpro/libnds/lib/libfat.a(fat_wrappers.o) (dvmDiscCacheCreate)
/opt/devkitpro/libnds/lib/libfat.a(dvm_volume.o)
                              /opt/devkitpro/libnds/lib/libfat.a(fat_wrappers.o) (dvmMountVolume)
/opt/devkitpro/libnds/lib/libfat.a(dvm_prober.o)
                              /opt/devkitpro/libnds/lib/libfat.a(dvm_calico.o) (dvmProbeMountDisc)
/opt/devkitpro/libnds/lib/libfat.a(fat_driver.o)
                              /opt/devkitpro/libnds/lib/libfat.a(dvm_volume.o) (g_vfatFsDriver)
/opt/devkitpro/libnds/lib/libfat.a(ff.o)
                              /opt/devkitpro/libnds/lib/libfat.a(fat_driver.o) (f_mount)
/opt/devkitpro/libnds/lib/libfat.a(ffunicode.o)
                              /opt/devkitpro/libnds/lib/libfat.a(ff.o) (ff_uni2oem)
/opt/devkitpro/libnds/lib/libnds9.a(background.o)
                              main.o (bgState)
/opt/devkitpro/libnds/lib/libnds9.a(keys.o)
                              main.o (scanKeys)
/opt/devkitpro/libnds/lib/libnds9.a(trig.o)
                              /opt/devkitpro/libnds/lib/libnds9.a(background.o) (sinLerp)
/opt/devkitpro/calico/lib/libcalico_ds9.a(thread_cold.o)
                              main.o (threadIrqWait)
/opt/devkitpro/calico/lib/libcalico_ds9.a(thread_hot.32.o)
                              /opt/devkitpro/calico/lib/libcalico_ds9.a(thread_cold.o) (threadSwitchTo)
/opt/devkitpro/calico/lib/libcalico_ds9.a(mutex.o)
                              /opt/devkitpro/calico/lib/libcalico_ds9.a(thread_cold.o) (threadUpdateDynamicPrio)
/opt/devkitpro/calico/lib/libcalico_ds9.a(newlib_syscalls.o)
                              /opt/devkitpro/libnds/lib/libfat.a(fat_driver.o) (__errno)
/opt/devkitpro/calico/lib/libcalico_ds9.a(arm-copy-fill.32.o)
                              /opt/devkitpro/libnds/lib/libfat.a(dvm_calico.o) (armCopyMem32)
/opt/devkitpro/calico/lib/libcalico_ds9.a(arm-context.32.o)
                              /opt/devkitpro/calico/lib/libcalico_ds9.a(thread_hot.32.o) (armContextSave)
/opt/devkitpro/calico/lib/libcalico_ds9.a(arm-shims.32.o)
                              /opt/devkitpro/calico/lib/libcalico_ds9.a(thread_cold.o) (armWaitForIrq)
/opt/devkitpro/calico/lib/libcalico_ds9.a(startup.crt0.o)
                              /opt/devkitpro/libnds/lib/libfat.a(dvm_calico.o) (g_isTwlMode)
/opt/devkitpro/calico/lib/libcalico_ds9.a(utils.crt0.o)
                              /opt/devkitpro/calico/lib/libcalico_ds9.a(startup.crt0.o) (crt0CopyMem32)
/opt/devkitpro/calico/lib/libcalico_ds9.a(pxi.o)
                              /opt/devkitpro/calico/lib/libcalico_ds9.a(startup.crt0.o) (_pxiInit)
/opt/devkitpro/calico/lib/libcalico_ds9.a(keypad.o)
                              /opt/devkitpro/libnds/lib/libnds9.a(keys.o) (keypadGetState)
/opt/devkitpro/calico/lib/libcalico_ds9.a(bootstub_arm9.o)
                              (__ds9_bootstub)
/opt/devkitpro/calico/lib/libcalico_ds9.a(mpu_setup.crt0.o)
                              /opt/devkitpro/calico/lib/libcalico_ds9.a(startup.crt0.o) (crt0SetupMPU)
/opt/devkitpro/calico/lib/libcalico_ds9.a(sys_startup.o)
                              /opt/devkitpro/calico/lib/libcalico_ds9.a(startup.crt0.o) (systemStartup)
/opt/devkitpro/calico/lib/libcalico_ds9.a(excpt_handler.32.o)
                              /opt/devkitpro/calico/lib/libcalico_ds9.a(bootstub_arm9.o) (__arm_excpt_rst)
/opt/devkitpro/calico/lib/libcalico_ds9.a(touch.o)
                              /opt/devkitpro/libnds/lib/libnds9.a(keys.o) (touchRead)
/opt/devkitpro/calico/lib/libcalico_ds9.a(blk.o)
                              /opt/devkitpro/libnds/lib/libfat.a(dvm_calico.o) (blkInit)
/opt/devkitpro/calico/lib/libcalico_ds9.a(irq.o)
                              /opt/devkitpro/calico/lib/libcalico_ds9.a(pxi.o) (irqSet)
/opt/devkitpro/calico/lib/libcalico_ds9.a(tick.o)
                              /opt/devkitpro/calico/lib/libcalico_ds9.a(thread_cold.o) (tickTaskStart)
/opt/devkitpro/calico/lib/libcalico_ds9.a(mailbox.o)
                              /opt/devkitpro/calico/lib/libcalico_ds9.a(pxi.o) (mailboxTrySend)
/opt/devkitpro/calico/lib/libcalico_ds9.a(arm-cache.32.o)
                              /opt/devkitpro/calico/lib/libcalico_ds9.a(startup.crt0.o) (armDCacheFlushAll)
/opt/devkitpro/calico/lib/libcalico_ds9.a(irq_handler.32.o)
                              /opt/devkitpro/calico/lib/libcalico_ds9.a(bootstub_arm9.o) (__arm_excpt_irq)
/opt/devkitpro/calico/lib/libcalico_ds9.a(pm.o)
[...]
Memory Configuration

Name             Origin             Length             Attributes
lma9             0x02004000         0x0027c000
lma9i            0x02400000         0x00280000
vectors          0x00000000         0x00000020
itcm             0x01ff8020         0x00007fe0
main             0x02001000         0x00f7f000
dtcm             0x02ff0000         0x00003e80
dldi             0x0380b000         0x00004000
stub             0x0e000000         0x00004000
tls              0x00000000         0x00000400
*default*        0x00000000         0xffffffff

Linker script and memory map

                0x00000000                        __sync_synchronize = __sync_synchronize_none
LOAD /opt/devkitpro/devkitARM/lib/gcc/arm-none-eabi/16.1.0/thumb/crti.o
LOAD /opt/devkitpro/devkitARM/lib/gcc/arm-none-eabi/16.1.0/thumb/crtbegin.o
LOAD main.o
LOAD picojpeg.o
LOAD puff.o
LOAD /opt/devkitpro/libnds/lib/libfat.a
LOAD /opt/devkitpro/libnds/lib/libnds9.a
LOAD /opt/devkitpro/calico/lib/libcalico_ds9.a
START GROUP
LOAD /opt/devkitpro/devkitARM/lib/gcc/arm-none-eabi/16.1.0/thumb/libgcc.a
LOAD /opt/devkitpro/devkitARM/lib/gcc/arm-none-eabi/16.1.0/../../../../arm-none-eabi/lib/thumb/libg.a
LOAD /opt/devkitpro/devkitARM/lib/gcc/arm-none-eabi/16.1.0/../../../../arm-none-eabi/lib/thumb/libc.a
LOAD /opt/devkitpro/devkitARM/lib/gcc/arm-none-eabi/16.1.0/../../../../arm-none-eabi/lib/thumb/libsysbase.a
END GROUP
LOAD /opt/devkitpro/devkitARM/lib/gcc/arm-none-eabi/16.1.0/thumb/crtend.o
LOAD /opt/devkitpro/devkitARM/lib/gcc/arm-none-eabi/16.1.0/thumb/crtn.o
                0x02ff3e80                        PROVIDE (__sp_usr = (ORIGIN (dtcm) + LENGTH (dtcm)))
                0x02ff3f80                        PROVIDE (__sp_irq = (__sp_usr + 0x100))
                0x02ff3fc0                        PROVIDE (__sp_svc = (__sp_irq + 0x40))
                0x02ff3ff8                        PROVIDE (__irq_flags = (__sp_svc + 0x38))
                [!provide]                        PROVIDE (__irq_vector = (__sp_svc + 0x3c))
                [!provide]                        PROVIDE (__arm_excpt_rst = 0xffff0000)
                [!provide]                        PROVIDE (__arm_excpt_und = 0xffff0004)
                0xffff0008                        PROVIDE (__arm_excpt_svc = 0xffff0008)
                [!provide]                        PROVIDE (__arm_excpt_pabt = 0xffff000c)
                [!provide]                        PROVIDE (__arm_excpt_dabt = 0xffff0010)
                [!provide]                        PROVIDE (__arm_excpt_irq = 0xffff0018)
                [!provide]                        PROVIDE (__arm_excpt_fiq = 0xffff001c)
                0x00000000                        PROVIDE (__end__ = 0x0)

.secure         0x0e000000      0x800 load address 0x02004000
                0x0e0007fc                        . = (. + 0x7fc)
 *fill*         0x0e000000      0x7fc 00000000
                0x0e0007fc        0x4 LONG 0x0

.bootstub       0x0e000800      0x198 load address 0x02004800
 *(.bootstub .bootstub.*)
 .bootstub.__ds9_bootstub
                0x0e000800      0x198 /opt/devkitpro/calico/lib/libcalico_ds9.a(bootstub_arm9.o)
                0x0e000800                __ds9_bootstub
                0x0e000998                        . = ALIGN (0x4)

.crt0           0x02001000      0x3c0 load address 0x02004998
 *(.crt0 .crt0.*)
 .crt0.__ds9_bootstub_trampoline
                0x02001000       0x60 /opt/devkitpro/calico/lib/libcalico_ds9.a(bootstub_arm9.o)
 *.crt0.*(.text .stub .text.* .gnu.linkonce.t.*)
 .text.crt0ProcessLoadList
                0x02001060       0x74 /opt/devkitpro/calico/lib/libcalico_ds9.a(startup.crt0.o)
                0x02001060                crt0ProcessLoadList
 .text.crt0Startup
                0x020010d4      0x180 /opt/devkitpro/calico/lib/libcalico_ds9.a(startup.crt0.o)
                0x020010d4                crt0Startup
 .text.crt0CopyMem32
                0x02001254       0x4c /opt/devkitpro/calico/lib/libcalico_ds9.a(utils.crt0.o)
                0x02001254                crt0CopyMem32
 .text.crt0FillMem32
                0x020012a0       0x58 /opt/devkitpro/calico/lib/libcalico_ds9.a(utils.crt0.o)
                0x020012a0                crt0FillMem32
 .text.crt0SetupMPU
                0x020012f8       0xb4 /opt/devkitpro/calico/lib/libcalico_ds9.a(mpu_setup.crt0.o)
                0x020012f8                crt0SetupMPU
 *.crt0.*(.glue_7t .glue_7 .vfp11_veneer .v4_bx)
 *.crt0.*(.rodata .rodata.* .gnu.linkonce.r.*)
 *.crt0.*(.rodata1)
                0x020013c0                        . = ALIGN (0x20)
 *fill*         0x020013ac       0x14 ff
                0x02004998                        PROVIDE (__crt0_lma = LOADADDR (.crt0))
                0x02001000                        PROVIDE (__crt0_start = ADDR (.crt0))
                0x020013c0                        PROVIDE (__crt0_end = (ADDR (.crt0) + SIZEOF (.crt0)))
                0x00000001                        ASSERT (((__crt0_end <= LOADADDR (.bootstub)) || (__crt0_start >= (LOADADDR (.bootstub) + SIZEOF (.bootstub)))), Error: crt0 section overlaps initial bootstrap)

.dldi           0x0380b000     0x4000 load address 0x02004d58
 *(.dldi)
 .dldi          0x0380b000     0x4000 /opt/devkitpro/calico/lib/libcalico_ds9.a(dldi_stub.o)
                0x0380b000                __dldi_start
                0x02004d58                        PROVIDE (__dldi_lma = SIZEOF (.dldi)?LOADADDR (.dldi):0x0)

.vectors        0x00000000       0x20 load address 0x02008d58
 *(.vectors)
 .vectors       0x00000000       0x20 /opt/devkitpro/calico/lib/libcalico_ds9.a(bootstub_arm9.o)

.itcm           0x01ff8020      0x6c8 load address 0x02008d78
 *(.itcm .itcm.*)
 .itcm          0x01ff8020       0x30 /opt/devkitpro/calico/lib/libcalico_ds9.a(bootstub_arm9.o)
                0x01ff8038                __excpt_vectors
 *.itcm.*(.text .stub .text.* .gnu.linkonce.t.*)
 *.32.o(.text .stub .text.* .gnu.linkonce.t.*)
 .text.threadSwitchTo
                0x01ff8050       0x7c /opt/devkitpro/calico/lib/libcalico_ds9.a(thread_hot.32.o)
                0x01ff8050                threadSwitchTo
 .text.threadBlock
                0x01ff80cc       0xd4 /opt/devkitpro/calico/lib/libcalico_ds9.a(thread_hot.32.o)
                0x01ff80cc                threadBlock
 .text.threadUnblockOneByValue
                0x01ff81a0       0xd4 /opt/devkitpro/calico/lib/libcalico_ds9.a(thread_hot.32.o)
                0x01ff81a0                threadUnblockOneByValue
 .text.threadUnblockAllByValue
                0x01ff8274      0x138 /opt/devkitpro/calico/lib/libcalico_ds9.a(thread_hot.32.o)
                0x01ff8274                threadUnblockAllByValue
 .text.threadUnblockAllByMask
                0x01ff83ac       0xf0 /opt/devkitpro/calico/lib/libcalico_ds9.a(thread_hot.32.o)
                0x01ff83ac                threadUnblockAllByMask
 .text.armCopyMem32
                0x01ff849c       0x4c /opt/devkitpro/calico/lib/libcalico_ds9.a(arm-copy-fill.32.o)
                0x01ff849c                armCopyMem32
 .text.armContextSave
                0x01ff84e8       0x2c /opt/devkitpro/calico/lib/libcalico_ds9.a(arm-context.32.o)
                0x01ff84e8                armContextSave
 .text.armContextLoad
                0x01ff8514       0x20 /opt/devkitpro/calico/lib/libcalico_ds9.a(arm-context.32.o)
                0x01ff8514                armContextLoad
                0x01ff8518                armContextLoadFromSvc
 .text.armWaitForIrq
                0x01ff8534        0x8 /opt/devkitpro/calico/lib/libcalico_ds9.a(arm-shims.32.o)
                0x01ff8534                armWaitForIrq
 .text.__excpt_entry
                0x01ff853c       0x50 /opt/devkitpro/calico/lib/libcalico_ds9.a(excpt_handler.32.o)
                0x01ff853c                __arm_excpt_rst
                0x01ff8540                __arm_excpt_pabt
                0x01ff8544                __arm_excpt_und
                0x01ff8550                __arm_excpt_dabt
 .text.armDrainWriteBuffer
                0x01ff858c        0xc /opt/devkitpro/calico/lib/libcalico_ds9.a(arm-cache.32.o)
                0x01ff858c                armDrainWriteBuffer
 .text.armDCacheFlushAll
                0x01ff8598       0x28 /opt/devkitpro/calico/lib/libcalico_ds9.a(arm-cache.32.o)
                0x01ff8598                armDCacheFlushAll
 .text.armDCacheFlush
                0x01ff85c0       0x1c /opt/devkitpro/calico/lib/libcalico_ds9.a(arm-cache.32.o)
                0x01ff85c0                armDCacheFlush
 .text.armDCacheInvalidate
                0x01ff85dc       0x1c /opt/devkitpro/calico/lib/libcalico_ds9.a(arm-cache.32.o)
                0x01ff85dc                armDCacheInvalidate
 .text.armICacheInvalidateAll
                0x01ff85f8        0xc /opt/devkitpro/calico/lib/libcalico_ds9.a(arm-cache.32.o)
                0x01ff85f8                armICacheInvalidateAll
 .text.__arm_excpt_irq
                0x01ff8604       0xe4 /opt/devkitpro/calico/lib/libcalico_ds9.a(irq_handler.32.o)
                0x01ff8604                __arm_excpt_irq
 *.itcm.*(.glue_7t .glue_7 .vfp11_veneer .v4_bx)
 *.32.o(.glue_7t .glue_7 .vfp11_veneer .v4_bx)
 *.itcm.*(.rodata .rodata.* .gnu.linkonce.r.*)
 *.32.o(.rodata .rodata.* .gnu.linkonce.r.*)
 *.itcm.*(.rodata1)
 *.32.o(.rodata1)
                0x01ff86e8                        . = ALIGN (0x4)
                0x02008d58                        PROVIDE (__itcm_lma = LOADADDR (.vectors))
                0x01ff8000                        PROVIDE (__itcm_start = (ADDR (.itcm) - SIZEOF (.vectors)))
                0x01ff86e8                        PROVIDE (__itcm_end = (ADDR (.itcm) + SIZEOF (.itcm)))
                0x00000001                        ASSERT (((__itcm_lma + SIZEOF (.vectors)) == LOADADDR (.itcm)), Error: gap between vectors and itcm)

.dtcm           0x02ff0000        0x0 load address 0x02009440
 *(.dtcm .dtcm.*)
 *.32.o(.data .data.* .gnu.linkonce.d.*)
 *.32.o(.data1)
                0x02ff0000                        . = ALIGN (0x4)
                [!provide]                        PROVIDE (__dtcm_lma = LOADADDR (.dtcm))
                0x02ff0000                        PROVIDE (__dtcm_start = ADDR (.dtcm))
                0x02ff0000                        PROVIDE (__dtcm_end = (ADDR (.dtcm) + SIZEOF (.dtcm)))

.dtcm.bss       0x02ff0000       0x98 load address 0x02009440
 *(.sbss .sbss.*)
 *.32.o(.dynbss)
 *.32.o(.bss .bss.* .gnu.linkonce.b.*)
 .bss.__irq_table
                0x02ff0000       0x80 /opt/devkitpro/calico/lib/libcalico_ds9.a(thread_hot.32.o)
                0x02ff0000                __irq_table
 .bss.__sched_state
                0x02ff0080       0x18 /opt/devkitpro/calico/lib/libcalico_ds9.a(thread_hot.32.o)
                0x02ff0080                __sched_state
 *.32.o(COMMON)
                0x02ff0098                        . = ALIGN (0x4)
                [!provide]                        PROVIDE (__dtcm_bss_start = ADDR (.dtcm.bss))
                0x02ff0098                        PROVIDE (__dtcm_bss_end = (ADDR (.dtcm.bss) + SIZEOF (.dtcm.bss)))

.main           0x020013c0    0x30fe4 load address 0x02009440
 *(SORT_NONE(.init))
 .init          0x020013c0        0x4 /opt/devkitpro/devkitARM/lib/gcc/arm-none-eabi/16.1.0/thumb/crti.o
                0x020013c0                _init
 .init          0x020013c4        0x8 /opt/devkitpro/devkitARM/lib/gcc/arm-none-eabi/16.1.0/thumb/crtn.o
 EXCLUDE_FILE(*.twl.*) *(.text.unlikely .text.*_unlikely .text.unlikely.*)
 EXCLUDE_FILE(*.twl.*) *(.text.exit .text.exit.*)
 .text.exit     0x020013cc       0x24 /opt/devkitpro/devkitARM/lib/gcc/arm-none-eabi/16.1.0/../../../../arm-none-eabi/lib/thumb/libg.a(libc_a-exit.o)
                0x020013cc                exit
 EXCLUDE_FILE(*.twl.*) *(.text.startup .text.startup.*)
 .text.startup.main
                0x020013f0     0x3c5c main.o
                0x020013f0                main
 EXCLUDE_FILE(*.twl.*) *(.text.hot .text.hot.*)
 EXCLUDE_FILE(*.twl.*) *(.text .iplt .stub .text.* .gnu.linkonce.t.*)
 .text.__do_global_dtors_aux
                0x0200504c       0x2c /opt/devkitpro/devkitARM/lib/gcc/arm-none-eabi/16.1.0/thumb/crtbegin.o
 .text.frame_dummy
                0x02005078       0x24 /opt/devkitpro/devkitARM/lib/gcc/arm-none-eabi/16.1.0/thumb/crtbegin.o
 .iplt          0x0200509c        0x0 /opt/devkitpro/devkitARM/lib/gcc/arm-none-eabi/16.1.0/thumb/crtbegin.o
 .text.repartition
                0x0200509c       0x94 main.o
 .text.list_navigate
                0x02005130       0xfc main.o
 .text.grid_navigate
                0x0200522c      0x118 main.o
 .text.preview_free
                0x02005344       0x2c main.o
 .text.theme_find_or_add
                0x02005370       0x7c main.o
 .text.jpg_close
                0x020053ec       0x18 main.o
 .text.theme_render_photo
                0x02005404      0x110 main.o
 .text.ensure_photos_dir
                0x02005514       0x64 main.o
 .text.build_page_list
                0x02005578       0xf0 main.o
 .text.wbe32    0x02005668       0x30 main.o
 .text.pj_read  0x02005698       0x24 main.o
 .text.copy_file
                0x020056bc       0x70 main.o
 .text.copy_dir_recursive
                0x0200572c       0xf4 main.o
 .text.decode_png_mem
                0x02005820      0x800 main.o
 .text.read_png
                0x02006020      0x328 main.o
 .text.twl_set_theme
                0x02006348      0x1f0 main.o
 .text.build_theme_list
                0x02006538      0x1c4 main.o
 .text.wait_keys
                0x020066fc       0x1c main.o
 .text.delete_dir_recursive
                0x02006718       0xc4 main.o
 .text.bgGetGfxPtr
                0x020067dc       0x64 main.o
 .text.find_dir.constprop.0
                0x02006840       0xe4 main.o
 .text.find_file.constprop.0
                0x02006924       0xe0 main.o
 .text.theme_top_png_path.constprop.0
                0x02006a04       0x70 main.o
 .text.tv_top_paths.constprop.0
                0x02006a74       0xa4 main.o
 .text.twl_get_theme.constprop.0
                0x02006b18      0x154 main.o
 .text.fb_dim_rect.constprop.0
                0x02006c6c       0x94 main.o
 .text.make_out_name.constprop.0
                0x02006d00       0x5c main.o
 .text.read_png_full.constprop.0
                0x02006d5c       0xa4 main.o
 .text.pcache_decode.part.0
                0x02006e00      0x164 main.o
 .text.fb_rect  0x02006f64       0x78 main.o
 .text.fb_text  0x02006fdc       0xcc main.o
 .text.fb_blit_rgb
                0x020070a8       0xcc main.o
 .text.fb_pill.constprop.0
                0x02007174      0x184 main.o
 .text.fb_corner_btn.constprop.0.isra.0
                0x020072f8       0xf4 main.o
 .text.wchunk   0x020073ec      0x138 main.o
 .text.write_png
                0x02007524      0x214 main.o
 .text.fb_button_arrow.constprop.0.isra.0
                0x02007738      0x118 main.o
 .text.fb_button.isra.0
                0x02007850      0x138 main.o
 .text.draw_hint_glyph
                0x02007988       0x90 main.o
 .text.redraw_grid_info
                0x02007a18       0xb4 main.o
 .text.draw_footer_hints
                0x02007acc       0xb4 main.o
 .text.enter_menu_chrome
                0x02007b80       0x80 main.o
 .text.message_screen
                0x02007c00       0xc0 main.o
 .text.draw_riddle
                0x02007cc0      0x104 main.o
 .text.draw_footer_2col.constprop.0
                0x02007dc4       0xc0 main.o
 .text.redraw_preview
                0x02007e84       0x80 main.o
 .text.redraw_menu
                0x02007f04       0xf8 main.o
 .text.grid_draw_cell
                0x02007ffc      0x2d8 main.o
 .text.redraw_rows
                0x020082d4      0x278 main.o
 .text.draw_variant_list.constprop.0
                0x0200854c      0x21c main.o
 .text.draw_chrome
                0x02008768      0x110 main.o
 .text.draw_theme_list
                0x02008878      0x2a8 main.o
 .text.decode_jpeg_preview
                0x02008b20      0x1f0 main.o
 .text.thumb_load.part.0.isra.0
                0x02008d10      0x154 main.o
 .text.grid_preload_window
                0x02008e64      0x13c main.o
 .text.grid_frame_update.isra.0
                0x02008fa0      0x3e4 main.o
 .text.decode_jpeg
                0x02009384      0x38c main.o
 .text.convert_entry.part.0
                0x02009710      0x128 main.o
 .text.run_conversion.constprop.0
                0x02009838      0x444 main.o
 .text.draw_theme_preview
                0x02009c7c      0x164 main.o
 .text.upsampleCb
                0x02009de0      0x1b4 picojpeg.o
 .text.upsampleCbH
                0x02009f94      0x108 picojpeg.o
 .text.upsampleCbV
                0x0200a09c      0x10c picojpeg.o
 .text.upsampleCr
                0x0200a1a8      0x1b4 picojpeg.o
 .text.upsampleCrH
                0x0200a35c      0x100 picojpeg.o
 .text.upsampleCrV
                0x0200a45c      0x11c picojpeg.o
 .text.getChar  0x0200a578       0x78 picojpeg.o
 .text.getOctet
                0x0200a5f0       0x50 picojpeg.o
 .text.getBits  0x0200a640       0x94 picojpeg.o
 .text.getBit   0x0200a6d4       0x34 picojpeg.o
 .text.huffDecode
                0x0200a708       0x5c picojpeg.o
 .text.getBits.constprop.0
                0x0200a764       0x3c picojpeg.o
 .text.processMarkers
                0x0200a7a0      0x2e8 picojpeg.o
 .text.pjpeg_decode_mcu
                0x0200aa88     0x11a0 picojpeg.o
                0x0200aa88                pjpeg_decode_mcu
 .text.pjpeg_decode_init
                0x0200bc28      0x65c picojpeg.o
                0x0200bc28                pjpeg_decode_init
 .text.bits     0x0200c284       0x4c puff.o
 .text.decode   0x0200c2d0       0xb0 puff.o
 .text.codes    0x0200c380      0x110 puff.o
 .text.construct.isra.0
                0x0200c490       0x98 puff.o
 .text.puff     0x0200c528      0x4d0 puff.o
                0x0200c528                puff
 .text.fatInitDefault
                0x0200c9f8       0x20 /opt/devkitpro/libnds/lib/libfat.a(fat_wrappers.o)
                0x0200c9f8                fatInitDefault
 .text._dvmDiscCalicoDummy
                0x0200ca18        0x4 /opt/devkitpro/libnds/lib/libfat.a(dvm_calico.o)
 .text._dvmDiscCalicoWriteSectors
                0x0200ca1c        0x8 /opt/devkitpro/libnds/lib/libfat.a(dvm_calico.o)
 .text._dvmDiscCalicoReadSectors
                0x0200ca24        0x8 /opt/devkitpro/libnds/lib/libfat.a(dvm_calico.o)
 .text._dvmIsAlignedAccess
                0x0200ca2c       0x30 /opt/devkitpro/libnds/lib/libfat.a(dvm_calico.o)
                0x0200ca2c                _dvmIsAlignedAccess
 .text._dvmCacheCopy
                0x0200ca5c       0x14 /opt/devkitpro/libnds/lib/libfat.a(dvm_calico.o)
                0x0200ca5c                _dvmCacheCopy
 .text.dvmInit  0x0200ca70      0x268 /opt/devkitpro/libnds/lib/libfat.a(dvm_calico.o)
                0x0200ca70                dvmInit
 .text.dvmDiscAddUser
                0x0200ccd8       0x10 /opt/devkitpro/libnds/lib/libfat.a(dvm_disc.o)
                0x0200ccd8                dvmDiscAddUser
 .text.dvmDiscRemoveUser
                0x0200cce8       0x24 /opt/devkitpro/libnds/lib/libfat.a(dvm_disc.o)
                0x0200cce8                dvmDiscRemoveUser
 .text._dvmDiscCacheReadWrite
                0x0200cd0c      0x408 /opt/devkitpro/libnds/lib/libfat.a(dvm_cache.o)
 .text._dvmDiscCacheWriteSectors
                0x0200d114       0x58 /opt/devkitpro/libnds/lib/libfat.a(dvm_cache.o)
 .text._dvmDiscCacheReadSectors
                0x0200d16c       0x58 /opt/devkitpro/libnds/lib/libfat.a(dvm_cache.o)
 .text._dvmDiscCacheFlush
                0x0200d1c4       0xb0 /opt/devkitpro/libnds/lib/libfat.a(dvm_cache.o)
 .text._dvmDiscCacheDestroy
                0x0200d274       0x28 /opt/devkitpro/libnds/lib/libfat.a(dvm_cache.o)
 .text.dvmDiscCacheCreate
                0x0200d29c      0x1ac /opt/devkitpro/libnds/lib/libfat.a(dvm_cache.o)
                0x0200d29c                dvmDiscCacheCreate
 .text.dvmMountVolume
                0x0200d448      0x188 /opt/devkitpro/libnds/lib/libfat.a(dvm_volume.o)
                0x0200d448                dvmMountVolume
 .text._dvmSetAppWorkingDir
                0x0200d5d0       0x74 /opt/devkitpro/libnds/lib/libfat.a(dvm_volume.o)
                0x0200d5d0                _dvmSetAppWorkingDir
 .text._dvmIdentMbrVbr
                0x0200d644      0x1d8 /opt/devkitpro/libnds/lib/libfat.a(dvm_prober.o)
 .text.dvmReadPartitionTable
                0x0200d81c      0x238 /opt/devkitpro/libnds/lib/libfat.a(dvm_prober.o)
                0x0200d81c                dvmReadPartitionTable
 .text.dvmProbeMountDisc
                0x0200da54       0xcc /opt/devkitpro/libnds/lib/libfat.a(dvm_prober.o)
                0x0200da54                dvmProbeMountDisc
 .text._FAT_fstat_r
                0x0200db20       0xbc /opt/devkitpro/libnds/lib/libfat.a(fat_driver.o)
 .text._FAT_umount
                0x0200dbdc       0x1c /opt/devkitpro/libnds/lib/libfat.a(fat_driver.o)
 .text._FAT_mount
                0x0200dbf8       0x44 /opt/devkitpro/libnds/lib/libfat.a(fat_driver.o)
 .text._FAT_seek_r
                0x0200dc3c      0x13c /opt/devkitpro/libnds/lib/libfat.a(fat_driver.o)
 .text._FAT_set_stat
                0x0200dd78      0x104 /opt/devkitpro/libnds/lib/libfat.a(fat_driver.o)
 .text._FAT_mkdir_r
                0x0200de7c       0x64 /opt/devkitpro/libnds/lib/libfat.a(fat_driver.o)
 .text._FAT_chdir_r
                0x0200dee0       0x64 /opt/devkitpro/libnds/lib/libfat.a(fat_driver.o)
 .text._FAT_unlink_r
                0x0200df44       0x70 /opt/devkitpro/libnds/lib/libfat.a(fat_driver.o)
 .text._FAT_rmdir_r
                0x0200dfb4       0x6c /opt/devkitpro/libnds/lib/libfat.a(fat_driver.o)
 .text._FAT_diropen_r
                0x0200e020       0x7c /opt/devkitpro/libnds/lib/libfat.a(fat_driver.o)
 .text._FAT_fsync_r
                0x0200e09c       0x64 /opt/devkitpro/libnds/lib/libfat.a(fat_driver.o)
 .text._FAT_close_r
                0x0200e100       0x64 /opt/devkitpro/libnds/lib/libfat.a(fat_driver.o)
 .text._FAT_dirclose_r
                0x0200e164       0x64 /opt/devkitpro/libnds/lib/libfat.a(fat_driver.o)
 .text._FAT_dirreset_r
                0x0200e1c8       0x6c /opt/devkitpro/libnds/lib/libfat.a(fat_driver.o)
 .text._FAT_rename_r
                0x0200e234       0x80 /opt/devkitpro/libnds/lib/libfat.a(fat_driver.o)
 .text._FAT_stat_r
                0x0200e2b4       0x94 /opt/devkitpro/libnds/lib/libfat.a(fat_driver.o)
 .text._FAT_read_r
                0x0200e348       0x7c /opt/devkitpro/libnds/lib/libfat.a(fat_driver.o)
 .text._FAT_write_r
                0x0200e3c4       0x7c /opt/devkitpro/libnds/lib/libfat.a(fat_driver.o)
 .text._FAT_statvfs_r
                0x0200e440       0xf4 /opt/devkitpro/libnds/lib/libfat.a(fat_driver.o)
 .text._FAT_ftruncate_r
                0x0200e534      0x190 /opt/devkitpro/libnds/lib/libfat.a(fat_driver.o)
 .text._FAT_dirnext_r
                0x0200e6c4      0x120 /opt/devkitpro/libnds/lib/libfat.a(fat_driver.o)
 .text._FAT_open_r
                0x0200e7e4      0x124 /opt/devkitpro/libnds/lib/libfat.a(fat_driver.o)
 .text.get_fattime
                0x0200e908       0x64 /opt/devkitpro/libnds/lib/libfat.a(fat_driver.o)
                0x0200e908                get_fattime
 .text.ff_mutex_create
                0x0200e96c       0x18 /opt/devkitpro/libnds/lib/libfat.a(fat_driver.o)
                0x0200e96c                ff_mutex_create
 .text.ff_mutex_delete
                0x0200e984        0x4 /opt/devkitpro/libnds/lib/libfat.a(fat_driver.o)
                0x0200e984                ff_mutex_delete
 .text.ff_mutex_take
                0x0200e988       0x14 /opt/devkitpro/libnds/lib/libfat.a(fat_driver.o)
                0x0200e988                ff_mutex_take
 .text.ff_mutex_give
                0x0200e99c        0x8 /opt/devkitpro/libnds/lib/libfat.a(fat_driver.o)
                0x0200e99c                ff_mutex_give
 .text.disk_initialize
                0x0200e9a4       0x24 /opt/devkitpro/libnds/lib/libfat.a(fat_driver.o)
                0x0200e9a4                disk_initialize
 .text.disk_status
                0x0200e9c8       0x24 /opt/devkitpro/libnds/lib/libfat.a(fat_driver.o)
                0x0200e9c8                disk_status
 .text.disk_read
                0x0200e9ec       0x2c /opt/devkitpro/libnds/lib/libfat.a(fat_driver.o)
                0x0200e9ec                disk_read
 .text.disk_write
                0x0200ea18       0x2c /opt/devkitpro/libnds/lib/libfat.a(fat_driver.o)
                0x0200ea18                disk_write
 .text.disk_ioctl
                0x0200ea44       0x38 /opt/devkitpro/libnds/lib/libfat.a(fat_driver.o)
                0x0200ea44                disk_ioctl
 .text.tchar2uni
                0x0200ea7c       0xfc /opt/devkitpro/libnds/lib/libfat.a(ff.o)
 .text.sync_window
                0x0200eb78       0x90 /opt/devkitpro/libnds/lib/libfat.a(ff.o)
 .text.put_utf  0x0200ec08      0x130 /opt/devkitpro/libnds/lib/libfat.a(ff.o)
 .text.dir_clear
                0x0200ed38       0x9c /opt/devkitpro/libnds/lib/libfat.a(ff.o)
 .text.get_fileinfo
                0x0200edd4      0x28c /opt/devkitpro/libnds/lib/libfat.a(ff.o)
 .text.sync_fs  0x0200f060      0x180 /opt/devkitpro/libnds/lib/libfat.a(ff.o)
 .text.move_window
                0x0200f1e0       0xc4 /opt/devkitpro/libnds/lib/libfat.a(ff.o)
 .text.put_fat.part.0
                0x0200f2a4      0x1dc /opt/devkitpro/libnds/lib/libfat.a(ff.o)
 .text.get_fat.isra.0
                0x0200f480      0x160 /opt/devkitpro/libnds/lib/libfat.a(ff.o)
 .text.remove_chain
                0x0200f5e0       0xf4 /opt/devkitpro/libnds/lib/libfat.a(ff.o)
 .text.create_chain
                0x0200f6d4      0x21c /opt/devkitpro/libnds/lib/libfat.a(ff.o)
 .text.dir_next
                0x0200f8f0      0x170 /opt/devkitpro/libnds/lib/libfat.a(ff.o)
 .text.dir_read
                0x0200fa60      0x248 /opt/devkitpro/libnds/lib/libfat.a(ff.o)
 .text.dir_sdi  0x0200fca8      0x128 /opt/devkitpro/libnds/lib/libfat.a(ff.o)
 .text.dir_alloc
                0x0200fdd0       0xcc /opt/devkitpro/libnds/lib/libfat.a(ff.o)
 .text.dir_remove
                0x0200fe9c       0xc4 /opt/devkitpro/libnds/lib/libfat.a(ff.o)
 .text.dir_find
                0x0200ff60      0x2f8 /opt/devkitpro/libnds/lib/libfat.a(ff.o)
 .text.follow_path
                0x02010258      0x590 /opt/devkitpro/libnds/lib/libfat.a(ff.o)
 .text.dir_register
                0x020107e8      0x434 /opt/devkitpro/libnds/lib/libfat.a(ff.o)
 .text.check_fs
                0x02010c1c      0x1ec /opt/devkitpro/libnds/lib/libfat.a(ff.o)
 .text.mount_volume.part.0
                0x02010e08      0x504 /opt/devkitpro/libnds/lib/libfat.a(ff.o)
 .text.validate
                0x0201130c       0xbc /opt/devkitpro/libnds/lib/libfat.a(ff.o)
 .text.f_mount  0x020113c8       0x6c /opt/devkitpro/libnds/lib/libfat.a(ff.o)
                0x020113c8                f_mount
 .text.f_umount
                0x02011434       0x38 /opt/devkitpro/libnds/lib/libfat.a(ff.o)
                0x02011434                f_umount
 .text.f_open   0x0201146c      0x400 /opt/devkitpro/libnds/lib/libfat.a(ff.o)
                0x0201146c                f_open
 .text.f_read   0x0201186c      0x2a4 /opt/devkitpro/libnds/lib/libfat.a(ff.o)
                0x0201186c                f_read
 .text.f_write  0x02011b10      0x350 /opt/devkitpro/libnds/lib/libfat.a(ff.o)
                0x02011b10                f_write
 .text.f_sync   0x02011e60      0x1a0 /opt/devkitpro/libnds/lib/libfat.a(ff.o)
                0x02011e60                f_sync
 .text.f_close  0x02012000       0x58 /opt/devkitpro/libnds/lib/libfat.a(ff.o)
                0x02012000                f_close
 .text.f_chdir  0x02012058       0xf0 /opt/devkitpro/libnds/lib/libfat.a(ff.o)
                0x02012058                f_chdir
 .text.f_lseek  0x02012148      0x298 /opt/devkitpro/libnds/lib/libfat.a(ff.o)
                0x02012148                f_lseek
 .text.f_opendir
                0x020123e0      0x12c /opt/devkitpro/libnds/lib/libfat.a(ff.o)
                0x020123e0                f_opendir
 .text.f_closedir
                0x0201250c       0xb0 /opt/devkitpro/libnds/lib/libfat.a(ff.o)
                0x0201250c                f_closedir
 .text.f_readdir
                0x020125bc       0xd0 /opt/devkitpro/libnds/lib/libfat.a(ff.o)
                0x020125bc                f_readdir
 .text.f_stat   0x0201268c      0x104 /opt/devkitpro/libnds/lib/libfat.a(ff.o)
                0x0201268c                f_stat
 .text.f_getfree
                0x02012790      0x184 /opt/devkitpro/libnds/lib/libfat.a(ff.o)
                0x02012790                f_getfree
 .text.f_truncate
                0x02012914      0x228 /opt/devkitpro/libnds/lib/libfat.a(ff.o)
                0x02012914                f_truncate
 .text.f_unlink
                0x02012b3c      0x1a4 /opt/devkitpro/libnds/lib/libfat.a(ff.o)
                0x02012b3c                f_unlink
 .text.f_mkdir  0x02012ce0      0x294 /opt/devkitpro/libnds/lib/libfat.a(ff.o)
                0x02012ce0                f_mkdir
 .text.f_rename
                0x02012f74      0x248 /opt/devkitpro/libnds/lib/libfat.a(ff.o)
                0x02012f74                f_rename
 .text.ff_uni2oem
                0x020131bc       0x78 /opt/devkitpro/libnds/lib/libfat.a(ffunicode.o)
                0x020131bc                ff_uni2oem
 .text.ff_oem2uni
                0x02013234       0x40 /opt/devkitpro/libnds/lib/libfat.a(ffunicode.o)
                0x02013234                ff_oem2uni
 .text.ff_wtoupper
                0x02013274      0x128 /opt/devkitpro/libnds/lib/libfat.a(ffunicode.o)
                0x02013274                ff_wtoupper
 .text.checkIfText
                0x0201339c       0x6c /opt/devkitpro/libnds/lib/libnds9.a(background.o)
                0x0201339c                checkIfText
 .text.bgUpdate
                0x02013408       0xe8 /opt/devkitpro/libnds/lib/libnds9.a(background.o)
                0x02013408                bgUpdate
 .text.bgInit_call
                0x020134f0       0xa8 /opt/devkitpro/libnds/lib/libnds9.a(background.o)
                0x020134f0                bgInit_call
 .text.bgInitSub_call
                0x02013598       0xb0 /opt/devkitpro/libnds/lib/libnds9.a(background.o)
                0x02013598                bgInitSub_call
 .text.scanKeys
                0x02013648       0x6c /opt/devkitpro/libnds/lib/libnds9.a(keys.o)
                0x02013648                scanKeys
 .text.keysHeld
                0x020136b4        0xc /opt/devkitpro/libnds/lib/libnds9.a(keys.o)
                0x020136b4                keysHeld
 .text.keysDown
                0x020136c0       0x10 /opt/devkitpro/libnds/lib/libnds9.a(keys.o)
                0x020136c0                keysDown
 .text.keysDownRepeat
                0x020136d0       0x10 /opt/devkitpro/libnds/lib/libnds9.a(keys.o)
                0x020136d0                keysDownRepeat
 .text.keysSetRepeat
                0x020136e0       0x24 /opt/devkitpro/libnds/lib/libnds9.a(keys.o)
                0x020136e0                keysSetRepeat
 .text.sinLutLookup
                0x02013704       0x4c /opt/devkitpro/libnds/lib/libnds9.a(trig.o)
                0x02013704                sinLutLookup
 .text.sinLerp  0x02013750       0x38 /opt/devkitpro/libnds/lib/libnds9.a(trig.o)
                0x02013750                sinLerp
 .text.cosLerp  0x02013788       0x44 /opt/devkitpro/libnds/lib/libnds9.a(trig.o)
                0x02013788                cosLerp
 .text._threadTickTask
                0x020137cc       0x10 /opt/devkitpro/calico/lib/libcalico_ds9.a(thread_cold.o)
 .text.threadExit
                0x020137dc       0xa0 /opt/devkitpro/calico/lib/libcalico_ds9.a(thread_cold.o)
                0x020137dc                threadExit
 .text._threadInit
                0x0201387c       0x98 /opt/devkitpro/calico/lib/libcalico_ds9.a(thread_cold.o)
                0x0201387c                _threadInit
 .text.threadPrepare
                0x02013914      0x134 /opt/devkitpro/calico/lib/libcalico_ds9.a(thread_cold.o)
                0x02013914                threadPrepare
 .text.threadStart
                0x02013a48       0x94 /opt/devkitpro/calico/lib/libcalico_ds9.a(thread_cold.o)
                0x02013a48                threadStart
 .text.threadIrqWait
                0x02013adc       0xa4 /opt/devkitpro/calico/lib/libcalico_ds9.a(thread_cold.o)
                0x02013adc                threadIrqWait
 .text.threadSleepTicks
                0x02013b80       0x58 /opt/devkitpro/calico/lib/libcalico_ds9.a(thread_cold.o)
                0x02013b80                threadSleepTicks
 .text.threadUpdateDynamicPrio
                0x02013bd8      0x1d4 /opt/devkitpro/calico/lib/libcalico_ds9.a(mutex.o)
                0x02013bd8                threadUpdateDynamicPrio
 .text.threadRemoveWaiter
                0x02013dac      0x148 /opt/devkitpro/calico/lib/libcalico_ds9.a(mutex.o)
 .text.mutexLock
                0x02013ef4      0x138 /opt/devkitpro/calico/lib/libcalico_ds9.a(mutex.o)
                0x02013ef4                mutexLock
 .text.mutexUnlock
                0x0201402c       0xbc /opt/devkitpro/calico/lib/libcalico_ds9.a(mutex.o)
                0x0201402c                mutexUnlock
 .text.__syscall_getreent
                0x020140e8       0x14 /opt/devkitpro/calico/lib/libcalico_ds9.a(newlib_syscalls.o)
                0x020140e8                __syscall_getreent
 .text.__errno  0x020140fc       0x24 /opt/devkitpro/calico/lib/libcalico_ds9.a(newlib_syscalls.o)
                0x020140fc                __errno
 .text.__syscall_gettod_r
                0x02014120       0x30 /opt/devkitpro/calico/lib/libcalico_ds9.a(newlib_syscalls.o)
                0x02014120                __syscall_gettod_r
 .text.__syscall_lock_acquire
                0x02014150        0x4 /opt/devkitpro/calico/lib/libcalico_ds9.a(newlib_syscalls.o)
                0x02014150                __syscall_lock_acquire
 .text.__syscall_lock_release
                0x02014154        0x4 /opt/devkitpro/calico/lib/libcalico_ds9.a(newlib_syscalls.o)
                0x02014154                __syscall_lock_release
 .text.__syscall_lock_acquire_recursive
                0x02014158       0x4c /opt/devkitpro/calico/lib/libcalico_ds9.a(newlib_syscalls.o)
                0x02014158                __syscall_lock_acquire_recursive
 .text.__syscall_lock_release_recursive
                0x020141a4       0x18 /opt/devkitpro/calico/lib/libcalico_ds9.a(newlib_syscalls.o)
                0x020141a4                __syscall_lock_release_recursive
 .text._pxiMailboxHandler
                0x020141bc        0x4 /opt/devkitpro/calico/lib/libcalico_ds9.a(pxi.o)
 .text._pxiRecvUnhandled
                0x020141c0        0x4 /opt/devkitpro/calico/lib/libcalico_ds9.a(pxi.o)
                0x020141c0                _pxiRecvUnhandled
 .text._pxiRecvIrqHandler
                0x020141c4      0x154 /opt/devkitpro/calico/lib/libcalico_ds9.a(pxi.o)
 .text._pxiInit
                0x02014318       0x58 /opt/devkitpro/calico/lib/libcalico_ds9.a(pxi.o)
                0x02014318                _pxiInit
 .text.pxiSetHandler
                0x02014370       0x74 /opt/devkitpro/calico/lib/libcalico_ds9.a(pxi.o)
                0x02014370                pxiSetHandler
 .text.pxiSetMailbox
                0x020143e4       0x68 /opt/devkitpro/calico/lib/libcalico_ds9.a(pxi.o)
                0x020143e4                pxiSetMailbox
 .text.pxiWaitRemote
                0x0201444c       0x38 /opt/devkitpro/calico/lib/libcalico_ds9.a(pxi.o)
                0x0201444c                pxiWaitRemote
 .text.pxiSendPacket
                0x02014484       0x50 /opt/devkitpro/calico/lib/libcalico_ds9.a(pxi.o)
                0x02014484                pxiSendPacket
 .text.pxiSendExtPacket
                0x020144d4       0x98 /opt/devkitpro/calico/lib/libcalico_ds9.a(pxi.o)
                0x020144d4                pxiSendExtPacket
 .text.pxiBeginReceive
                0x0201456c       0x2c /opt/devkitpro/calico/lib/libcalico_ds9.a(pxi.o)
                0x0201456c                pxiBeginReceive
 .text.pxiEndReceive
                0x02014598       0xac /opt/devkitpro/calico/lib/libcalico_ds9.a(pxi.o)
                0x02014598                pxiEndReceive
 .text.keypadGetState
                0x02014644       0x28 /opt/devkitpro/calico/lib/libcalico_ds9.a(keypad.o)
                0x02014644                keypadGetState
 .text.systemUserStartup
                0x0201466c        0x4 /opt/devkitpro/calico/lib/libcalico_ds9.a(sys_startup.o)
                0x0201466c                systemUserStartup
 .text.systemStartup
                0x02014670      0x110 /opt/devkitpro/calico/lib/libcalico_ds9.a(sys_startup.o)
                0x02014670                systemStartup
 .text.touchRead
                0x02014780       0x58 /opt/devkitpro/calico/lib/libcalico_ds9.a(touch.o)
                0x02014780                touchRead
 .text._blkDevReadWriteSectors
                0x020147d8       0x44 /opt/devkitpro/calico/lib/libcalico_ds9.a(blk.o)
 .text.blkInit  0x0201481c        0x8 /opt/devkitpro/calico/lib/libcalico_ds9.a(blk.o)
                0x0201481c                blkInit
 .text.blkDevIsPresent
                0x02014824       0x30 /opt/devkitpro/calico/lib/libcalico_ds9.a(blk.o)
                0x02014824                blkDevIsPresent
 .text.blkDevInit
                0x02014854       0x30 /opt/devkitpro/calico/lib/libcalico_ds9.a(blk.o)
                0x02014854                blkDevInit
 .text.blkDevGetSectorCount
                0x02014884       0x34 /opt/devkitpro/calico/lib/libcalico_ds9.a(blk.o)
                0x02014884                blkDevGetSectorCount
 .text.blkDevReadSectors
                0x020148b8       0x5c /opt/devkitpro/calico/lib/libcalico_ds9.a(blk.o)
                0x020148b8                blkDevReadSectors
 .text.blkDevWriteSectors
                0x02014914       0x5c /opt/devkitpro/calico/lib/libcalico_ds9.a(blk.o)
                0x02014914                blkDevWriteSectors
 .text.irqSet   0x02014970       0x64 /opt/devkitpro/calico/lib/libcalico_ds9.a(irq.o)
                0x02014970                irqSet
 .text._tickCountIsr
                0x020149d4       0x1c /opt/devkitpro/calico/lib/libcalico_ds9.a(tick.o)
 .text._tickTaskSchedule.part.0.isra.0
                0x020149f0       0x84 /opt/devkitpro/calico/lib/libcalico_ds9.a(tick.o)
 .text.tickInit
                0x02014a74       0xa0 /opt/devkitpro/calico/lib/libcalico_ds9.a(tick.o)
                0x02014a74                tickInit
 .text.tickGetCount
                0x02014b14       0x5c /opt/devkitpro/calico/lib/libcalico_ds9.a(tick.o)
                0x02014b14                tickGetCount
 .text._tickTaskIsr
                0x02014b70      0x110 /opt/devkitpro/calico/lib/libcalico_ds9.a(tick.o)
 .text.tickTaskStart
                0x02014c80      0x144 /opt/devkitpro/calico/lib/libcalico_ds9.a(tick.o)
                0x02014c80                tickTaskStart
 .text.mailboxTrySend
                0x02014dc4       0x98 /opt/devkitpro/calico/lib/libcalico_ds9.a(mailbox.o)
                0x02014dc4                mailboxTrySend
 .text.mailboxRecv
                0x02014e5c       0x98 /opt/devkitpro/calico/lib/libcalico_ds9.a(mailbox.o)
                0x02014e5c                mailboxRecv
 .text._pmCallEventHandlers
                0x02014ef4       0x40 /opt/devkitpro/calico/lib/libcalico_ds9.a(pm.o)
 .text._pmPxiThreadMain
                0x02014f34       0x9c /opt/devkitpro/calico/lib/libcalico_ds9.a(pm.o)
 .text._pmResetPxiHandler
                0x02014fd0       0x28 /opt/devkitpro/calico/lib/libcalico_ds9.a(pm.o)
 .text.systemUserExit
                0x02014ff8        0x4 /opt/devkitpro/calico/lib/libcalico_ds9.a(pm.o)
                0x02014ff8                systemUserExit
 .text.systemErrorExit
                0x02014ffc        0x4 /opt/devkitpro/calico/lib/libcalico_ds9.a(pm.o)
                0x02014ffc                systemErrorExit
 .text.__syscall_exit
                0x02015000      0x138 /opt/devkitpro/calico/lib/libcalico_ds9.a(pm.o)
                0x02015000                __syscall_exit
 .text.pmInit   0x02015138       0x58 /opt/devkitpro/calico/lib/libcalico_ds9.a(pm.o)
                0x02015138                pmInit
 .text          0x02015190      0x11c /opt/devkitpro/devkitARM/lib/gcc/arm-none-eabi/16.1.0/thumb/libgcc.a(_udivsi3.o)
                0x02015190                __udivsi3
                0x02015190                __aeabi_uidiv
                0x0201528c                __aeabi_uidivmod
 .text          0x020152ac      0x150 /opt/devkitpro/devkitARM/lib/gcc/arm-none-eabi/16.1.0/thumb/libgcc.a(_divsi3.o)
                0x020152ac                __aeabi_idiv
                0x020152ac                __divsi3
                0x020153dc                __aeabi_idivmod
 .text          0x020153fc        0x4 /opt/devkitpro/devkitARM/lib/gcc/arm-none-eabi/16.1.0/thumb/libgcc.a(_dvmd_tls.o)
                0x020153fc                __aeabi_ldiv0
                0x020153fc                __aeabi_idiv0
 .text          0x02015400       0xd4 /opt/devkitpro/devkitARM/lib/gcc/arm-none-eabi/16.1.0/thumb/libgcc.a(_aeabi_ldivmod.o)
                0x02015400                __aeabi_ldivmod
 .text          0x020154d4       0x3c /opt/devkitpro/devkitARM/lib/gcc/arm-none-eabi/16.1.0/thumb/libgcc.a(_aeabi_uldivmod.o)
                0x020154d4                __aeabi_uldivmod
 .text.__udivmoddi4
                0x02015510      0x194 /opt/devkitpro/devkitARM/lib/gcc/arm-none-eabi/16.1.0/thumb/libgcc.a(_udivmoddi4.o)
                0x02015510                __udivmoddi4
 .text          0x020156a4       0x28 /opt/devkitpro/devkitARM/lib/gcc/arm-none-eabi/16.1.0/thumb/libgcc.a(_clzdi2.o)
                0x020156a4                __clzdi2
 .text          0x020156cc       0x48 /opt/devkitpro/devkitARM/lib/gcc/arm-none-eabi/16.1.0/thumb/libgcc.a(_clzsi2.o)
                0x020156cc                __clzsi2
 .text.ftell    0x02015714       0x24 /opt/devkitpro/devkitARM/lib/gcc/arm-none-eabi/16.1.0/../../../../arm-none-eabi/lib/thumb/libg.a(libc_a-ftell.o)
                0x02015714                ftell
 .text.srand    0x02015738       0x18 /opt/devkitpro/devkitARM/lib/gcc/arm-none-eabi/16.1.0/../../../../arm-none-eabi/lib/thumb/libg.a(libc_a-rand.o)
                0x02015738                srand
 .text.rand     0x02015750       0x30 /opt/devkitpro/devkitARM/lib/gcc/arm-none-eabi/16.1.0/../../../../arm-none-eabi/lib/thumb/libg.a(libc_a-rand.o)
                0x02015750                rand
 .text.sscanf   0x02015780       0x50 /opt/devkitpro/devkitARM/lib/gcc/arm-none-eabi/16.1.0/../../../../arm-none-eabi/lib/thumb/libg.a(libc_a-sscanf.o)
                0x02015780                sscanf
 .text.critical_factorization
                0x020157d0       0xcc /opt/devkitpro/devkitARM/lib/gcc/arm-none-eabi/16.1.0/../../../../arm-none-eabi/lib/thumb/libg.a(libc_a-strstr.o)
 .text.two_way_long_needle
                0x0201589c      0x204 /opt/devkitpro/devkitARM/lib/gcc/arm-none-eabi/16.1.0/../../../../arm-none-eabi/lib/thumb/libg.a(libc_a-strstr.o)
 .text.strstr   0x02015aa0      0x1ac /opt/devkitpro/devkitARM/lib/gcc/arm-none-eabi/16.1.0/../../../../arm-none-eabi/lib/thumb/libg.a(libc_a-strstr.o)
                0x02015aa0                strstr
 .text.memcpy   0x02015c4c       0xac /opt/devkitpro/devkitARM/lib/gcc/arm-none-eabi/16.1.0/../../../../arm-none-eabi/lib/thumb/libg.a(libc_a-memcpy-stub.o)
                0x02015c4c                memcpy
 .text.strlen   0x02015cf8       0x60 /opt/devkitpro/devkitARM/lib/gcc/arm-none-eabi/16.1.0/../../../../arm-none-eabi/lib/thumb/libg.a(libc_a-strlen.o)
                0x02015cf8                strlen
 .text._fread_r
                0x02015d58      0x228 /opt/devkitpro/devkitARM/lib/gcc/arm-none-eabi/16.1.0/../../../../arm-none-eabi/lib/thumb/libg.a(libc_a-fread.o)
                0x02015d58                _fread_r
 .text.fread    0x02015f80       0x24 /opt/devkitpro/devkitARM/lib/gcc/arm-none-eabi/16.1.0/../../../../arm-none-eabi/lib/thumb/libg.a(libc_a-fread.o)
                0x02015f80                fread
 .text.fputc    0x02015fa4       0x5c /opt/devkitpro/devkitARM/lib/gcc/arm-none-eabi/16.1.0/../../../../arm-none-eabi/lib/thumb/libg.a(libc_a-fputc.o)
                0x02015fa4                fputc
 .text.get_arg  0x02016000       0x3e /opt/devkitpro/devkitARM/lib/gcc/arm-none-eabi/16.1.0/../../../../arm-none-eabi/lib/thumb/libg.a(libc_a-svfscanf.o)
 *fill*         0x0201603e        0x2 ff
 .text.__ssvfscanf_r
                0x02016040     0x1fd0 /opt/devkitpro/devkitARM/lib/gcc/arm-none-eabi/16.1.0/../../../../arm-none-eabi/lib/thumb/libg.a(libc_a-svfscanf.o)
                0x02016040                __ssvfscanf_r
 .text._fopen_r
                0x02018010       0xb4 /opt/devkitpro/devkitARM/lib/gcc/arm-none-eabi/16.1.0/../../../../arm-none-eabi/lib/thumb/libg.a(libc_a-fopen.o)
                0x02018010                _fopen_r
 .text.fopen    0x020180c4       0x18 /opt/devkitpro/devkitARM/lib/gcc/arm-none-eabi/16.1.0/../../../../arm-none-eabi/lib/thumb/libg.a(libc_a-fopen.o)
                0x020180c4                fopen
 .text.sulp     0x020180dc       0x34 /opt/devkitpro/devkitARM/lib/gcc/arm-none-eabi/16.1.0/../../../../arm-none-eabi/lib/thumb/libg.a(libc_a-strtod.o)
 .text._strtod_l
                0x02018110      0xf7c /opt/devkitpro/devkitARM/lib/gcc/arm-none-eabi/16.1.0/../../../../arm-none-eabi/lib/thumb/libg.a(libc_a-strtod.o)
                0x02018110                _strtod_l
 .text._strtod_r
                0x0201908c       0x2c /opt/devkitpro/devkitARM/lib/gcc/arm-none-eabi/16.1.0/../../../../arm-none-eabi/lib/thumb/libg.a(libc_a-strtod.o)
                0x0201908c                _strtod_r
 .text._strtoull_l.isra.0
                0x020190b8      0x1c0 /opt/devkitpro/devkitARM/lib/gcc/arm-none-eabi/16.1.0/../../../../arm-none-eabi/lib/thumb/libg.a(libc_a-strtoull.o)
 .text._strtoull_r
                0x02019278       0x20 /opt/devkitpro/devkitARM/lib/gcc/arm-none-eabi/16.1.0/../../../../arm-none-eabi/lib/thumb/libg.a(libc_a-strtoull.o)
                0x02019278                _strtoull_r
 .text.strcasecmp
                0x02019298       0x4c /opt/devkitpro/devkitARM/lib/gcc/arm-none-eabi/16.1.0/../../../../arm-none-eabi/lib/thumb/libg.a(libc_a-strcasecmp.o)
                0x02019298                strcasecmp
 .text.rshift   0x020192e4       0xac /opt/devkitpro/devkitARM/lib/gcc/arm-none-eabi/16.1.0/../../../../arm-none-eabi/lib/thumb/libg.a(libc_a-gdtoa-gethex.o)
 .text.__gethex
                0x02019390      0x60c /opt/devkitpro/devkitARM/lib/gcc/arm-none-eabi/16.1.0/../../../../arm-none-eabi/lib/thumb/libg.a(libc_a-gdtoa-gethex.o)
                0x02019390                __gethex
 .text.snprintf
                0x0201999c       0x64 /opt/devkitpro/devkitARM/lib/gcc/arm-none-eabi/16.1.0/../../../../arm-none-eabi/lib/thumb/libg.a(libc_a-snprintf.o)
                0x0201999c                snprintf
 .text._strtoul_l.isra.0
                0x02019a00      0x150 /opt/devkitpro/devkitARM/lib/gcc/arm-none-eabi/16.1.0/../../../../arm-none-eabi/lib/thumb/libg.a(libc_a-strtoul.o)
 .text._strtoul_r
                0x02019b50       0x20 /opt/devkitpro/devkitARM/lib/gcc/arm-none-eabi/16.1.0/../../../../arm-none-eabi/lib/thumb/libg.a(libc_a-strtoul.o)
                0x02019b50                _strtoul_r
 .text.strtoul  0x02019b70       0x24 /opt/devkitpro/devkitARM/lib/gcc/arm-none-eabi/16.1.0/../../../../arm-none-eabi/lib/thumb/libg.a(libc_a-strtoul.o)
                0x02019b70                strtoul
 .text._mbrtowc_r
                0x02019b94       0x9c /opt/devkitpro/devkitARM/lib/gcc/arm-none-eabi/16.1.0/../../../../arm-none-eabi/lib/thumb/libg.a(libc_a-mbrtowc.o)
                0x02019b94                _mbrtowc_r
 .text.remove   0x02019c30       0x38 /opt/devkitpro/devkitARM/lib/gcc/arm-none-eabi/16.1.0/../../../../arm-none-eabi/lib/thumb/libg.a(libc_a-remove.o)
                0x02019c30                remove
 .text.strchr   0x02019c68       0xbc /opt/devkitpro/devkitARM/lib/gcc/arm-none-eabi/16.1.0/../../../../arm-none-eabi/lib/thumb/libg.a(libc_a-strchr.o)
                0x02019c68                strchr
 .text.memcmp   0x02019d24       0x48 /opt/devkitpro/devkitARM/lib/gcc/arm-none-eabi/16.1.0/../../../../arm-none-eabi/lib/thumb/libg.a(libc_a-memcmp.o)
                0x02019d24                memcmp
 .text._fgets_r
                0x02019d6c       0xf8 /opt/devkitpro/devkitARM/lib/gcc/arm-none-eabi/16.1.0/../../../../arm-none-eabi/lib/thumb/libg.a(libc_a-fgets.o)
                0x02019d6c                _fgets_r
 .text.fgets    0x02019e64       0x1c /opt/devkitpro/devkitARM/lib/gcc/arm-none-eabi/16.1.0/../../../../arm-none-eabi/lib/thumb/libg.a(libc_a-fgets.o)
                0x02019e64                fgets
 .text.calloc   0x02019e80       0x18 /opt/devkitpro/devkitARM/lib/gcc/arm-none-eabi/16.1.0/../../../../arm-none-eabi/lib/thumb/libg.a(libc_a-calloc.o)
                0x02019e80                calloc
 .text.__sccl   0x02019e98       0xb0 /opt/devkitpro/devkitARM/lib/gcc/arm-none-eabi/16.1.0/../../../../arm-none-eabi/lib/thumb/libg.a(libc_a-sccl.o)
                0x02019e98                __sccl
 .text.aligned_alloc
                0x02019f48       0x18 /opt/devkitpro/devkitARM/lib/gcc/arm-none-eabi/16.1.0/../../../../arm-none-eabi/lib/thumb/libg.a(libc_a-aligned_alloc.o)
                0x02019f48                aligned_alloc
 .text.validate_structure
                0x02019f60      0x1f8 /opt/devkitpro/devkitARM/lib/gcc/arm-none-eabi/16.1.0/../../../../arm-none-eabi/lib/thumb/libg.a(libc_a-mktime.o)
 .text.mktime   0x0201a158      0x434 /opt/devkitpro/devkitARM/lib/gcc/arm-none-eabi/16.1.0/../../../../arm-none-eabi/lib/thumb/libg.a(libc_a-mktime.o)
                0x0201a158                mktime
 .text._memalign_r
                0x0201a58c      0x118 /opt/devkitpro/devkitARM/lib/gcc/arm-none-eabi/16.1.0/../../../../arm-none-eabi/lib/thumb/libg.a(libc_a-malignr.o)
                0x0201a58c                _memalign_r
 .text.__smakebuf_r
                0x0201a6a4       0xe0 /opt/devkitpro/devkitARM/lib/gcc/arm-none-eabi/16.1.0/../../../../arm-none-eabi/lib/thumb/libg.a(libc_a-makebuf.o)
                0x0201a6a4                __smakebuf_r
 .text._strtoll_l.isra.0
                0x0201a784      0x300 /opt/devkitpro/devkitARM/lib/gcc/arm-none-eabi/16.1.0/../../../../arm-none-eabi/lib/thumb/libg.a(libc_a-strtoll.o)
 .text._strtoll_r
                0x0201aa84       0x20 /opt/devkitpro/devkitARM/lib/gcc/arm-none-eabi/16.1.0/../../../../arm-none-eabi/lib/thumb/libg.a(libc_a-strtoll.o)
                0x0201aa84                _strtoll_r
 .text.__locale_mb_cur_max
                0x0201aaa4       0x20 /opt/devkitpro/devkitARM/lib/gcc/arm-none-eabi/16.1.0/../../../../arm-none-eabi/lib/thumb/libg.a(libc_a-locale.o)
                0x0201aaa4                __locale_mb_cur_max
 .text.memset   0x0201aac4       0x8c /opt/devkitpro/devkitARM/lib/gcc/arm-none-eabi/16.1.0/../../../../arm-none-eabi/lib/thumb/libg.a(libc_a-memset.o)
                0x0201aac4                memset
 .text._calloc_r
                0x0201ab50       0xcc /opt/devkitpro/devkitARM/lib/gcc/arm-none-eabi/16.1.0/../../../../arm-none-eabi/lib/thumb/libg.a(libc_a-callocr.o)
                0x0201ab50                _calloc_r
 .text._fwrite_r
                0x0201ac1c       0x9c /opt/devkitpro/devkitARM/lib/gcc/arm-none-eabi/16.1.0/../../../../arm-none-eabi/lib/thumb/libg.a(libc_a-fwrite.o)
                0x0201ac1c                _fwrite_r
 .text.fwrite   0x0201acb8       0x24 /opt/devkitpro/devkitARM/lib/gcc/arm-none-eabi/16.1.0/../../../../arm-none-eabi/lib/thumb/libg.a(libc_a-fwrite.o)
                0x0201acb8                fwrite
 .text.realloc  0x0201acdc       0x18 /opt/devkitpro/devkitARM/lib/gcc/arm-none-eabi/16.1.0/../../../../arm-none-eabi/lib/thumb/libg.a(libc_a-realloc.o)
                0x0201acdc                realloc
 .text.localtime_r
                0x0201acf4      0x228 /opt/devkitpro/devkitARM/lib/gcc/arm-none-eabi/16.1.0/../../../../arm-none-eabi/lib/thumb/libg.a(libc_a-lcltime_r.o)
                0x0201acf4                localtime_r
 .text._ftello_r
                0x0201af1c      0x124 /opt/devkitpro/devkitARM/lib/gcc/arm-none-eabi/16.1.0/../../../../arm-none-eabi/lib/thumb/libg.a(libc_a-ftello.o)
                0x0201af1c                _ftello_r
 .text.__tzcalc_limits
                0x0201b040      0x1ac /opt/devkitpro/devkitARM/lib/gcc/arm-none-eabi/16.1.0/../../../../arm-none-eabi/lib/thumb/libg.a(libc_a-tzcalc_limits.o)
                0x0201b040                __tzcalc_limits
 .text._putc_r  0x0201b1ec       0x88 /opt/devkitpro/devkitARM/lib/gcc/arm-none-eabi/16.1.0/../../../../arm-none-eabi/lib/thumb/libg.a(libc_a-putc.o)
                0x0201b1ec                _putc_r
 .text._malloc_r
                0x0201b274      0x550 /opt/devkitpro/devkitARM/lib/gcc/arm-none-eabi/16.1.0/../../../../arm-none-eabi/lib/thumb/libg.a(libc_a-mallocr.o)
                0x0201b274                _malloc_r
 .text.__swbuf_r
                0x0201b7c4       0x98 /opt/devkitpro/devkitARM/lib/gcc/arm-none-eabi/16.1.0/../../../../arm-none-eabi/lib/thumb/libg.a(libc_a-wbuf.o)
                0x0201b7c4                __swbuf_r
 .text          0x0201b85c      0x224 /opt/devkitpro/devkitARM/lib/gcc/arm-none-eabi/16.1.0/../../../../arm-none-eabi/lib/thumb/libg.a(libc_a-strcmp.o)
                0x0201b85c                strcmp
 .text._malloc_trim_r
                0x0201ba80       0xac /opt/devkitpro/devkitARM/lib/gcc/arm-none-eabi/16.1.0/../../../../arm-none-eabi/lib/thumb/libg.a(libc_a-freer.o)
                0x0201ba80                _malloc_trim_r
 .text._free_r  0x0201bb2c      0x1d8 /opt/devkitpro/devkitARM/lib/gcc/arm-none-eabi/16.1.0/../../../../arm-none-eabi/lib/thumb/libg.a(libc_a-freer.o)
                0x0201bb2c                _free_r
 .text.get_arg  0x0201bd04       0x3e /opt/devkitpro/devkitARM/lib/gcc/arm-none-eabi/16.1.0/../../../../arm-none-eabi/lib/thumb/libg.a(libc_a-svfiscanf.o)
 .text._sungetc_r
                0x0201bd42       0x7e /opt/devkitpro/devkitARM/lib/gcc/arm-none-eabi/16.1.0/../../../../arm-none-eabi/lib/thumb/libg.a(libc_a-svfiscanf.o)
                0x0201bd42                _sungetc_r
 .text.__ssrefill_r
                0x0201bdc0       0x42 /opt/devkitpro/devkitARM/lib/gcc/arm-none-eabi/16.1.0/../../../../arm-none-eabi/lib/thumb/libg.a(libc_a-svfiscanf.o)
                0x0201bdc0                __ssrefill_r
 .text._sfread_r
                0x0201be02       0x88 /opt/devkitpro/devkitARM/lib/gcc/arm-none-eabi/16.1.0/../../../../arm-none-eabi/lib/thumb/libg.a(libc_a-svfiscanf.o)
                0x0201be02                _sfread_r
 *fill*         0x0201be8a        0x2 ff
 .text.__ssvfiscanf_r
                0x0201be8c     0x19d8 /opt/devkitpro/devkitARM/lib/gcc/arm-none-eabi/16.1.0/../../../../arm-none-eabi/lib/thumb/libg.a(libc_a-svfiscanf.o)
                0x0201be8c                __ssvfiscanf_r
 .text.stdio_exit_handler
                0x0201d864       0x20 /opt/devkitpro/devkitARM/lib/gcc/arm-none-eabi/16.1.0/../../../../arm-none-eabi/lib/thumb/libg.a(libc_a-findfp.o)
 .text.cleanup_stdio
                0x0201d884       0x40 /opt/devkitpro/devkitARM/lib/gcc/arm-none-eabi/16.1.0/../../../../arm-none-eabi/lib/thumb/libg.a(libc_a-findfp.o)
 .text.global_stdio_init.part.0
                0x0201d8c4      0x120 /opt/devkitpro/devkitARM/lib/gcc/arm-none-eabi/16.1.0/../../../../arm-none-eabi/lib/thumb/libg.a(libc_a-findfp.o)
 .text.__sfp    0x0201d9e4       0xcc /opt/devkitpro/devkitARM/lib/gcc/arm-none-eabi/16.1.0/../../../../arm-none-eabi/lib/thumb/libg.a(libc_a-findfp.o)
                0x0201d9e4                __sfp
 .text.__sinit  0x0201dab0       0x3c /opt/devkitpro/devkitARM/lib/gcc/arm-none-eabi/16.1.0/../../../../arm-none-eabi/lib/thumb/libg.a(libc_a-findfp.o)
                0x0201dab0                __sinit
 .text.__sfp_lock_acquire
                0x0201daec       0x14 /opt/devkitpro/devkitARM/lib/gcc/arm-none-eabi/16.1.0/../../../../arm-none-eabi/lib/thumb/libg.a(libc_a-findfp.o)
                0x0201daec                __sfp_lock_acquire
 .text.__sfp_lock_release
                0x0201db00       0x14 /opt/devkitpro/devkitARM/lib/gcc/arm-none-eabi/16.1.0/../../../../arm-none-eabi/lib/thumb/libg.a(libc_a-findfp.o)
                0x0201db00                __sfp_lock_release
 .text._strtol_l.part.0
                0x0201db14      0x25c /opt/devkitpro/devkitARM/lib/gcc/arm-none-eabi/16.1.0/../../../../arm-none-eabi/lib/thumb/libg.a(libc_a-strtol.o)
 .text._strtol_r
                0x0201dd70       0x34 /opt/devkitpro/devkitARM/lib/gcc/arm-none-eabi/16.1.0/../../../../arm-none-eabi/lib/thumb/libg.a(libc_a-strtol.o)
                0x0201dd70                _strtol_r
 .text.__libc_init_array
                0x0201dda4       0x54 /opt/devkitpro/devkitARM/lib/gcc/arm-none-eabi/16.1.0/../../../../arm-none-eabi/lib/thumb/libg.a(libc_a-init.o)
                0x0201dda4                __libc_init_array
 .text.strncpy  0x0201ddf8       0x68 /opt/devkitpro/devkitARM/lib/gcc/arm-none-eabi/16.1.0/../../../../arm-none-eabi/lib/thumb/libg.a(libc_a-strncpy.o)
                0x0201ddf8                strncpy
 .text._fseek_r
                0x0201de60       0x14 /opt/devkitpro/devkitARM/lib/gcc/arm-none-eabi/16.1.0/../../../../arm-none-eabi/lib/thumb/libg.a(libc_a-fseek.o)
                0x0201de60                _fseek_r
 .text.fseek    0x0201de74       0x24 /opt/devkitpro/devkitARM/lib/gcc/arm-none-eabi/16.1.0/../../../../arm-none-eabi/lib/thumb/libg.a(libc_a-fseek.o)
                0x0201de74                fseek
 .text._tzset_unlocked
                0x0201de98       0x10 /opt/devkitpro/devkitARM/lib/gcc/arm-none-eabi/16.1.0/../../../../arm-none-eabi/lib/thumb/libg.a(libc_a-tzset.o)
                0x0201de98                _tzset_unlocked
 .text.malloc   0x0201dea8       0x28 /opt/devkitpro/devkitARM/lib/gcc/arm-none-eabi/16.1.0/../../../../arm-none-eabi/lib/thumb/libg.a(libc_a-malloc.o)
                0x0201dea8                malloc
 .text.free     0x0201ded0       0x14 /opt/devkitpro/devkitARM/lib/gcc/arm-none-eabi/16.1.0/../../../../arm-none-eabi/lib/thumb/libg.a(libc_a-malloc.o)
                0x0201ded0                free
 .text.memchr   0x0201dee4       0x74 /opt/devkitpro/devkitARM/lib/gcc/arm-none-eabi/16.1.0/../../../../arm-none-eabi/lib/thumb/libg.a(libc_a-memchr-stub.o)
                0x0201dee4                memchr
 .text.strrchr  0x0201df58       0x30 /opt/devkitpro/devkitARM/lib/gcc/arm-none-eabi/16.1.0/../../../../arm-none-eabi/lib/thumb/libg.a(libc_a-strrchr.o)
                0x0201df58                strrchr
 .text.__swsetup_r
                0x0201df88       0xd4 /opt/devkitpro/devkitARM/lib/gcc/arm-none-eabi/16.1.0/../../../../arm-none-eabi/lib/thumb/libg.a(libc_a-wsetup.o)
                0x0201df88                __swsetup_r
 .text.__gettzinfo
                0x0201e05c        0x8 /opt/devkitpro/devkitARM/lib/gcc/arm-none-eabi/16.1.0/../../../../arm-none-eabi/lib/thumb/libg.a(libc_a-gettzinfo.o)
                0x0201e05c                __gettzinfo
 .text._findenv_r
                0x0201e064       0x94 /opt/devkitpro/devkitARM/lib/gcc/arm-none-eabi/16.1.0/../../../../arm-none-eabi/lib/thumb/libg.a(libc_a-getenv_r.o)
                0x0201e064                _findenv_r
 .text._getenv_r
                0x0201e0f8       0x10 /opt/devkitpro/devkitARM/lib/gcc/arm-none-eabi/16.1.0/../../../../arm-none-eabi/lib/thumb/libg.a(libc_a-getenv_r.o)
                0x0201e0f8                _getenv_r
 .text._localeconv_r
                0x0201e108       0x20 /opt/devkitpro/devkitARM/lib/gcc/arm-none-eabi/16.1.0/../../../../arm-none-eabi/lib/thumb/libg.a(libc_a-localeconv.o)
                0x0201e108                _localeconv_r
 .text.__sread  0x0201e128       0x34 /opt/devkitpro/devkitARM/lib/gcc/arm-none-eabi/16.1.0/../../../../arm-none-eabi/lib/thumb/libg.a(libc_a-stdio.o)
                0x0201e128                __sread
 .text.__seofread
                0x0201e15c        0x4 /opt/devkitpro/devkitARM/lib/gcc/arm-none-eabi/16.1.0/../../../../arm-none-eabi/lib/thumb/libg.a(libc_a-stdio.o)
                0x0201e15c                __seofread
 .text.__swrite
                0x0201e160       0x4c /opt/devkitpro/devkitARM/lib/gcc/arm-none-eabi/16.1.0/../../../../arm-none-eabi/lib/thumb/libg.a(libc_a-stdio.o)
                0x0201e160                __swrite
 .text.__sseek  0x0201e1ac       0x3c /opt/devkitpro/devkitARM/lib/gcc/arm-none-eabi/16.1.0/../../../../arm-none-eabi/lib/thumb/libg.a(libc_a-stdio.o)
                0x0201e1ac                __sseek
 .text.__sclose
                0x0201e1e8       0x10 /opt/devkitpro/devkitARM/lib/gcc/arm-none-eabi/16.1.0/../../../../arm-none-eabi/lib/thumb/libg.a(libc_a-stdio.o)
                0x0201e1e8                __sclose
 .text._realloc_r
                0x0201e1f8      0x344 /opt/devkitpro/devkitARM/lib/gcc/arm-none-eabi/16.1.0/../../../../arm-none-eabi/lib/thumb/libg.a(libc_a-reallocr.o)
                0x0201e1f8                _realloc_r
 .text.__malloc_lock
                0x0201e53c       0x14 /opt/devkitpro/devkitARM/lib/gcc/arm-none-eabi/16.1.0/../../../../arm-none-eabi/lib/thumb/libg.a(libc_a-mlock.o)
                0x0201e53c                __malloc_lock
 .text.__malloc_unlock
                0x0201e550       0x14 /opt/devkitpro/devkitARM/lib/gcc/arm-none-eabi/16.1.0/../../../../arm-none-eabi/lib/thumb/libg.a(libc_a-mlock.o)
                0x0201e550                __malloc_unlock
 .text._fseeko_r
                0x0201e564      0x414 /opt/devkitpro/devkitARM/lib/gcc/arm-none-eabi/16.1.0/../../../../arm-none-eabi/lib/thumb/libg.a(libc_a-fseeko.o)
                0x0201e564                _fseeko_r
 .text._fclose_r
                0x0201e978       0xe0 /opt/devkitpro/devkitARM/lib/gcc/arm-none-eabi/16.1.0/../../../../arm-none-eabi/lib/thumb/libg.a(libc_a-fclose.o)
                0x0201e978                _fclose_r
 .text.fclose   0x0201ea58       0x14 /opt/devkitpro/devkitARM/lib/gcc/arm-none-eabi/16.1.0/../../../../arm-none-eabi/lib/thumb/libg.a(libc_a-fclose.o)
                0x0201ea58                fclose
 .text.time     0x0201ea6c       0x38 /opt/devkitpro/devkitARM/lib/gcc/arm-none-eabi/16.1.0/../../../../arm-none-eabi/lib/thumb/libg.a(libc_a-time.o)
                0x0201ea6c                time
 .text.fprintf  0x0201eaa4       0x28 /opt/devkitpro/devkitARM/lib/gcc/arm-none-eabi/16.1.0/../../../../arm-none-eabi/lib/thumb/libg.a(libc_a-fprintf.o)
                0x0201eaa4                fprintf
 .text          0x0201eacc       0x34 /opt/devkitpro/devkitARM/lib/gcc/arm-none-eabi/16.1.0/../../../../arm-none-eabi/lib/thumb/libg.a(libc_a-setjmp.o)
                0x0201eacc                setjmp
                0x0201eae4                longjmp
 .text.__call_exitprocs
                0x0201eb00        0xc /opt/devkitpro/devkitARM/lib/gcc/arm-none-eabi/16.1.0/../../../../arm-none-eabi/lib/thumb/libg.a(libc_a-exit.o)
                0x0201eb00                __call_exitprocs
 .text.get_arg  0x0201eb0c      0x404 /opt/devkitpro/devkitARM/lib/gcc/arm-none-eabi/16.1.0/../../../../arm-none-eabi/lib/thumb/libg.a(libc_a-svfprintf.o)
 .text._svfprintf_r
                0x0201ef10     0x22e0 /opt/devkitpro/devkitARM/lib/gcc/arm-none-eabi/16.1.0/../../../../arm-none-eabi/lib/thumb/libg.a(libc_a-svfprintf.o)
                0x0201ef10                _svfprintf_r
 .text.__sflags
                0x020211f0       0x98 /opt/devkitpro/devkitARM/lib/gcc/arm-none-eabi/16.1.0/../../../../arm-none-eabi/lib/thumb/libg.a(libc_a-flags.o)
                0x020211f0                __sflags
 .text.stat     0x02021288       0x18 /opt/devkitpro/devkitARM/lib/gcc/arm-none-eabi/16.1.0/../../../../arm-none-eabi/lib/thumb/libg.a(libc_a-sysstat.o)
                0x02021288                stat
 .text.__utf8_wctomb
                0x020212a0       0xbc /opt/devkitpro/devkitARM/lib/gcc/arm-none-eabi/16.1.0/../../../../arm-none-eabi/lib/thumb/libg.a(libc_a-wctomb_r.o)
                0x020212a0                __utf8_wctomb
 .text.__libc_fini_array
                0x0202135c       0x30 /opt/devkitpro/devkitARM/lib/gcc/arm-none-eabi/16.1.0/../../../../arm-none-eabi/lib/thumb/libg.a(libc_a-fini.o)
                0x0202135c                __libc_fini_array
 .text.strnlen  0x0202138c       0x20 /opt/devkitpro/devkitARM/lib/gcc/arm-none-eabi/16.1.0/../../../../arm-none-eabi/lib/thumb/libg.a(libc_a-strnlen.o)
                0x0202138c                strnlen
 .text.gmtime_r
                0x020213ac      0x1b4 /opt/devkitpro/devkitARM/lib/gcc/arm-none-eabi/16.1.0/../../../../arm-none-eabi/lib/thumb/libg.a(libc_a-gmtime_r.o)
                0x020213ac                gmtime_r
 .text.strncmp  0x02021560       0x70 /opt/devkitpro/devkitARM/lib/gcc/arm-none-eabi/16.1.0/../../../../arm-none-eabi/lib/thumb/libg.a(libc_a-strncmp.o)
                0x02021560                strncmp
 .text._tzset_unlocked_r
                0x020215d0      0x490 /opt/devkitpro/devkitARM/lib/gcc/arm-none-eabi/16.1.0/../../../../arm-none-eabi/lib/thumb/libg.a(libc_a-tzset_r.o)
                0x020215d0                _tzset_unlocked_r
 .text.__match  0x02021a60       0x38 /opt/devkitpro/devkitARM/lib/gcc/arm-none-eabi/16.1.0/../../../../arm-none-eabi/lib/thumb/libg.a(libc_a-gdtoa-hexnan.o)
                0x02021a60                __match
 .text.__hexnan
                0x02021a98      0x1e8 /opt/devkitpro/devkitARM/lib/gcc/arm-none-eabi/16.1.0/../../../../arm-none-eabi/lib/thumb/libg.a(libc_a-gdtoa-hexnan.o)
                0x02021a98                __hexnan
 .text.sprintf  0x02021c80       0x44 /opt/devkitpro/devkitARM/lib/gcc/arm-none-eabi/16.1.0/../../../../arm-none-eabi/lib/thumb/libg.a(libc_a-sprintf.o)
                0x02021c80                sprintf
 .text.lflush   0x02021cc4       0x24 /opt/devkitpro/devkitARM/lib/gcc/arm-none-eabi/16.1.0/../../../../arm-none-eabi/lib/thumb/libg.a(libc_a-refill.o)
 .text.__srefill_r
                0x02021ce8      0x108 /opt/devkitpro/devkitARM/lib/gcc/arm-none-eabi/16.1.0/../../../../arm-none-eabi/lib/thumb/libg.a(libc_a-refill.o)
                0x02021ce8                __srefill_r
 .text.nan      0x02021df0        0xc /opt/devkitpro/devkitARM/lib/gcc/arm-none-eabi/16.1.0/../../../../arm-none-eabi/lib/thumb/libg.a(libm_a-s_nan.o)
                0x02021df0                nan
 .text.nanf     0x02021dfc        0x8 /opt/devkitpro/devkitARM/lib/gcc/arm-none-eabi/16.1.0/../../../../arm-none-eabi/lib/thumb/libg.a(libm_a-sf_nan.o)
                0x02021dfc                nanf
 .text.frexp    0x02021e04       0x74 /opt/devkitpro/devkitARM/lib/gcc/arm-none-eabi/16.1.0/../../../../arm-none-eabi/lib/thumb/libg.a(libm_a-s_frexp.o)
                0x02021e04                frexp
 .text.stpncpy  0x02021e78       0x74 /opt/devkitpro/devkitARM/lib/gcc/arm-none-eabi/16.1.0/../../../../arm-none-eabi/lib/thumb/libg.a(libc_a-stpncpy.o)
                0x02021e78                stpncpy
 .text.__env_lock
                0x02021eec       0x14 /opt/devkitpro/devkitARM/lib/gcc/arm-none-eabi/16.1.0/../../../../arm-none-eabi/lib/thumb/libg.a(libc_a-envlock.o)
                0x02021eec                __env_lock
 .text.__env_unlock
                0x02021f00       0x14 /opt/devkitpro/devkitARM/lib/gcc/arm-none-eabi/16.1.0/../../../../arm-none-eabi/lib/thumb/libg.a(libc_a-envlock.o)
                0x02021f00                __env_unlock
 .text.__assert_func
                0x02021f14       0x40 /opt/devkitpro/devkitARM/lib/gcc/arm-none-eabi/16.1.0/../../../../arm-none-eabi/lib/thumb/libg.a(libc_a-assert.o)
                0x02021f14                __assert_func
 .text.iswspace
                0x02021f54       0x10 /opt/devkitpro/devkitARM/lib/gcc/arm-none-eabi/16.1.0/../../../../arm-none-eabi/lib/thumb/libg.a(libc_a-iswspace.o)
                0x02021f54                iswspace
 .text._Balloc  0x02021f64       0x5c /opt/devkitpro/devkitARM/lib/gcc/arm-none-eabi/16.1.0/../../../../arm-none-eabi/lib/thumb/libg.a(libc_a-mprec.o)
                0x02021f64                _Balloc
 .text._Bfree   0x02021fc0       0x14 /opt/devkitpro/devkitARM/lib/gcc/arm-none-eabi/16.1.0/../../../../arm-none-eabi/lib/thumb/libg.a(libc_a-mprec.o)
                0x02021fc0                _Bfree
 .text.__multadd
                0x02021fd4       0xa8 /opt/devkitpro/devkitARM/lib/gcc/arm-none-eabi/16.1.0/../../../../arm-none-eabi/lib/thumb/libg.a(libc_a-mprec.o)
                0x02021fd4                __multadd
 .text.__s2b    0x0202207c       0xb4 /opt/devkitpro/devkitARM/lib/gcc/arm-none-eabi/16.1.0/../../../../arm-none-eabi/lib/thumb/libg.a(libc_a-mprec.o)
                0x0202207c                __s2b
 .text.__hi0bits
                0x02022130       0x60 /opt/devkitpro/devkitARM/lib/gcc/arm-none-eabi/16.1.0/../../../../arm-none-eabi/lib/thumb/libg.a(libc_a-mprec.o)
                0x02022130                __hi0bits
 .text.__lo0bits
                0x02022190       0x8c /opt/devkitpro/devkitARM/lib/gcc/arm-none-eabi/16.1.0/../../../../arm-none-eabi/lib/thumb/libg.a(libc_a-mprec.o)
                0x02022190                __lo0bits
 .text.__i2b    0x0202221c       0x64 /opt/devkitpro/devkitARM/lib/gcc/arm-none-eabi/16.1.0/../../../../arm-none-eabi/lib/thumb/libg.a(libc_a-mprec.o)
                0x0202221c                __i2b
 .text.__multiply
                0x02022280      0x1b4 /opt/devkitpro/devkitARM/lib/gcc/arm-none-eabi/16.1.0/../../../../arm-none-eabi/lib/thumb/libg.a(libc_a-mprec.o)
                0x02022280                __multiply
 .text.__pow5mult
                0x02022434       0xd8 /opt/devkitpro/devkitARM/lib/gcc/arm-none-eabi/16.1.0/../../../../arm-none-eabi/lib/thumb/libg.a(libc_a-mprec.o)
                0x02022434                __pow5mult
 .text.__lshift
                0x0202250c       0xf8 /opt/devkitpro/devkitARM/lib/gcc/arm-none-eabi/16.1.0/../../../../arm-none-eabi/lib/thumb/libg.a(libc_a-mprec.o)
                0x0202250c                __lshift
 .text.__mcmp   0x02022604       0x50 /opt/devkitpro/devkitARM/lib/gcc/arm-none-eabi/16.1.0/../../../../arm-none-eabi/lib/thumb/libg.a(libc_a-mprec.o)
                0x02022604                __mcmp
 .text.__mdiff  0x02022654      0x1a4 /opt/devkitpro/devkitARM/lib/gcc/arm-none-eabi/16.1.0/../../../../arm-none-eabi/lib/thumb/libg.a(libc_a-mprec.o)
                0x02022654                __mdiff
 .text.__ulp    0x020227f8       0x40 /opt/devkitpro/devkitARM/lib/gcc/arm-none-eabi/16.1.0/../../../../arm-none-eabi/lib/thumb/libg.a(libc_a-mprec.o)
                0x020227f8                __ulp
 .text.__b2d    0x02022838       0xc8 /opt/devkitpro/devkitARM/lib/gcc/arm-none-eabi/16.1.0/../../../../arm-none-eabi/lib/thumb/libg.a(libc_a-mprec.o)
                0x02022838                __b2d
 .text.__d2b    0x02022900       0xd4 /opt/devkitpro/devkitARM/lib/gcc/arm-none-eabi/16.1.0/../../../../arm-none-eabi/lib/thumb/libg.a(libc_a-mprec.o)
                0x02022900                __d2b
 .text.__ratio  0x020229d4       0x60 /opt/devkitpro/devkitARM/lib/gcc/arm-none-eabi/16.1.0/../../../../arm-none-eabi/lib/thumb/libg.a(libc_a-mprec.o)
                0x020229d4                __ratio
 .text.__copybits
                0x02022a34       0x48 /opt/devkitpro/devkitARM/lib/gcc/arm-none-eabi/16.1.0/../../../../arm-none-eabi/lib/thumb/libg.a(libc_a-mprec.o)
                0x02022a34                __copybits
 .text.__any_on
                0x02022a7c       0x54 /opt/devkitpro/devkitARM/lib/gcc/arm-none-eabi/16.1.0/../../../../arm-none-eabi/lib/thumb/libg.a(libc_a-mprec.o)
                0x02022a7c                __any_on
 .text._fwalk_sglue
                0x02022ad0       0x4c /opt/devkitpro/devkitARM/lib/gcc/arm-none-eabi/16.1.0/../../../../arm-none-eabi/lib/thumb/libg.a(libc_a-fwalk.o)
                0x02022ad0                _fwalk_sglue
 .text.get_arg  0x02022b1c      0x404 /opt/devkitpro/devkitARM/lib/gcc/arm-none-eabi/16.1.0/../../../../arm-none-eabi/lib/thumb/libg.a(libc_a-vfprintf.o)
 .text._vfprintf_r
                0x02022f20     0x2394 /opt/devkitpro/devkitARM/lib/gcc/arm-none-eabi/16.1.0/../../../../arm-none-eabi/lib/thumb/libg.a(libc_a-vfprintf.o)
                0x02022f20                _vfprintf_r
 .text.__sbprintf
                0x020252b4       0x7c /opt/devkitpro/devkitARM/lib/gcc/arm-none-eabi/16.1.0/../../../../arm-none-eabi/lib/thumb/libg.a(libc_a-vfprintf.o)
 .text.div      0x02025330       0x18 /opt/devkitpro/devkitARM/lib/gcc/arm-none-eabi/16.1.0/../../../../arm-none-eabi/lib/thumb/libg.a(libc_a-div.o)
                0x02025330                div
 .text._wcrtomb_r
                0x02025348       0x88 /opt/devkitpro/devkitARM/lib/gcc/arm-none-eabi/16.1.0/../../../../arm-none-eabi/lib/thumb/libg.a(libc_a-wcrtomb.o)
                0x02025348                _wcrtomb_r
 .text.__submore
                0x020253d0       0x7c /opt/devkitpro/devkitARM/lib/gcc/arm-none-eabi/16.1.0/../../../../arm-none-eabi/lib/thumb/libg.a(libc_a-ungetc.o)
                0x020253d0                __submore
 .text.__ssprint_r
                0x0202544c       0x60 /opt/devkitpro/devkitARM/lib/gcc/arm-none-eabi/16.1.0/../../../../arm-none-eabi/lib/thumb/libg.a(libc_a-ssprint_r.o)
                0x0202544c                __ssprint_r
 .text.__utf8_mbtowc
                0x020254ac      0x24c /opt/devkitpro/devkitARM/lib/gcc/arm-none-eabi/16.1.0/../../../../arm-none-eabi/lib/thumb/libg.a(libc_a-mbtowc_r.o)
                0x020254ac                __utf8_mbtowc
 .text.fiprintf
                0x020256f8       0x28 /opt/devkitpro/devkitARM/lib/gcc/arm-none-eabi/16.1.0/../../../../arm-none-eabi/lib/thumb/libg.a(libc_a-fiprintf.o)
                0x020256f8                fiprintf
 .text.__sfvwrite_r
                0x02025720      0x31c /opt/devkitpro/devkitARM/lib/gcc/arm-none-eabi/16.1.0/../../../../arm-none-eabi/lib/thumb/libg.a(libc_a-fvwrite.o)
                0x02025720                __sfvwrite_r
 .text.__tz_lock
                0x02025a3c       0x14 /opt/devkitpro/devkitARM/lib/gcc/arm-none-eabi/16.1.0/../../../../arm-none-eabi/lib/thumb/libg.a(libc_a-tzlock.o)
                0x02025a3c                __tz_lock
 .text.__tz_unlock
                0x02025a50       0x14 /opt/devkitpro/devkitARM/lib/gcc/arm-none-eabi/16.1.0/../../../../arm-none-eabi/lib/thumb/libg.a(libc_a-tzlock.o)
                0x02025a50                __tz_unlock
 .text.abort    0x02025a64       0x10 /opt/devkitpro/devkitARM/lib/gcc/arm-none-eabi/16.1.0/../../../../arm-none-eabi/lib/thumb/libg.a(libc_a-abort.o)
                0x02025a64                abort
 .text.strcpy   0x02025a74       0x10 /opt/devkitpro/devkitARM/lib/gcc/arm-none-eabi/16.1.0/../../../../arm-none-eabi/lib/thumb/libg.a(libc_a-strcpy.o)
                0x02025a74                strcpy
 .text.__sflush_r
                0x02025a84      0x180 /opt/devkitpro/devkitARM/lib/gcc/arm-none-eabi/16.1.0/../../../../arm-none-eabi/lib/thumb/libg.a(libc_a-fflush.o)
                0x02025a84                __sflush_r
 .text._fflush_r
                0x02025c04       0x70 /opt/devkitpro/devkitARM/lib/gcc/arm-none-eabi/16.1.0/../../../../arm-none-eabi/lib/thumb/libg.a(libc_a-fflush.o)
                0x02025c04                _fflush_r
 .text.__sprint_r
                0x02025c74       0x24 /opt/devkitpro/devkitARM/lib/gcc/arm-none-eabi/16.1.0/../../../../arm-none-eabi/lib/thumb/libg.a(libc_a-sprint_r.o)
                0x02025c74                __sprint_r
 .text.quorem   0x02025c98      0x160 /opt/devkitpro/devkitARM/lib/gcc/arm-none-eabi/16.1.0/../../../../arm-none-eabi/lib/thumb/libg.a(libc_a-dtoa.o)
 .text._dtoa_r  0x02025df8     0x10a0 /opt/devkitpro/devkitARM/lib/gcc/arm-none-eabi/16.1.0/../../../../arm-none-eabi/lib/thumb/libg.a(libc_a-dtoa.o)
                0x02025df8                _dtoa_r
 .text._wcsrtombs_r
                0x02026e98       0x20 /opt/devkitpro/devkitARM/lib/gcc/arm-none-eabi/16.1.0/../../../../arm-none-eabi/lib/thumb/libg.a(libc_a-wcsrtombs.o)
                0x02026e98                _wcsrtombs_r
 .text.siscanf  0x02026eb8       0x50 /opt/devkitpro/devkitARM/lib/gcc/arm-none-eabi/16.1.0/../../../../arm-none-eabi/lib/thumb/libg.a(libc_a-siscanf.o)
                0x02026eb8                siscanf
 .text.memmove  0x02026f08      0x108 /opt/devkitpro/devkitARM/lib/gcc/arm-none-eabi/16.1.0/../../../../arm-none-eabi/lib/thumb/libg.a(libc_a-memmove.o)
                0x02026f08                memmove
 .text.iswspace_l
                0x02027010       0x28 /opt/devkitpro/devkitARM/lib/gcc/arm-none-eabi/16.1.0/../../../../arm-none-eabi/lib/thumb/libg.a(libc_a-iswspace_l.o)
                0x02027010                iswspace_l
 .text.__ssputs_r
                0x02027038       0xd4 /opt/devkitpro/devkitARM/lib/gcc/arm-none-eabi/16.1.0/../../../../arm-none-eabi/lib/thumb/libg.a(libc_a-ssputs_r.o)
                0x02027038                __ssputs_r
 .text.get_arg  0x0202710c      0x404 /opt/devkitpro/devkitARM/lib/gcc/arm-none-eabi/16.1.0/../../../../arm-none-eabi/lib/thumb/libg.a(libc_a-vfiprintf.o)
 .text._vfiprintf_r
                0x02027510     0x16d8 /opt/devkitpro/devkitARM/lib/gcc/arm-none-eabi/16.1.0/../../../../arm-none-eabi/lib/thumb/libg.a(libc_a-vfiprintf.o)
                0x02027510                _vfiprintf_r
 .text.__sbprintf
                0x02028be8       0x7c /opt/devkitpro/devkitARM/lib/gcc/arm-none-eabi/16.1.0/../../../../arm-none-eabi/lib/thumb/libg.a(libc_a-vfiprintf.o)
 .text._wcsnrtombs_l
                0x02028c64      0x120 /opt/devkitpro/devkitARM/lib/gcc/arm-none-eabi/16.1.0/../../../../arm-none-eabi/lib/thumb/libg.a(libc_a-wcsnrtombs.o)
                0x02028c64                _wcsnrtombs_l
 .text._wcsnrtombs_r
                0x02028d84       0x40 /opt/devkitpro/devkitARM/lib/gcc/arm-none-eabi/16.1.0/../../../../arm-none-eabi/lib/thumb/libg.a(libc_a-wcsnrtombs.o)
                0x02028d84                _wcsnrtombs_r
 .text._raise_r
                0x02028dc4       0x60 /opt/devkitpro/devkitARM/lib/gcc/arm-none-eabi/16.1.0/../../../../arm-none-eabi/lib/thumb/libg.a(libc_a-signal.o)
                0x02028dc4                _raise_r
 .text.raise    0x02028e24       0x14 /opt/devkitpro/devkitARM/lib/gcc/arm-none-eabi/16.1.0/../../../../arm-none-eabi/lib/thumb/libg.a(libc_a-signal.o)
                0x02028e24                raise
 .text.category
                0x02028e38       0x5c /opt/devkitpro/devkitARM/lib/gcc/arm-none-eabi/16.1.0/../../../../arm-none-eabi/lib/thumb/libg.a(libc_a-categories.o)
                0x02028e38                category
 .text._exit    0x02028e94       0x14 /opt/devkitpro/devkitARM/lib/gcc/arm-none-eabi/16.1.0/../../../../arm-none-eabi/lib/thumb/libsysbase.a(libsysbase_libsysbase_a-_exit.o)
                0x02028e94                _exit
 .text.chdir    0x02028ea8       0xe4 /opt/devkitpro/devkitARM/lib/gcc/arm-none-eabi/16.1.0/../../../../arm-none-eabi/lib/thumb/libsysbase.a(libsysbase_libsysbase_a-chdir.o)
                0x02028ea8                chdir
 .text._concatenate_path
                0x02028f8c      0x134 /opt/devkitpro/devkitARM/lib/gcc/arm-none-eabi/16.1.0/../../../../arm-none-eabi/lib/thumb/libsysbase.a(libsysbase_libsysbase_a-concatenate.o)
                0x02028f8c                _concatenate_path
 .text.__dirnext
                0x020290c0       0x4c /opt/devkitpro/devkitARM/lib/gcc/arm-none-eabi/16.1.0/../../../../arm-none-eabi/lib/thumb/libsysbase.a(libsysbase_libsysbase_a-dirent.o)
 .text.opendir  0x0202910c       0xc0 /opt/devkitpro/devkitARM/lib/gcc/arm-none-eabi/16.1.0/../../../../arm-none-eabi/lib/thumb/libsysbase.a(libsysbase_libsysbase_a-dirent.o)
                0x0202910c                opendir
 .text.closedir
                0x020291cc       0x70 /opt/devkitpro/devkitARM/lib/gcc/arm-none-eabi/16.1.0/../../../../arm-none-eabi/lib/thumb/libsysbase.a(libsysbase_libsysbase_a-dirent.o)
                0x020291cc                closedir
 .text.readdir_r
                0x0202923c       0x8c /opt/devkitpro/devkitARM/lib/gcc/arm-none-eabi/16.1.0/../../../../arm-none-eabi/lib/thumb/libsysbase.a(libsysbase_libsysbase_a-dirent.o)
                0x0202923c                readdir_r
 .text.readdir  0x020292c8       0x28 /opt/devkitpro/devkitARM/lib/gcc/arm-none-eabi/16.1.0/../../../../arm-none-eabi/lib/thumb/libsysbase.a(libsysbase_libsysbase_a-dirent.o)
                0x020292c8                readdir
 .text._fstat_r
                0x020292f0       0x5c /opt/devkitpro/devkitARM/lib/gcc/arm-none-eabi/16.1.0/../../../../arm-none-eabi/lib/thumb/libsysbase.a(libsysbase_libsysbase_a-fstat.o)
                0x020292f0                _fstat_r
 .text._getpid_r
                0x0202934c        0xc /opt/devkitpro/devkitARM/lib/gcc/arm-none-eabi/16.1.0/../../../../arm-none-eabi/lib/thumb/libsysbase.a(libsysbase_libsysbase_a-getpid.o)
                0x0202934c                _getpid_r
 .text.__getreent
                0x02029358       0x20 /opt/devkitpro/devkitARM/lib/gcc/arm-none-eabi/16.1.0/../../../../arm-none-eabi/lib/thumb/libsysbase.a(libsysbase_libsysbase_a-getreent.o)
                0x02029358                __getreent
 .text._gettimeofday_r
                0x02029378       0x20 /opt/devkitpro/devkitARM/lib/gcc/arm-none-eabi/16.1.0/../../../../arm-none-eabi/lib/thumb/libsysbase.a(libsysbase_libsysbase_a-gettod.o)
                0x02029378                _gettimeofday_r
 .text.__release_handle
                0x02029398       0x6c /opt/devkitpro/devkitARM/lib/gcc/arm-none-eabi/16.1.0/../../../../arm-none-eabi/lib/thumb/libsysbase.a(libsysbase_libsysbase_a-handle_manager.o)
                0x02029398                __release_handle
 .text.__alloc_handle
                0x02029404       0x7c /opt/devkitpro/devkitARM/lib/gcc/arm-none-eabi/16.1.0/../../../../arm-none-eabi/lib/thumb/libsysbase.a(libsysbase_libsysbase_a-handle_manager.o)
                0x02029404                __alloc_handle
 .text.__get_handle
                0x02029480       0x34 /opt/devkitpro/devkitARM/lib/gcc/arm-none-eabi/16.1.0/../../../../arm-none-eabi/lib/thumb/libsysbase.a(libsysbase_libsysbase_a-handle_manager.o)
                0x02029480                __get_handle
 .text._close_r
                0x020294b4       0xb0 /opt/devkitpro/devkitARM/lib/gcc/arm-none-eabi/16.1.0/../../../../arm-none-eabi/lib/thumb/libsysbase.a(libsysbase_libsysbase_a-handle_manager.o)
                0x020294b4                _close_r
 .text.null_write
                0x02029564        0x4 /opt/devkitpro/devkitARM/lib/gcc/arm-none-eabi/16.1.0/../../../../arm-none-eabi/lib/thumb/libsysbase.a(libsysbase_libsysbase_a-iosupport.o)
 .text.setDefaultDevice
                0x02029568       0x10 /opt/devkitpro/devkitARM/lib/gcc/arm-none-eabi/16.1.0/../../../../arm-none-eabi/lib/thumb/libsysbase.a(libsysbase_libsysbase_a-iosupport.o)
                0x02029568                setDefaultDevice
 .text.FindDevice
                0x02029578       0x64 /opt/devkitpro/devkitARM/lib/gcc/arm-none-eabi/16.1.0/../../../../arm-none-eabi/lib/thumb/libsysbase.a(libsysbase_libsysbase_a-iosupport.o)
                0x02029578                FindDevice
 .text.AddDevice
                0x020295dc       0x68 /opt/devkitpro/devkitARM/lib/gcc/arm-none-eabi/16.1.0/../../../../arm-none-eabi/lib/thumb/libsysbase.a(libsysbase_libsysbase_a-iosupport.o)
                0x020295dc                AddDevice
 .text.GetDeviceOpTab
                0x02029644       0x20 /opt/devkitpro/devkitARM/lib/gcc/arm-none-eabi/16.1.0/../../../../arm-none-eabi/lib/thumb/libsysbase.a(libsysbase_libsysbase_a-iosupport.o)
                0x02029644                GetDeviceOpTab
 .text._isatty_r
                0x02029664        0x4 /opt/devkitpro/devkitARM/lib/gcc/arm-none-eabi/16.1.0/../../../../arm-none-eabi/lib/thumb/libsysbase.a(libsysbase_libsysbase_a-isatty.o)
                0x02029664                _isatty_r
 .text._kill_r  0x02029668        0xc /opt/devkitpro/devkitARM/lib/gcc/arm-none-eabi/16.1.0/../../../../arm-none-eabi/lib/thumb/libsysbase.a(libsysbase_libsysbase_a-kill.o)
                0x02029668                _kill_r
 .text._lseek_r
                0x02029674       0x64 /opt/devkitpro/devkitARM/lib/gcc/arm-none-eabi/16.1.0/../../../../arm-none-eabi/lib/thumb/libsysbase.a(libsysbase_libsysbase_a-lseek.o)
                0x02029674                _lseek_r
 .text.mkdir    0x020296d8       0x4c /opt/devkitpro/devkitARM/lib/gcc/arm-none-eabi/16.1.0/../../../../arm-none-eabi/lib/thumb/libsysbase.a(libsysbase_libsysbase_a-mkdir.o)
                0x020296d8                mkdir
 .text._open_r  0x02029724       0x8c /opt/devkitpro/devkitARM/lib/gcc/arm-none-eabi/16.1.0/../../../../arm-none-eabi/lib/thumb/libsysbase.a(libsysbase_libsysbase_a-open.o)
                0x02029724                _open_r
 .text._read_r  0x020297b0       0x5c /opt/devkitpro/devkitARM/lib/gcc/arm-none-eabi/16.1.0/../../../../arm-none-eabi/lib/thumb/libsysbase.a(libsysbase_libsysbase_a-read.o)
                0x020297b0                _read_r
 .text._rmdir_r
                0x0202980c       0x50 /opt/devkitpro/devkitARM/lib/gcc/arm-none-eabi/16.1.0/../../../../arm-none-eabi/lib/thumb/libsysbase.a(libsysbase_libsysbase_a-rmdir.o)
                0x0202980c                _rmdir_r
 .text.rmdir    0x0202985c       0x14 /opt/devkitpro/devkitARM/lib/gcc/arm-none-eabi/16.1.0/../../../../arm-none-eabi/lib/thumb/libsysbase.a(libsysbase_libsysbase_a-rmdir.o)
                0x0202985c                rmdir
 .text._sbrk_r  0x02029870       0x50 /opt/devkitpro/devkitARM/lib/gcc/arm-none-eabi/16.1.0/../../../../arm-none-eabi/lib/thumb/libsysbase.a(libsysbase_libsysbase_a-sbrk.o)
                0x02029870                _sbrk_r
 .text._stat_r  0x020298c0       0x54 /opt/devkitpro/devkitARM/lib/gcc/arm-none-eabi/16.1.0/../../../../arm-none-eabi/lib/thumb/libsysbase.a(libsysbase_libsysbase_a-stat.o)
                0x020298c0                _stat_r
 .text.__libc_lock_acquire
                0x02029914       0x18 /opt/devkitpro/devkitARM/lib/gcc/arm-none-eabi/16.1.0/../../../../arm-none-eabi/lib/thumb/libsysbase.a(libsysbase_libsysbase_a-syscall_support.o)
                0x02029914                __libc_lock_acquire
 .text.__libc_lock_release
                0x0202992c       0x18 /opt/devkitpro/devkitARM/lib/gcc/arm-none-eabi/16.1.0/../../../../arm-none-eabi/lib/thumb/libsysbase.a(libsysbase_libsysbase_a-syscall_support.o)
                0x0202992c                __libc_lock_release
 .text.__libc_lock_acquire_recursive
                0x02029944       0x18 /opt/devkitpro/devkitARM/lib/gcc/arm-none-eabi/16.1.0/../../../../arm-none-eabi/lib/thumb/libsysbase.a(libsysbase_libsysbase_a-syscall_support.o)
                0x02029944                __libc_lock_acquire_recursive
 .text.__libc_lock_release_recursive
                0x0202995c       0x18 /opt/devkitpro/devkitARM/lib/gcc/arm-none-eabi/16.1.0/../../../../arm-none-eabi/lib/thumb/libsysbase.a(libsysbase_libsysbase_a-syscall_support.o)
                0x0202995c                __libc_lock_release_recursive
 .text._unlink_r
                0x02029974       0x50 /opt/devkitpro/devkitARM/lib/gcc/arm-none-eabi/16.1.0/../../../../arm-none-eabi/lib/thumb/libsysbase.a(libsysbase_libsysbase_a-unlink.o)
                0x02029974                _unlink_r
 .text._write_r
                0x020299c4       0x5c /opt/devkitpro/devkitARM/lib/gcc/arm-none-eabi/16.1.0/../../../../arm-none-eabi/lib/thumb/libsysbase.a(libsysbase_libsysbase_a-write.o)
                0x020299c4                _write_r
 .text          0x02029a20       0x14 /opt/devkitpro/devkitARM/lib/gcc/arm-none-eabi/16.1.0/thumb/libgcc.a(_thumb1_case_uqi.o)
                0x02029a20                __gnu_thumb1_case_uqi
 .text          0x02029a34       0x14 /opt/devkitpro/devkitARM/lib/gcc/arm-none-eabi/16.1.0/thumb/libgcc.a(_thumb1_case_uhi.o)
                0x02029a34                __gnu_thumb1_case_uhi
 .text          0x02029a48      0x424 /opt/devkitpro/devkitARM/lib/gcc/arm-none-eabi/16.1.0/thumb/libgcc.a(_arm_addsubdf3.o)
                0x02029a48                __aeabi_drsub
                0x02029a50                __subdf3
                0x02029a50                __aeabi_dsub
                0x02029a54                __aeabi_dadd
                0x02029a54                __adddf3
                0x02029d64                __aeabi_ui2d
                0x02029d64                __floatunsidf
                0x02029d88                __floatsidf
                0x02029d88                __aeabi_i2d
                0x02029db0                __extendsfdf2
                0x02029db0                __aeabi_f2d
                0x02029df8                __aeabi_ul2d
                0x02029df8                __floatundidf
                0x02029e0c                __aeabi_l2d
                0x02029e0c                __floatdidf
 .text          0x02029e6c      0x49c /opt/devkitpro/devkitARM/lib/gcc/arm-none-eabi/16.1.0/thumb/libgcc.a(_arm_muldivdf3.o)
                0x02029e6c                __aeabi_dmul
                0x02029e6c                __muldf3
                0x0202a0fc                __aeabi_ddiv
                0x0202a0fc                __divdf3
 .text          0x0202a308      0x144 /opt/devkitpro/devkitARM/lib/gcc/arm-none-eabi/16.1.0/thumb/libgcc.a(_arm_cmpdf2.o)
                0x0202a308                __gedf2
                0x0202a308                __gtdf2
                0x0202a310                __ledf2
                0x0202a310                __ltdf2
                0x0202a318                __cmpdf2
                0x0202a318                __eqdf2
                0x0202a318                __nedf2
                0x0202a3a0                __aeabi_cdrcmple
                0x0202a3bc                __aeabi_cdcmple
                0x0202a3bc                __aeabi_cdcmpeq
                0x0202a3d4                __aeabi_dcmpeq
                0x0202a3ec                __aeabi_dcmplt
                0x0202a404                __aeabi_dcmple
                0x0202a41c                __aeabi_dcmpge
                0x0202a434                __aeabi_dcmpgt
 .text          0x0202a44c       0x38 /opt/devkitpro/devkitARM/lib/gcc/arm-none-eabi/16.1.0/thumb/libgcc.a(_arm_unorddf2.o)
                0x0202a44c                __aeabi_dcmpun
                0x0202a44c                __unorddf2
 .text          0x0202a484       0x5c /opt/devkitpro/devkitARM/lib/gcc/arm-none-eabi/16.1.0/thumb/libgcc.a(_arm_fixdfsi.o)
                0x0202a484                __fixdfsi
                0x0202a484                __aeabi_d2iz
 .text          0x0202a4e0       0x54 /opt/devkitpro/devkitARM/lib/gcc/arm-none-eabi/16.1.0/thumb/libgcc.a(_arm_fixunsdfsi.o)
                0x0202a4e0                __fixunsdfsi
                0x0202a4e0                __aeabi_d2uiz
 .text          0x0202a534       0xa0 /opt/devkitpro/devkitARM/lib/gcc/arm-none-eabi/16.1.0/thumb/libgcc.a(_arm_truncdfsf2.o)
                0x0202a534                __aeabi_d2f
                0x0202a534                __truncdfsf2
 .text.__muldi3
                0x0202a5d4       0x58 /opt/devkitpro/devkitARM/lib/gcc/arm-none-eabi/16.1.0/thumb/libgcc.a(_muldi3.o)
                0x0202a5d4                __aeabi_lmul
                0x0202a5d4                __muldi3
 .text.__fixdfdi
                0x0202a62c       0x3c /opt/devkitpro/devkitARM/lib/gcc/arm-none-eabi/16.1.0/thumb/libgcc.a(_fixdfdi.o)
                0x0202a62c                __aeabi_d2lz
                0x0202a62c                __fixdfdi
 .text.__fixunsdfdi
                0x0202a668       0x40 /opt/devkitpro/devkitARM/lib/gcc/arm-none-eabi/16.1.0/thumb/libgcc.a(_fixunsdfdi.o)
                0x0202a668                __aeabi_d2ulz
                0x0202a668                __fixunsdfdi
 .text.selfrel_offset31
                0x0202a6a8       0x18 /opt/devkitpro/devkitARM/lib/gcc/arm-none-eabi/16.1.0/thumb/libgcc.a(unwind-arm.o)
 .text.search_EIT_table
                0x0202a6c0       0x74 /opt/devkitpro/devkitARM/lib/gcc/arm-none-eabi/16.1.0/thumb/libgcc.a(unwind-arm.o)
 .text.__gnu_unwind_get_pr_addr
                0x0202a734       0x28 /opt/devkitpro/devkitARM/lib/gcc/arm-none-eabi/16.1.0/thumb/libgcc.a(unwind-arm.o)
 .text.get_eit_entry
                0x0202a75c       0x98 /opt/devkitpro/devkitARM/lib/gcc/arm-none-eabi/16.1.0/thumb/libgcc.a(unwind-arm.o)
 .text.restore_non_core_regs
                0x0202a7f4       0x5c /opt/devkitpro/devkitARM/lib/gcc/arm-none-eabi/16.1.0/thumb/libgcc.a(unwind-arm.o)
 .text._Unwind_decode_typeinfo_ptr.constprop.0
                0x0202a850        0xc /opt/devkitpro/devkitARM/lib/gcc/arm-none-eabi/16.1.0/thumb/libgcc.a(unwind-arm.o)
 .text._Unwind_DebugHook
                0x0202a85c        0x4 /opt/devkitpro/devkitARM/lib/gcc/arm-none-eabi/16.1.0/thumb/libgcc.a(unwind-arm.o)
 .text.unwind_phase2
                0x0202a860       0x40 /opt/devkitpro/devkitARM/lib/gcc/arm-none-eabi/16.1.0/thumb/libgcc.a(unwind-arm.o)
 .text.unwind_phase2_forced
                0x0202a8a0       0xe0 /opt/devkitpro/devkitARM/lib/gcc/arm-none-eabi/16.1.0/thumb/libgcc.a(unwind-arm.o)
 .text.__gnu_Unwind_RaiseException
                0x0202a980       0x58 /opt/devkitpro/devkitARM/lib/gcc/arm-none-eabi/16.1.0/thumb/libgcc.a(unwind-arm.o)
                0x0202a980                __gnu_Unwind_RaiseException
 .text.__gnu_Unwind_ForcedUnwind
                0x0202a9d8       0x18 /opt/devkitpro/devkitARM/lib/gcc/arm-none-eabi/16.1.0/thumb/libgcc.a(unwind-arm.o)
                0x0202a9d8                __gnu_Unwind_ForcedUnwind
 .text.__gnu_Unwind_Resume
                0x0202a9f0       0x4c /opt/devkitpro/devkitARM/lib/gcc/arm-none-eabi/16.1.0/thumb/libgcc.a(unwind-arm.o)
                0x0202a9f0                __gnu_Unwind_Resume
 .text.__gnu_Unwind_Resume_or_Rethrow
                0x0202aa3c       0x20 /opt/devkitpro/devkitARM/lib/gcc/arm-none-eabi/16.1.0/thumb/libgcc.a(unwind-arm.o)
                0x0202aa3c                __gnu_Unwind_Resume_or_Rethrow
 .text._Unwind_VRS_Get
                0x0202aa5c       0x44 /opt/devkitpro/devkitARM/lib/gcc/arm-none-eabi/16.1.0/thumb/libgcc.a(unwind-arm.o)
                0x0202aa5c                _Unwind_VRS_Get
 .text._Unwind_GetGR
                0x0202aaa0       0x1c /opt/devkitpro/devkitARM/lib/gcc/arm-none-eabi/16.1.0/thumb/libgcc.a(unwind-arm.o)
 .text._Unwind_VRS_Set